<html>
<body>
<pre>
<h1>µVision Build Log</h1>
<h2>Tool Versions:</h2>
IDE-Version: ¦ÌVision V5.22.0.0
Copyright (C) 2016 ARM Ltd and ARM Germany GmbH. All rights reserved.
License Information: Zhou Heat, huawei, LIC=JL201-CA32W-735M8-36349-HSE49-6YYG1
 
Tool Versions:
Toolchain:       MDK-ARM Plus  Version: 5.22
Toolchain Path:  C:\Keil_v5\ARM\ARMCC\Bin
C Compiler:      Armcc.exe V5.06 update 4 (build 422)
Assembler:       Armasm.exe V5.06 update 4 (build 422)
Linker/Locator:  ArmLink.exe V5.06 update 4 (build 422)
Library Manager: ArmAr.exe V5.06 update 4 (build 422)
Hex Converter:   FromElf.exe V5.06 update 4 (build 422)
CPU DLL:         SARMCM3.DLL V5.22
Dialog DLL:      DCM.DLL V1.13.9.0
Target DLL:      Segger\JL2CM3.dll V2.99.23.0
Dialog DLL:      TCM.DLL V1.21.0.0
 
<h2>Project:</h2>
C:\GitHub\gift\STM32-FD-SDCard-SDIO.uvprojx
Project File Date:  05/07/2017

<h2>Output:</h2>
*** Using Compiler 'V5.06 update 4 (build 422)', folder: 'C:\Keil_v5\ARM\ARMCC\Bin'
Rebuild target 'STM32-SDCard-SDIO'
compiling misc.c...
compiling stm32f10x_gpio.c...
compiling VS1003.c...
compiling stm32f10x_rcc.c...
compiling stm32f10x_it.c...
assembling startup_stm32f10x_hd.s...
compiling main.c...
compiling core_cm3.c...
compiling stm32f10x_usart.c...
compiling stm32f10x_dma.c...
compiling stm32f10x_sdio.c...
compiling stm32f10x_spi.c...
compiling sdio_sdcard.c...
compiling system_stm32f10x.c...
compiling cc936.c...
compiling diskio.c...
compiling ff.c...
linking...
Program Size: Code=14174 RO-data=175654 RW-data=84 ZI-data=6508  
FromELF: creating hex file...
".\Obj\STM32_FD_SDCard_MP3.axf" - 0 Error(s), 0 Warning(s).

<h2>Collection of Component include folders:</h2>
  C:\GitHub\gift\RTE\_STM32-SDCard-SDIO
  C:\Keil_v5\ARM\PACK\Keil\STM32F1xx_DFP\2.1.0\Device\Include

<h2>Collection of Component Files used:</h2>
Build Time Elapsed:  00:00:01
</pre>
</body>
</html>
