Component: ARM Compiler 5.06 update 4 (build 422) Tool: armlink [4d35d2]

==============================================================================

Section Cross References

    stm32f10x_it.o(i.SDIO_IRQHandler) refers to sdio_sdcard.o(i.SD_ProcessIRQSrc) for SD_ProcessIRQSrc
    stm32f10x_it.o(i.SysTick_Handler) refers to main.o(i.TimingDelay_Decrement) for TimingDelay_Decrement
    main.o(i.Delay_us) refers to main.o(.data) for .data
    main.o(i.GPIO_Configuration) refers to stm32f10x_gpio.o(i.GPIO_Init) for GPIO_Init
    main.o(i.KeyToVol) refers to main.o(.data) for .data
    main.o(i.NVIC_Configuration) refers to misc.o(i.NVIC_PriorityGroupConfig) for NVIC_PriorityGroupConfig
    main.o(i.NVIC_Configuration) refers to misc.o(i.NVIC_Init) for NVIC_Init
    main.o(i.Play_Music) refers to rt_memclr_w.o(.text) for __aeabi_memclr4
    main.o(i.Play_Music) refers to main.o(i.KeyInit) for KeyInit
    main.o(i.Play_Music) refers to main.o(i.USART_OUT) for USART_OUT
    main.o(i.Play_Music) refers to diskio.o(i.disk_initialize) for disk_initialize
    main.o(i.Play_Music) refers to vs1003.o(i.VS1003_start) for VS1003_start
    main.o(i.Play_Music) refers to ff.o(i.f_mount) for f_mount
    main.o(i.Play_Music) refers to ff.o(i.f_opendir) for f_opendir
    main.o(i.Play_Music) refers to strstr.o(.text) for strstr
    main.o(i.Play_Music) refers to ff.o(i.f_open) for f_open
    main.o(i.Play_Music) refers to ff.o(i.f_read) for f_read
    main.o(i.Play_Music) refers to main.o(i.Delay_us) for Delay_us
    main.o(i.Play_Music) refers to stm32f10x_gpio.o(i.GPIO_ReadInputDataBit) for GPIO_ReadInputDataBit
    main.o(i.Play_Music) refers to vs1003.o(i.VS1003_WriteByte) for VS1003_WriteByte
    main.o(i.Play_Music) refers to main.o(i.ScanKey) for ScanKey
    main.o(i.Play_Music) refers to main.o(i.KeyToVol) for KeyToVol
    main.o(i.Play_Music) refers to vs1003.o(i.VS1003_SetVol) for VS1003_SetVol
    main.o(i.Play_Music) refers to ff.o(i.f_close) for f_close
    main.o(i.Play_Music) refers to ff.o(i.f_readdir) for f_readdir
    main.o(i.Play_Music) refers to main.o(.bss) for .bss
    main.o(i.Play_Music) refers to main.o(.data) for .data
    main.o(i.RCC_Configuration) refers to system_stm32f10x.o(i.SystemInit) for SystemInit
    main.o(i.RCC_Configuration) refers to stm32f10x_rcc.o(i.RCC_APB2PeriphClockCmd) for RCC_APB2PeriphClockCmd
    main.o(i.SD_TEST) refers to sdio_sdcard.o(i.SD_Init) for SD_Init
    main.o(i.SD_TEST) refers to sdio_sdcard.o(i.SD_GetCardInfo) for SD_GetCardInfo
    main.o(i.SD_TEST) refers to sdio_sdcard.o(i.SD_SelectDeselect) for SD_SelectDeselect
    main.o(i.SD_TEST) refers to sdio_sdcard.o(i.SD_EnableWideBusOperation) for SD_EnableWideBusOperation
    main.o(i.SD_TEST) refers to sdio_sdcard.o(i.SD_SetDeviceMode) for SD_SetDeviceMode
    main.o(i.SD_TEST) refers to sdio_sdcard.o(i.SD_ReadBlock) for SD_ReadBlock
    main.o(i.SD_TEST) refers to main.o(i.USART_OUT) for USART_OUT
    main.o(i.SD_TEST) refers to main.o(.data) for .data
    main.o(i.SD_TEST) refers to main.o(.bss) for .bss
    main.o(i.ScanKey) refers to stm32f10x_gpio.o(i.GPIO_ReadInputDataBit) for GPIO_ReadInputDataBit
    main.o(i.TimingDelay_Decrement) refers to main.o(.data) for .data
    main.o(i.USART_OUT) refers to stm32f10x_usart.o(i.USART_SendData) for USART_SendData
    main.o(i.USART_OUT) refers to stm32f10x_usart.o(i.USART_GetFlagStatus) for USART_GetFlagStatus
    main.o(i.USART_OUT) refers to main.o(i.itoa) for itoa
    main.o(i.Usart1_Init) refers to stm32f10x_gpio.o(i.GPIO_Init) for GPIO_Init
    main.o(i.Usart1_Init) refers to stm32f10x_gpio.o(i.GPIO_ResetBits) for GPIO_ResetBits
    main.o(i.Usart1_Init) refers to stm32f10x_rcc.o(i.RCC_APB2PeriphClockCmd) for RCC_APB2PeriphClockCmd
    main.o(i.Usart1_Init) refers to stm32f10x_usart.o(i.USART_Init) for USART_Init
    main.o(i.Usart1_Init) refers to stm32f10x_usart.o(i.USART_Cmd) for USART_Cmd
    main.o(i.main) refers to main.o(i.RCC_Configuration) for RCC_Configuration
    main.o(i.main) refers to main.o(i.NVIC_Configuration) for NVIC_Configuration
    main.o(i.main) refers to main.o(i.GPIO_Configuration) for GPIO_Configuration
    main.o(i.main) refers to main.o(i.Usart1_Init) for Usart1_Init
    main.o(i.main) refers to vs1003.o(i.SPI_VS1003_Init) for SPI_VS1003_Init
    main.o(i.main) refers to main.o(i.Delay_us) for Delay_us
    main.o(i.main) refers to main.o(i.SD_TEST) for SD_TEST
    main.o(i.main) refers to main.o(i.Play_Music) for Play_Music
    vs1003.o(i.SPI_VS1003_Init) refers to stm32f10x_rcc.o(i.RCC_APB1PeriphClockCmd) for RCC_APB1PeriphClockCmd
    vs1003.o(i.SPI_VS1003_Init) refers to stm32f10x_gpio.o(i.GPIO_Init) for GPIO_Init
    vs1003.o(i.SPI_VS1003_Init) refers to stm32f10x_spi.o(i.SPI_Init) for SPI_Init
    vs1003.o(i.SPI_VS1003_Init) refers to stm32f10x_spi.o(i.SPI_Cmd) for SPI_Cmd
    vs1003.o(i.SPI_VS1003_Init) refers to stm32f10x_gpio.o(i.GPIO_SetBits) for GPIO_SetBits
[...]
    Removing stm32f10x_rcc.o(i.RCC_ClearITPendingBit), (12 bytes).
    Removing stm32f10x_rcc.o(i.RCC_ClockSecuritySystemCmd), (12 bytes).
    Removing stm32f10x_rcc.o(i.RCC_DeInit), (64 bytes).
    Removing stm32f10x_rcc.o(i.RCC_GetFlagStatus), (48 bytes).
    Removing stm32f10x_rcc.o(i.RCC_GetITStatus), (20 bytes).
    Removing stm32f10x_rcc.o(i.RCC_GetSYSCLKSource), (16 bytes).
    Removing stm32f10x_rcc.o(i.RCC_HCLKConfig), (20 bytes).
    Removing stm32f10x_rcc.o(i.RCC_HSEConfig), (52 bytes).
    Removing stm32f10x_rcc.o(i.RCC_HSICmd), (12 bytes).
    Removing stm32f10x_rcc.o(i.RCC_ITConfig), (24 bytes).
    Removing stm32f10x_rcc.o(i.RCC_LSEConfig), (32 bytes).
    Removing stm32f10x_rcc.o(i.RCC_LSICmd), (12 bytes).
    Removing stm32f10x_rcc.o(i.RCC_MCOConfig), (12 bytes).
    Removing stm32f10x_rcc.o(i.RCC_PCLK1Config), (20 bytes).
    Removing stm32f10x_rcc.o(i.RCC_PCLK2Config), (20 bytes).
    Removing stm32f10x_rcc.o(i.RCC_PLLCmd), (12 bytes).
    Removing stm32f10x_rcc.o(i.RCC_PLLConfig), (20 bytes).
    Removing stm32f10x_rcc.o(i.RCC_RTCCLKCmd), (12 bytes).
    Removing stm32f10x_rcc.o(i.RCC_RTCCLKConfig), (16 bytes).
    Removing stm32f10x_rcc.o(i.RCC_SYSCLKConfig), (20 bytes).
    Removing stm32f10x_rcc.o(i.RCC_USBCLKConfig), (12 bytes).
    Removing stm32f10x_rcc.o(i.RCC_WaitForHSEStartUp), (44 bytes).
    Removing stm32f10x_usart.o(i.USART_ClearFlag), (6 bytes).
    Removing stm32f10x_usart.o(i.USART_ClearITPendingBit), (12 bytes).
    Removing stm32f10x_usart.o(i.USART_ClockInit), (30 bytes).
    Removing stm32f10x_usart.o(i.USART_ClockStructInit), (12 bytes).
    Removing stm32f10x_usart.o(i.USART_DMACmd), (16 bytes).
    Removing stm32f10x_usart.o(i.USART_DeInit), (116 bytes).
    Removing stm32f10x_usart.o(i.USART_GetITStatus), (62 bytes).
    Removing stm32f10x_usart.o(i.USART_HalfDuplexCmd), (20 bytes).
    Removing stm32f10x_usart.o(i.USART_ITConfig), (48 bytes).
    Removing stm32f10x_usart.o(i.USART_IrDACmd), (20 bytes).
    Removing stm32f10x_usart.o(i.USART_IrDAConfig), (16 bytes).
    Removing stm32f10x_usart.o(i.USART_LINBreakDetectLengthConfig), (16 bytes).
    Removing stm32f10x_usart.o(i.USART_LINCmd), (20 bytes).
    Removing stm32f10x_usart.o(i.USART_OneBitMethodCmd), (20 bytes).
    Removing stm32f10x_usart.o(i.USART_OverSampling8Cmd), (20 bytes).
    Removing stm32f10x_usart.o(i.USART_ReceiveData), (8 bytes).
    Removing stm32f10x_usart.o(i.USART_ReceiverWakeUpCmd), (20 bytes).
    Removing stm32f10x_usart.o(i.USART_SendBreak), (10 bytes).
    Removing stm32f10x_usart.o(i.USART_SetAddress), (16 bytes).
    Removing stm32f10x_usart.o(i.USART_SetGuardTime), (16 bytes).
    Removing stm32f10x_usart.o(i.USART_SetPrescaler), (16 bytes).
    Removing stm32f10x_usart.o(i.USART_SmartCardCmd), (20 bytes).
    Removing stm32f10x_usart.o(i.USART_SmartCardNACKCmd), (20 bytes).
    Removing stm32f10x_usart.o(i.USART_StructInit), (22 bytes).
    Removing stm32f10x_usart.o(i.USART_WakeUpConfig), (16 bytes).
    Removing stm32f10x_sdio.o(i.SDIO_CEATAITCmd), (16 bytes).
    Removing stm32f10x_sdio.o(i.SDIO_CmdStructInit), (14 bytes).
    Removing stm32f10x_sdio.o(i.SDIO_CommandCompletionCmd), (12 bytes).
    Removing stm32f10x_sdio.o(i.SDIO_DataStructInit), (20 bytes).
    Removing stm32f10x_sdio.o(i.SDIO_GetDataCounter), (12 bytes).
    Removing stm32f10x_sdio.o(i.SDIO_GetFIFOCount), (12 bytes).
    Removing stm32f10x_sdio.o(i.SDIO_SendCEATACmd), (12 bytes).
    Removing stm32f10x_sdio.o(i.SDIO_SendSDIOSuspendCmd), (12 bytes).
    Removing stm32f10x_sdio.o(i.SDIO_SetSDIOOperation), (12 bytes).
    Removing stm32f10x_sdio.o(i.SDIO_SetSDIOReadWaitMode), (12 bytes).
    Removing stm32f10x_sdio.o(i.SDIO_StartSDIOReadWait), (12 bytes).
    Removing stm32f10x_sdio.o(i.SDIO_StopSDIOReadWait), (12 bytes).
    Removing stm32f10x_sdio.o(i.SDIO_StructInit), (16 bytes).
    Removing stm32f10x_dma.o(i.DMA_ClearITPendingBit), (24 bytes).
    Removing stm32f10x_dma.o(i.DMA_DeInit), (228 bytes).
    Removing stm32f10x_dma.o(i.DMA_GetCurrDataCounter), (6 bytes).
    Removing stm32f10x_dma.o(i.DMA_GetITStatus), (32 bytes).
    Removing stm32f10x_dma.o(i.DMA_ITConfig), (16 bytes).
    Removing stm32f10x_dma.o(i.DMA_SetCurrDataCounter), (4 bytes).
    Removing stm32f10x_dma.o(i.DMA_StructInit), (26 bytes).
    Removing stm32f10x_spi.o(i.I2S_Cmd), (20 bytes).
    Removing stm32f10x_spi.o(i.I2S_Init), (152 bytes).
    Removing stm32f10x_spi.o(i.I2S_StructInit), (18 bytes).
    Removing stm32f10x_spi.o(i.SPI_BiDirectionalLineConfig), (22 bytes).
    Removing stm32f10x_spi.o(i.SPI_CalculateCRC), (20 bytes).
    Removing stm32f10x_spi.o(i.SPI_DataSizeConfig), (16 bytes).
    Removing stm32f10x_spi.o(i.SPI_GetCRC), (12 bytes).
    Removing stm32f10x_spi.o(i.SPI_GetCRCPolynomial), (4 bytes).
    Removing stm32f10x_spi.o(i.SPI_I2S_ClearFlag), (6 bytes).
    Removing stm32f10x_spi.o(i.SPI_I2S_ClearITPendingBit), (14 bytes).
    Removing stm32f10x_spi.o(i.SPI_I2S_DMACmd), (16 bytes).
    Removing stm32f10x_spi.o(i.SPI_I2S_DeInit), (84 bytes).
    Removing stm32f10x_spi.o(i.SPI_I2S_GetITStatus), (42 bytes).
    Removing stm32f10x_spi.o(i.SPI_I2S_ITConfig), (24 bytes).
    Removing stm32f10x_spi.o(i.SPI_NSSInternalSoftwareConfig), (24 bytes).
    Removing stm32f10x_spi.o(i.SPI_SSOutputCmd), (20 bytes).
    Removing stm32f10x_spi.o(i.SPI_StructInit), (24 bytes).
    Removing stm32f10x_spi.o(i.SPI_TransmitCRC), (10 bytes).
    Removing core_cm3.o(.emb_text), (32 bytes).
    Removing system_stm32f10x.o(i.SystemCoreClockUpdate), (100 bytes).
    Removing system_stm32f10x.o(.data), (20 bytes).
    Removing ff.o(i.dir_remove), (80 bytes).
    Removing ff.o(i.f_chmod), (84 bytes).
    Removing ff.o(i.f_getfree), (194 bytes).
    Removing ff.o(i.f_lseek), (302 bytes).
    Removing ff.o(i.f_mkdir), (356 bytes).
    Removing ff.o(i.f_rename), (260 bytes).
    Removing ff.o(i.f_stat), (68 bytes).
    Removing ff.o(i.f_truncate), (148 bytes).
    Removing ff.o(i.f_unlink), (168 bytes).
    Removing ff.o(i.f_utime), (88 bytes).
    Removing ff.o(i.f_write), (396 bytes).

140 unused section(s) (total 10118 bytes) removed from the image.

==============================================================================

Image Symbol Table

    Local Symbols

    Symbol Name                              Value     Ov Type        Size  Object(Section)

    ../clib/angel/boardlib.s                 0x00000000   Number         0  boardinit3.o ABSOLUTE
    ../clib/angel/boardlib.s                 0x00000000   Number         0  boardinit1.o ABSOLUTE
    ../clib/angel/boardlib.s                 0x00000000   Number         0  boardinit2.o ABSOLUTE
    ../clib/angel/boardlib.s                 0x00000000   Number         0  boardshut.o ABSOLUTE
    ../clib/angel/handlers.s                 0x00000000   Number         0  __scatter_zi.o ABSOLUTE
    ../clib/angel/handlers.s                 0x00000000   Number         0  __scatter_copy.o ABSOLUTE
    ../clib/angel/kernel.s                   0x00000000   Number         0  __rtentry.o ABSOLUTE
    ../clib/angel/kernel.s                   0x00000000   Number         0  rtexit2.o ABSOLUTE
    ../clib/angel/kernel.s                   0x00000000   Number         0  __rtentry4.o ABSOLUTE
    ../clib/angel/kernel.s                   0x00000000   Number         0  rtexit.o ABSOLUTE
    ../clib/angel/kernel.s                   0x00000000   Number         0  __rtentry2.o ABSOLUTE
    ../clib/angel/rt.s                       0x00000000   Number         0  rt_raise.o ABSOLUTE
    ../clib/angel/scatter.s                  0x00000000   Number         0  __scatter.o ABSOLUTE
    ../clib/angel/startup.s                  0x00000000   Number         0  __main.o ABSOLUTE
    ../clib/angel/sys.s                      0x00000000   Number         0  sys_stackheap_outer.o ABSOLUTE
    ../clib/angel/sys.s                      0x00000000   Number         0  libspace.o ABSOLUTE
    ../clib/angel/sys.s                      0x00000000   Number         0  use_no_semi.o ABSOLUTE
    ../clib/angel/sys.s                      0x00000000   Number         0  indicate_semi.o ABSOLUTE
    ../clib/angel/sysapp.c                   0x00000000   Number         0  sys_exit.o ABSOLUTE
    ../clib/angel/sysapp.c                   0x00000000   Number         0  sys_command.o ABSOLUTE
    ../clib/angel/sysapp.c                   0x00000000   Number         0  sys_wrch.o ABSOLUTE
    ../clib/armsys.c                         0x00000000   Number         0  argv_veneer.o ABSOLUTE
    ../clib/armsys.c                         0x00000000   Number         0  no_argv.o ABSOLUTE
    ../clib/armsys.c                         0x00000000   Number         0  argv_veneer.o ABSOLUTE
    ../clib/armsys.c                         0x00000000   Number         0  _get_argv_nomalloc.o ABSOLUTE
    ../clib/heapalloc.c                      0x00000000   Number         0  hrguard.o ABSOLUTE
    ../clib/heapaux.c                        0x00000000   Number         0  heapauxi.o ABSOLUTE
    ../clib/libinit.s                        0x00000000   Number         0  libshutdown2.o ABSOLUTE
    ../clib/libinit.s                        0x00000000   Number         0  libinit.o ABSOLUTE
    ../clib/libinit.s                        0x00000000   Number         0  libinit2.o ABSOLUTE
    ../clib/libinit.s                        0x00000000   Number         0  libshutdown.o ABSOLUTE
    ../clib/memcpset.s                       0x00000000   Number         0  rt_memclr_w.o ABSOLUTE
    ../clib/signal.c                         0x00000000   Number         0  defsig_rtmem_outer.o ABSOLUTE
    ../clib/signal.c                         0x00000000   Number         0  defsig_rtmem_formal.o ABSOLUTE
    ../clib/signal.c                         0x00000000   Number         0  defsig_cppl_inner.o ABSOLUTE
    ../clib/signal.c                         0x00000000   Number         0  defsig_pvfn_inner.o ABSOLUTE
    ../clib/signal.c                         0x00000000   Number         0  __raise.o ABSOLUTE
    ../clib/signal.c                         0x00000000   Number         0  defsig_other.o ABSOLUTE
    ../clib/signal.c                         0x00000000   Number         0  defsig_segv_inner.o ABSOLUTE
    ../clib/signal.c                         0x00000000   Number         0  defsig_rtmem_inner.o ABSOLUTE
    ../clib/signal.c                         0x00000000   Number         0  defsig_stak_inner.o ABSOLUTE
    ../clib/signal.c                         0x00000000   Number         0  defsig_rtred_inner.o ABSOLUTE
    ../clib/signal.c                         0x00000000   Number         0  defsig_fpe_inner.o ABSOLUTE
    ../clib/signal.c                         0x00000000   Number         0  defsig_abrt_inner.o ABSOLUTE
    ../clib/signal.c                         0x00000000   Number         0  defsig_exit.o ABSOLUTE
    ../clib/signal.c                         0x00000000   Number         0  defsig_general.o ABSOLUTE
    ../clib/signal.s                         0x00000000   Number         0  defsig.o ABSOLUTE
    ../clib/stdlib.c                         0x00000000   Number         0  exit.o ABSOLUTE
    ../clib/string.c                         0x00000000   Number         0  strstr.o ABSOLUTE
    ../fplib/fpinit.s                        0x00000000   Number         0  fpinit.o ABSOLUTE
    CM3\\core_cm3.c                          0x00000000   Number         0  core_cm3.o ABSOLUTE
    CM3\core_cm3.c                           0x00000000   Number         0  core_cm3.o ABSOLUTE
    CM3\system_stm32f10x.c                   0x00000000   Number         0  system_stm32f10x.o ABSOLUTE
    FWlib\SRC\misc.c                         0x00000000   Number         0  misc.o ABSOLUTE
    FWlib\SRC\stm32f10x_dma.c                0x00000000   Number         0  stm32f10x_dma.o ABSOLUTE
    FWlib\SRC\stm32f10x_gpio.c               0x00000000   Number         0  stm32f10x_gpio.o ABSOLUTE
    FWlib\SRC\stm32f10x_rcc.c                0x00000000   Number         0  stm32f10x_rcc.o ABSOLUTE
    FWlib\SRC\stm32f10x_sdio.c               0x00000000   Number         0  stm32f10x_sdio.o ABSOLUTE
    FWlib\SRC\stm32f10x_spi.c                0x00000000   Number         0  stm32f10x_spi.o ABSOLUTE
    FWlib\SRC\stm32f10x_usart.c              0x00000000   Number         0  stm32f10x_usart.o ABSOLUTE
    dc.s                                     0x00000000   Number         0  dc.o ABSOLUTE
    fatfs\diskio.c                           0x00000000   Number         0  diskio.o ABSOLUTE
    fatfs\ff.c                               0x00000000   Number         0  ff.o ABSOLUTE
    fatfs\option\cc936.c                     0x00000000   Number         0  cc936.o ABSOLUTE
    startup\startup_stm32f10x_hd.s           0x00000000   Number         0  startup_stm32f10x_hd.o ABSOLUTE
    user\VS1003.c                            0x00000000   Number         0  vs1003.o ABSOLUTE
    user\main.c                              0x00000000   Number         0  main.o ABSOLUTE
    user\sdio_sdcard.c                       0x00000000   Number         0  sdio_sdcard.o ABSOLUTE
    user\stm32f10x_it.c                      0x00000000   Number         0  stm32f10x_it.o ABSOLUTE
    RESET                                    0x08000000   Section      304  startup_stm32f10x_hd.o(RESET)
    !!!main                                  0x08000130   Section        8  __main.o(!!!main)
    !!!scatter                               0x08000138   Section       52  __scatter.o(!!!scatter)
    !!handler_copy                           0x0800016c   Section       26  __scatter_copy.o(!!handler_copy)
    !!handler_zi                             0x08000188   Section       28  __scatter_zi.o(!!handler_zi)
    .ARM.Collect$$libinit$$00000000          0x080001a4   Section        2  libinit.o(.ARM.Collect$$libinit$$00000000)
    .ARM.Collect$$libinit$$00000002          0x080001a6   Section        0  libinit2.o(.ARM.Collect$$libinit$$00000002)
    .ARM.Collect$$libinit$$00000004          0x080001a6   Section        0  libinit2.o(.ARM.Collect$$libinit$$00000004)
    .ARM.Collect$$libinit$$0000000A          0x080001a6   Section        0  libinit2.o(.ARM.Collect$$libinit$$0000000A)
    .ARM.Collect$$libinit$$0000000C          0x080001a6   Section        0  libinit2.o(.ARM.Collect$$libinit$$0000000C)
    .ARM.Collect$$libinit$$0000000E          0x080001a6   Section        0  libinit2.o(.ARM.Collect$$libinit$$0000000E)
    .ARM.Collect$$libinit$$00000011          0x080001a6   Section        0  libinit2.o(.ARM.Collect$$libinit$$00000011)
    .ARM.Collect$$libinit$$00000013          0x080001a6   Section        0  libinit2.o(.ARM.Collect$$libinit$$00000013)
    .ARM.Collect$$libinit$$00000015          0x080001a6   Section        0  libinit2.o(.ARM.Collect$$libinit$$00000015)
    .ARM.Collect$$libinit$$00000017          0x080001a6   Section        0  libinit2.o(.ARM.Collect$$libinit$$00000017)
    .ARM.Collect$$libinit$$00000019          0x080001a6   Section        0  libinit2.o(.ARM.Collect$$libinit$$00000019)
    .ARM.Collect$$libinit$$0000001B          0x080001a6   Section        0  libinit2.o(.ARM.Collect$$libinit$$0000001B)
    .ARM.Collect$$libinit$$0000001D          0x080001a6   Section        0  libinit2.o(.ARM.Collect$$libinit$$0000001D)
    .ARM.Collect$$libinit$$0000001F          0x080001a6   Section        0  libinit2.o(.ARM.Collect$$libinit$$0000001F)
    .ARM.Collect$$libinit$$00000021          0x080001a6   Section        0  libinit2.o(.ARM.Collect$$libinit$$00000021)
    .ARM.Collect$$libinit$$00000023          0x080001a6   Section        0  libinit2.o(.ARM.Collect$$libinit$$00000023)
    .ARM.Collect$$libinit$$00000025          0x080001a6   Section        0  libinit2.o(.ARM.Collect$$libinit$$00000025)
    .ARM.Collect$$libinit$$0000002C          0x080001a6   Section        0  libinit2.o(.ARM.Collect$$libinit$$0000002C)
    .ARM.Collect$$libinit$$0000002E          0x080001a6   Section        0  libinit2.o(.ARM.Collect$$libinit$$0000002E)
    .ARM.Collect$$libinit$$00000030          0x080001a6   Section        0  libinit2.o(.ARM.Collect$$libinit$$00000030)
    .ARM.Collect$$libinit$$00000032          0x080001a6   Section        0  libinit2.o(.ARM.Collect$$libinit$$00000032)
    .ARM.Collect$$libinit$$00000033          0x080001a6   Section        2  libinit2.o(.ARM.Collect$$libinit$$00000033)
    .ARM.Collect$$libshutdown$$00000000      0x080001a8   Section        2  libshutdown.o(.ARM.Collect$$libshutdown$$00000000)
    .ARM.Collect$$libshutdown$$00000002      0x080001aa   Section        0  libshutdown2.o(.ARM.Collect$$libshutdown$$00000002)
    .ARM.Collect$$libshutdown$$00000004      0x080001aa   Section        0  libshutdown2.o(.ARM.Collect$$libshutdown$$00000004)
    .ARM.Collect$$libshutdown$$00000007      0x080001aa   Section        0  libshutdown2.o(.ARM.Collect$$libshutdown$$00000007)
    .ARM.Collect$$libshutdown$$0000000A      0x080001aa   Section        0  libshutdown2.o(.ARM.Collect$$libshutdown$$0000000A)
    .ARM.Collect$$libshutdown$$0000000C      0x080001aa   Section        0  libshutdown2.o(.ARM.Collect$$libshutdown$$0000000C)
    .ARM.Collect$$libshutdown$$0000000F      0x080001aa   Section        0  libshutdown2.o(.ARM.Collect$$libshutdown$$0000000F)
    .ARM.Collect$$libshutdown$$00000010      0x080001aa   Section        2  libshutdown2.o(.ARM.Collect$$libshutdown$$00000010)
    .ARM.Collect$$rtentry$$00000000          0x080001ac   Section        0  __rtentry.o(.ARM.Collect$$rtentry$$00000000)
    .ARM.Collect$$rtentry$$00000002          0x080001ac   Section        0  __rtentry2.o(.ARM.Collect$$rtentry$$00000002)
    .ARM.Collect$$rtentry$$00000004          0x080001ac   Section        6  __rtentry4.o(.ARM.Collect$$rtentry$$00000004)
    .ARM.Collect$$rtentry$$00000009          0x080001b2   Section        0  __rtentry2.o(.ARM.Collect$$rtentry$$00000009)
    .ARM.Collect$$rtentry$$0000000A          0x080001b2   Section        4  __rtentry2.o(.ARM.Collect$$rtentry$$0000000A)
    .ARM.Collect$$rtentry$$0000000C          0x080001b6   Section        0  __rtentry2.o(.ARM.Collect$$rtentry$$0000000C)
    .ARM.Collect$$rtentry$$0000000D          0x080001b6   Section        8  __rtentry2.o(.ARM.Collect$$rtentry$$0000000D)
    .ARM.Collect$$rtexit$$00000000           0x080001be   Section        2  rtexit.o(.ARM.Collect$$rtexit$$00000000)
    .ARM.Collect$$rtexit$$00000002           0x080001c0   Section        0  rtexit2.o(.ARM.Collect$$rtexit$$00000002)
    .ARM.Collect$$rtexit$$00000003           0x080001c0   Section        4  rtexit2.o(.ARM.Collect$$rtexit$$00000003)
    .ARM.Collect$$rtexit$$00000004           0x080001c4   Section        6  rtexit2.o(.ARM.Collect$$rtexit$$00000004)
    .text                                    0x080001cc   Section       64  startup_stm32f10x_hd.o(.text)
    .text                                    0x0800020c   Section        0  strstr.o(.text)
    .text                                    0x08000230   Section       78  rt_memclr_w.o(.text)
    .text                                    0x0800027e   Section        0  heapauxi.o(.text)
    .text                                    0x08000284   Section       74  sys_stackheap_outer.o(.text)
    .text                                    0x080002ce   Section        0  exit.o(.text)
    .text                                    0x080002e0   Section        8  libspace.o(.text)
    .text                                    0x080002e8   Section        0  sys_exit.o(.text)
    .text                                    0x080002f4   Section        2  use_no_semi.o(.text)
    .text                                    0x080002f6   Section        0  indicate_semi.o(.text)
    i.BusFault_Handler                       0x080002f6   Section        0  stm32f10x_it.o(i.BusFault_Handler)
    i.CmdResp1Error                          0x080002f8   Section        0  sdio_sdcard.o(i.CmdResp1Error)
    CmdResp1Error                            0x080002f9   Thumb Code   224  sdio_sdcard.o(i.CmdResp1Error)
    i.CmdResp2Error                          0x080003e0   Section        0  sdio_sdcard.o(i.CmdResp2Error)
    CmdResp2Error                            0x080003e1   Thumb Code    46  sdio_sdcard.o(i.CmdResp2Error)
    i.CmdResp6Error                          0x08000414   Section        0  sdio_sdcard.o(i.CmdResp6Error)
    CmdResp6Error                            0x08000415   Thumb Code   106  sdio_sdcard.o(i.CmdResp6Error)
    i.DMA_ClearFlag                          0x08000484   Section        0  stm32f10x_dma.o(i.DMA_ClearFlag)
    i.DMA_Cmd                                0x0800049c   Section        0  stm32f10x_dma.o(i.DMA_Cmd)
    i.DMA_GetFlagStatus                      0x080004b4   Section        0  stm32f10x_dma.o(i.DMA_GetFlagStatus)
    i.DMA_Init                               0x080004d4   Section        0  stm32f10x_dma.o(i.DMA_Init)
    i.DebugMon_Handler                       0x0800050e   Section        0  stm32f10x_it.o(i.DebugMon_Handler)
    i.Delay_us                               0x08000510   Section        0  main.o(i.Delay_us)
    i.FindSCR                                0x08000524   Section        0  sdio_sdcard.o(i.FindSCR)
    FindSCR                                  0x08000525   Thumb Code   298  sdio_sdcard.o(i.FindSCR)
    i.GPIO_Configuration                     0x08000660   Section        0  main.o(i.GPIO_Configuration)
    i.GPIO_Init                              0x080006a4   Section        0  stm32f10x_gpio.o(i.GPIO_Init)
    i.GPIO_ReadInputDataBit                  0x08000746   Section        0  stm32f10x_gpio.o(i.GPIO_ReadInputDataBit)
    i.GPIO_ResetBits                         0x08000754   Section        0  stm32f10x_gpio.o(i.GPIO_ResetBits)
    i.GPIO_SetBits                           0x08000758   Section        0  stm32f10x_gpio.o(i.GPIO_SetBits)
    i.HardFault_Handler                      0x0800075c   Section        0  stm32f10x_it.o(i.HardFault_Handler)
    i.IsCardProgramming                      0x08000760   Section        0  sdio_sdcard.o(i.IsCardProgramming)
    IsCardProgramming                        0x08000761   Thumb Code   316  sdio_sdcard.o(i.IsCardProgramming)
    i.KeyInit                                0x080008ac   Section        0  main.o(i.KeyInit)
    i.KeyToVol                               0x080008bc   Section        0  main.o(i.KeyToVol)
    i.MemManage_Handler                      0x080008ec   Section        0  stm32f10x_it.o(i.MemManage_Handler)
    i.NMI_Handler                            0x080008ee   Section        0  stm32f10x_it.o(i.NMI_Handler)
    i.NVIC_Configuration                     0x080008f0   Section        0  main.o(i.NVIC_Configuration)
    i.NVIC_Init                              0x08000918   Section        0  misc.o(i.NVIC_Init)
    i.NVIC_PriorityGroupConfig               0x0800097c   Section        0  misc.o(i.NVIC_PriorityGroupConfig)
    i.PendSV_Handler                         0x08000990   Section        0  stm32f10x_it.o(i.PendSV_Handler)
    i.Play_Music                             0x08000994   Section        0  main.o(i.Play_Music)
    i.RCC_AHBPeriphClockCmd                  0x08000bfc   Section        0  stm32f10x_rcc.o(i.RCC_AHBPeriphClockCmd)
    i.RCC_APB1PeriphClockCmd                 0x08000c14   Section        0  stm32f10x_rcc.o(i.RCC_APB1PeriphClockCmd)
    i.RCC_APB2PeriphClockCmd                 0x08000c2c   Section        0  stm32f10x_rcc.o(i.RCC_APB2PeriphClockCmd)
    i.RCC_Configuration                      0x08000c44   Section        0  main.o(i.RCC_Configuration)
    i.RCC_GetClocksFreq                      0x08000c60   Section        0  stm32f10x_rcc.o(i.RCC_GetClocksFreq)
    i.SDEnWideBus                            0x08000cf0   Section        0  sdio_sdcard.o(i.SDEnWideBus)
    SDEnWideBus                              0x08000cf1   Thumb Code   182  sdio_sdcard.o(i.SDEnWideBus)
    i.SDIO_ClearFlag                         0x08000db0   Section        0  stm32f10x_sdio.o(i.SDIO_ClearFlag)
    i.SDIO_ClearITPendingBit                 0x08000dbc   Section        0  stm32f10x_sdio.o(i.SDIO_ClearITPendingBit)
    i.SDIO_ClockCmd                          0x08000dc8   Section        0  stm32f10x_sdio.o(i.SDIO_ClockCmd)
    i.SDIO_DMACmd                            0x08000dd4   Section        0  stm32f10x_sdio.o(i.SDIO_DMACmd)
    i.SDIO_DataConfig                        0x08000de0   Section        0  stm32f10x_sdio.o(i.SDIO_DataConfig)
    i.SDIO_DeInit                            0x08000e0c   Section        0  stm32f10x_sdio.o(i.SDIO_DeInit)
    i.SDIO_GetCommandResponse                0x08000e30   Section        0  stm32f10x_sdio.o(i.SDIO_GetCommandResponse)
    i.SDIO_GetFlagStatus                     0x08000e3c   Section        0  stm32f10x_sdio.o(i.SDIO_GetFlagStatus)
    i.SDIO_GetITStatus                       0x08000e50   Section        0  stm32f10x_sdio.o(i.SDIO_GetITStatus)
    i.SDIO_GetPowerState                     0x08000e64   Section        0  stm32f10x_sdio.o(i.SDIO_GetPowerState)
    i.SDIO_GetResponse                       0x08000e74   Section        0  stm32f10x_sdio.o(i.SDIO_GetResponse)
    i.SDIO_IRQHandler                        0x08000e84   Section        0  stm32f10x_it.o(i.SDIO_IRQHandler)
    i.SDIO_ITConfig                          0x08000e88   Section        0  stm32f10x_sdio.o(i.SDIO_ITConfig)
    i.SDIO_Init                              0x08000ea0   Section        0  stm32f10x_sdio.o(i.SDIO_Init)
    i.SDIO_ReadData                          0x08000ecc   Section        0  stm32f10x_sdio.o(i.SDIO_ReadData)
    i.SDIO_SendCommand                       0x08000ed8   Section        0  stm32f10x_sdio.o(i.SDIO_SendCommand)
    i.SDIO_SetPowerState                     0x08000f00   Section        0  stm32f10x_sdio.o(i.SDIO_SetPowerState)
    i.SDIO_WriteData                         0x08000f18   Section        0  stm32f10x_sdio.o(i.SDIO_WriteData)
    i.SD_DMAEndOfTransferStatus              0x08000f24   Section        0  sdio_sdcard.o(i.SD_DMAEndOfTransferStatus)
    i.SD_EnableWideBusOperation              0x08000f30   Section        0  sdio_sdcard.o(i.SD_EnableWideBusOperation)
    i.SD_GetCardInfo                         0x08000fa8   Section        0  sdio_sdcard.o(i.SD_GetCardInfo)
    i.SD_Init                                0x080011f0   Section        0  sdio_sdcard.o(i.SD_Init)
    i.SD_InitializeCards                     0x0800125c   Section        0  sdio_sdcard.o(i.SD_InitializeCards)
    i.SD_LowLevel_DMA_RxConfig               0x08001364   Section        0  sdio_sdcard.o(i.SD_LowLevel_DMA_RxConfig)
    i.SD_LowLevel_DMA_TxConfig               0x080013c0   Section        0  sdio_sdcard.o(i.SD_LowLevel_DMA_TxConfig)
    i.SD_LowLevel_Init                       0x08001420   Section        0  sdio_sdcard.o(i.SD_LowLevel_Init)
    i.SD_PowerON                             0x08001488   Section        0  sdio_sdcard.o(i.SD_PowerON)
    i.SD_ProcessIRQSrc                       0x0800162c   Section        0  sdio_sdcard.o(i.SD_ProcessIRQSrc)
    i.SD_ReadBlock                           0x080017c8   Section        0  sdio_sdcard.o(i.SD_ReadBlock)
    i.SD_SelectDeselect                      0x080019d8   Section        0  sdio_sdcard.o(i.SD_SelectDeselect)
    i.SD_SetDeviceMode                       0x08001a04   Section        0  sdio_sdcard.o(i.SD_SetDeviceMode)
    i.SD_StopTransfer                        0x08001a20   Section        0  sdio_sdcard.o(i.SD_StopTransfer)
    i.SD_TEST                                0x08001a48   Section        0  main.o(i.SD_TEST)
    i.SD_WriteBlock                          0x08001ad4   Section        0  sdio_sdcard.o(i.SD_WriteBlock)
    i.SPI_Cmd                                0x08001da0   Section        0  stm32f10x_spi.o(i.SPI_Cmd)
    i.SPI_I2S_GetFlagStatus                  0x08001db4   Section        0  stm32f10x_spi.o(i.SPI_I2S_GetFlagStatus)
    i.SPI_I2S_ReceiveData                    0x08001dc2   Section        0  stm32f10x_spi.o(i.SPI_I2S_ReceiveData)
    i.SPI_I2S_SendData                       0x08001dc6   Section        0  stm32f10x_spi.o(i.SPI_I2S_SendData)
    i.SPI_Init                               0x08001dca   Section        0  stm32f10x_spi.o(i.SPI_Init)
    i.SPI_VS1003_Init                        0x08001e04   Section        0  vs1003.o(i.SPI_VS1003_Init)
    i.SVC_Handler                            0x08001eec   Section        0  stm32f10x_it.o(i.SVC_Handler)
    i.ScanKey                                0x08001eee   Section        0  main.o(i.ScanKey)
    i.SetSysClockTo72                        0x08001f1c   Section        0  system_stm32f10x.o(i.SetSysClockTo72)
    SetSysClockTo72                          0x08001f1d   Thumb Code   160  system_stm32f10x.o(i.SetSysClockTo72)
    i.SysTick_Handler                        0x08001fc4   Section        0  stm32f10x_it.o(i.SysTick_Handler)
    i.SystemInit                             0x08001fc8   Section        0  system_stm32f10x.o(i.SystemInit)
    i.TimingDelay_Decrement                  0x08002018   Section        0  main.o(i.TimingDelay_Decrement)
    i.USART_Cmd                              0x0800202c   Section        0  stm32f10x_usart.o(i.USART_Cmd)
    i.USART_GetFlagStatus                    0x08002040   Section        0  stm32f10x_usart.o(i.USART_GetFlagStatus)
    i.USART_Init                             0x08002050   Section        0  stm32f10x_usart.o(i.USART_Init)
    i.USART_OUT                              0x080020fc   Section        0  main.o(i.USART_OUT)
    i.USART_SendData                         0x080021b0   Section        0  stm32f10x_usart.o(i.USART_SendData)
    i.UsageFault_Handler                     0x080021b8   Section        0  stm32f10x_it.o(i.UsageFault_Handler)
    i.Usart1_Init                            0x080021bc   Section        0  main.o(i.Usart1_Init)
    i.VS1003_SetVol                          0x0800225c   Section        0  vs1003.o(i.VS1003_SetVol)
    i.VS1003_WriteByte                       0x080022a8   Section        0  vs1003.o(i.VS1003_WriteByte)
    i.VS1003_WriteReg                        0x080022dc   Section        0  vs1003.o(i.VS1003_WriteReg)
    i.VS1003_start                           0x08002328   Section        0  vs1003.o(i.VS1003_start)
    i.check_fs                               0x080023b8   Section        0  ff.o(i.check_fs)
    check_fs                                 0x080023b9   Thumb Code    86  ff.o(i.check_fs)
    i.chk_chr                                0x08002414   Section        0  ff.o(i.chk_chr)
    chk_chr                                  0x08002415   Thumb Code    16  ff.o(i.chk_chr)
    i.chk_mounted                            0x08002424   Section        0  ff.o(i.chk_mounted)
    chk_mounted                              0x08002425   Thumb Code   514  ff.o(i.chk_mounted)
    i.clust2sect                             0x08002634   Section        0  ff.o(i.clust2sect)
    i.convert_from_bytes_to_power_of_two     0x0800264c   Section        0  sdio_sdcard.o(i.convert_from_bytes_to_power_of_two)
    convert_from_bytes_to_power_of_two       0x0800264d   Thumb Code    18  sdio_sdcard.o(i.convert_from_bytes_to_power_of_two)
    i.create_chain                           0x0800265e   Section        0  ff.o(i.create_chain)
    create_chain                             0x0800265f   Thumb Code   150  ff.o(i.create_chain)
    i.create_name                            0x080026f4   Section        0  ff.o(i.create_name)
    create_name                              0x080026f5   Thumb Code   558  ff.o(i.create_name)
    i.dir_find                               0x08002938   Section        0  ff.o(i.dir_find)
    dir_find                                 0x08002939   Thumb Code   302  ff.o(i.dir_find)
    i.dir_next                               0x08002a6c   Section        0  ff.o(i.dir_next)
    dir_next                                 0x08002a6d   Thumb Code   238  ff.o(i.dir_next)
    i.dir_read                               0x08002b5c   Section        0  ff.o(i.dir_read)
    dir_read                                 0x08002b5d   Thumb Code   236  ff.o(i.dir_read)
    i.dir_register                           0x08002c4c   Section        0  ff.o(i.dir_register)
    dir_register                             0x08002c4d   Thumb Code   424  ff.o(i.dir_register)
    i.dir_sdi                                0x08002df8   Section        0  ff.o(i.dir_sdi)
    dir_sdi                                  0x08002df9   Thumb Code   126  ff.o(i.dir_sdi)
    i.disk_initialize                        0x08002e76   Section        0  diskio.o(i.disk_initialize)
    i.disk_ioctl                             0x08002e7a   Section        0  diskio.o(i.disk_ioctl)
    i.disk_read                              0x08002e7e   Section        0  diskio.o(i.disk_read)
    i.disk_status                            0x08002e92   Section        0  diskio.o(i.disk_status)
    i.disk_write                             0x08002e96   Section        0  diskio.o(i.disk_write)
    i.f_close                                0x08002eaa   Section        0  ff.o(i.f_close)
    i.f_mount                                0x08002ebc   Section        0  ff.o(i.f_mount)
    i.f_open                                 0x08002edc   Section        0  ff.o(i.f_open)
    i.f_opendir                              0x0800301c   Section        0  ff.o(i.f_opendir)
    i.f_read                                 0x08003080   Section        0  ff.o(i.f_read)
    i.f_readdir                              0x080031d0   Section        0  ff.o(i.f_readdir)
    i.f_sync                                 0x08003224   Section        0  ff.o(i.f_sync)
    i.ff_convert                             0x080032bc   Section        0  cc936.o(i.ff_convert)
    i.ff_wtoupper                            0x08003308   Section        0  cc936.o(i.ff_wtoupper)
    i.follow_path                            0x0800332c   Section        0  ff.o(i.follow_path)
    follow_path                              0x0800332d   Thumb Code   102  ff.o(i.follow_path)
    i.gen_numname                            0x08003394   Section        0  ff.o(i.gen_numname)
    i.get_fat                                0x0800340c   Section        0  ff.o(i.get_fat)
    i.get_fattime                            0x080034c4   Section        0  diskio.o(i.get_fattime)
    i.get_fileinfo                           0x080034c8   Section        0  ff.o(i.get_fileinfo)
    get_fileinfo                             0x080034c9   Thumb Code   218  ff.o(i.get_fileinfo)
    i.itoa                                   0x080035a4   Section        0  main.o(i.itoa)
    i.ld_clust                               0x08003602   Section        0  ff.o(i.ld_clust)
    ld_clust                                 0x08003603   Thumb Code    18  ff.o(i.ld_clust)
    i.main                                   0x08003614   Section        0  main.o(i.main)
    i.mem_cpy                                0x0800365c   Section        0  ff.o(i.mem_cpy)
    mem_cpy                                  0x0800365d   Thumb Code    18  ff.o(i.mem_cpy)
    i.mem_set                                0x0800366e   Section        0  ff.o(i.mem_set)
    mem_set                                  0x0800366f   Thumb Code    14  ff.o(i.mem_set)
    i.move_window                            0x0800367c   Section        0  ff.o(i.move_window)
    move_window                              0x0800367d   Thumb Code   106  ff.o(i.move_window)
    i.put_fat                                0x080036e8   Section        0  ff.o(i.put_fat)
    i.remove_chain                           0x080037e2   Section        0  ff.o(i.remove_chain)
    remove_chain                             0x080037e3   Thumb Code    98  ff.o(i.remove_chain)
    i.st_clust                               0x08003844   Section        0  ff.o(i.st_clust)
    st_clust                                 0x08003845   Thumb Code    16  ff.o(i.st_clust)
    i.sum_sfn                                0x08003854   Section        0  ff.o(i.sum_sfn)
    sum_sfn                                  0x08003855   Thumb Code    26  ff.o(i.sum_sfn)
    i.sync                                   0x0800386e   Section        0  ff.o(i.sync)
    sync                                     0x0800386f   Thumb Code   184  ff.o(i.sync)
    i.validate                               0x08003926   Section        0  ff.o(i.validate)
    validate                                 0x08003927   Thumb Code    36  ff.o(i.validate)
    .constdata                               0x0800394a   Section       13  ff.o(.constdata)
    LfnOfs                                   0x0800394a   Data          13  ff.o(.constdata)
    .constdata                               0x08003958   Section    175304  cc936.o(.constdata)
    uni2oem                                  0x08003958   Data       87172  cc936.o(.constdata)
    oem2uni                                  0x08018ddc   Data       87172  cc936.o(.constdata)
    tbl_lower                                0x0802e260   Data         480  cc936.o(.constdata)
    tbl_upper                                0x0802e440   Data         480  cc936.o(.constdata)
    .data                                    0x20000000   Section       16  main.o(.data)
    .data                                    0x20000010   Section        2  vs1003.o(.data)
    .data                                    0x20000014   Section       40  sdio_sdcard.o(.data)
    CardType                                 0x20000018   Data           4  sdio_sdcard.o(.data)
    RCA                                      0x2000001c   Data           4  sdio_sdcard.o(.data)
    DeviceMode                               0x20000020   Data           4  sdio_sdcard.o(.data)
    TotalNumberOfBytes                       0x20000024   Data           4  sdio_sdcard.o(.data)
    StopCondition                            0x20000028   Data           4  sdio_sdcard.o(.data)
    .data                                    0x2000003c   Section       20  stm32f10x_rcc.o(.data)
    ADCPrescTable                            0x2000003c   Data           4  stm32f10x_rcc.o(.data)
    APBAHBPrescTable                         0x20000040   Data          16  stm32f10x_rcc.o(.data)
    .data                                    0x20000050   Section        8  ff.o(.data)
    Fsid                                     0x20000050   Data           2  ff.o(.data)
    FatFs                                    0x20000054   Data           4  ff.o(.data)
    .bss                                     0x20000058   Section     4260  main.o(.bss)
    lfn                                      0x20000058   Data         511  main.o(.bss)
    .bss                                     0x200010fc   Section      100  sdio_sdcard.o(.bss)
    CSD_Tab                                  0x200010fc   Data          16  sdio_sdcard.o(.bss)
    CID_Tab                                  0x2000110c   Data          16  sdio_sdcard.o(.bss)
    .bss                                     0x20001160   Section      512  ff.o(.bss)
    LfnBuf                                   0x20001160   Data         512  ff.o(.bss)
    .bss                                     0x20001360   Section       96  libspace.o(.bss)
    HEAP                                     0x200013c0   Section      512  startup_stm32f10x_hd.o(HEAP)
    Heap_Mem                                 0x200013c0   Data         512  startup_stm32f10x_hd.o(HEAP)
    STACK                                    0x200015c0   Section     1024  startup_stm32f10x_hd.o(STACK)
    Stack_Mem                                0x200015c0   Data        1024  startup_stm32f10x_hd.o(STACK)
    __initial_sp                             0x200019c0   Data           0  startup_stm32f10x_hd.o(STACK)

    Global Symbols

    Symbol Name                              Value     Ov Type        Size  Object(Section)

    BuildAttributes$$THM_ISAv4$P$D$K$B$S$PE$A:L22UL41UL21$X:L11$S22US41US21$IEEE1$IW$USESV6$~STKCKD$USESV7$~SHL$OSPACE$ROPI$EBA8$UX$STANDARDLIB$REQ8$PRES8$EABIv2 0x00000000   Number         0  anon$$obj.o ABSOLUTE
    __ARM_use_no_argv                        0x00000000   Number         0  main.o ABSOLUTE
    __ARM_exceptions_init                     - Undefined Weak Reference
    __alloca_initialize                       - Undefined Weak Reference
    __arm_preinit_                            - Undefined Weak Reference
    __cpp_initialize__aeabi_                  - Undefined Weak Reference
    __cxa_finalize                            - Undefined Weak Reference
    __rt_locale                               - Undefined Weak Reference
    __sigvec_lookup                           - Undefined Weak Reference
    _atexit_init                              - Undefined Weak Reference
    _call_atexit_fns                          - Undefined Weak Reference
    _clock_init                               - Undefined Weak Reference
    _fp_trap_init                             - Undefined Weak Reference
    _fp_trap_shutdown                         - Undefined Weak Reference
    _get_lc_collate                           - Undefined Weak Reference
    _get_lc_ctype                             - Undefined Weak Reference
    _get_lc_monetary                          - Undefined Weak Reference
    _get_lc_numeric                           - Undefined Weak Reference
    _get_lc_time                              - Undefined Weak Reference
    _getenv_init                              - Undefined Weak Reference
    _handle_redirection                       - Undefined Weak Reference
    _init_alloc                               - Undefined Weak Reference
    _init_user_alloc                          - Undefined Weak Reference
    _initio                                   - Undefined Weak Reference
    _rand_init                                - Undefined Weak Reference
    _signal_finish                            - Undefined Weak Reference
    _signal_init                              - Undefined Weak Reference
    _terminate_alloc                          - Undefined Weak Reference
    _terminate_user_alloc                     - Undefined Weak Reference
    _terminateio                              - Undefined Weak Reference
    __Vectors_Size                           0x00000130   Number         0  startup_stm32f10x_hd.o ABSOLUTE
    __Vectors                                0x08000000   Data           4  startup_stm32f10x_hd.o(RESET)
    __Vectors_End                            0x08000130   Data           0  startup_stm32f10x_hd.o(RESET)
    __main                                   0x08000131   Thumb Code     8  __main.o(!!!main)
    __scatterload                            0x08000139   Thumb Code     0  __scatter.o(!!!scatter)
    __scatterload_rt2                        0x08000139   Thumb Code    44  __scatter.o(!!!scatter)
    __scatterload_rt2_thumb_only             0x08000139   Thumb Code     0  __scatter.o(!!!scatter)
    __scatterload_null                       0x08000147   Thumb Code     0  __scatter.o(!!!scatter)
    __scatterload_copy                       0x0800016d   Thumb Code    26  __scatter_copy.o(!!handler_copy)
    __scatterload_zeroinit                   0x08000189   Thumb Code    28  __scatter_zi.o(!!handler_zi)
    __rt_lib_init                            0x080001a5   Thumb Code     0  libinit.o(.ARM.Collect$$libinit$$00000000)
    __rt_lib_init_alloca_1                   0x080001a7   Thumb Code     0  libinit2.o(.ARM.Collect$$libinit$$0000002E)
    __rt_lib_init_argv_1                     0x080001a7   Thumb Code     0  libinit2.o(.ARM.Collect$$libinit$$0000002C)
    __rt_lib_init_atexit_1                   0x080001a7   Thumb Code     0  libinit2.o(.ARM.Collect$$libinit$$0000001B)
    __rt_lib_init_clock_1                    0x080001a7   Thumb Code     0  libinit2.o(.ARM.Collect$$libinit$$00000021)
    __rt_lib_init_cpp_1                      0x080001a7   Thumb Code     0  libinit2.o(.ARM.Collect$$libinit$$00000032)
    __rt_lib_init_exceptions_1               0x080001a7   Thumb Code     0  libinit2.o(.ARM.Collect$$libinit$$00000030)
    __rt_lib_init_fp_1                       0x080001a7   Thumb Code     0  libinit2.o(.ARM.Collect$$libinit$$00000002)
    __rt_lib_init_fp_trap_1                  0x080001a7   Thumb Code     0  libinit2.o(.ARM.Collect$$libinit$$0000001F)
    __rt_lib_init_getenv_1                   0x080001a7   Thumb Code     0  libinit2.o(.ARM.Collect$$libinit$$00000023)
    __rt_lib_init_heap_1                     0x080001a7   Thumb Code     0  libinit2.o(.ARM.Collect$$libinit$$0000000A)
    __rt_lib_init_lc_collate_1               0x080001a7   Thumb Code     0  libinit2.o(.ARM.Collect$$libinit$$00000011)
    __rt_lib_init_lc_ctype_1                 0x080001a7   Thumb Code     0  libinit2.o(.ARM.Collect$$libinit$$00000013)
    __rt_lib_init_lc_monetary_1              0x080001a7   Thumb Code     0  libinit2.o(.ARM.Collect$$libinit$$00000015)
    __rt_lib_init_lc_numeric_1               0x080001a7   Thumb Code     0  libinit2.o(.ARM.Collect$$libinit$$00000017)
    __rt_lib_init_lc_time_1                  0x080001a7   Thumb Code     0  libinit2.o(.ARM.Collect$$libinit$$00000019)
    __rt_lib_init_preinit_1                  0x080001a7   Thumb Code     0  libinit2.o(.ARM.Collect$$libinit$$00000004)
    __rt_lib_init_rand_1                     0x080001a7   Thumb Code     0  libinit2.o(.ARM.Collect$$libinit$$0000000E)
    __rt_lib_init_return                     0x080001a7   Thumb Code     0  libinit2.o(.ARM.Collect$$libinit$$00000033)
    __rt_lib_init_signal_1                   0x080001a7   Thumb Code     0  libinit2.o(.ARM.Collect$$libinit$$0000001D)
    __rt_lib_init_stdio_1                    0x080001a7   Thumb Code     0  libinit2.o(.ARM.Collect$$libinit$$00000025)
    __rt_lib_init_user_alloc_1               0x080001a7   Thumb Code     0  libinit2.o(.ARM.Collect$$libinit$$0000000C)
    __rt_lib_shutdown                        0x080001a9   Thumb Code     0  libshutdown.o(.ARM.Collect$$libshutdown$$00000000)
    __rt_lib_shutdown_cpp_1                  0x080001ab   Thumb Code     0  libshutdown2.o(.ARM.Collect$$libshutdown$$00000002)
    __rt_lib_shutdown_fp_trap_1              0x080001ab   Thumb Code     0  libshutdown2.o(.ARM.Collect$$libshutdown$$00000007)
    __rt_lib_shutdown_heap_1                 0x080001ab   Thumb Code     0  libshutdown2.o(.ARM.Collect$$libshutdown$$0000000F)
    __rt_lib_shutdown_return                 0x080001ab   Thumb Code     0  libshutdown2.o(.ARM.Collect$$libshutdown$$00000010)
    __rt_lib_shutdown_signal_1               0x080001ab   Thumb Code     0  libshutdown2.o(.ARM.Collect$$libshutdown$$0000000A)
    __rt_lib_shutdown_stdio_1                0x080001ab   Thumb Code     0  libshutdown2.o(.ARM.Collect$$libshutdown$$00000004)
    __rt_lib_shutdown_user_alloc_1           0x080001ab   Thumb Code     0  libshutdown2.o(.ARM.Collect$$libshutdown$$0000000C)
    __rt_entry                               0x080001ad   Thumb Code     0  __rtentry.o(.ARM.Collect$$rtentry$$00000000)
    __rt_entry_presh_1                       0x080001ad   Thumb Code     0  __rtentry2.o(.ARM.Collect$$rtentry$$00000002)
    __rt_entry_sh                            0x080001ad   Thumb Code     0  __rtentry4.o(.ARM.Collect$$rtentry$$00000004)
    __rt_entry_li                            0x080001b3   Thumb Code     0  __rtentry2.o(.ARM.Collect$$rtentry$$0000000A)
    __rt_entry_postsh_1                      0x080001b3   Thumb Code     0  __rtentry2.o(.ARM.Collect$$rtentry$$00000009)
    __rt_entry_main                          0x080001b7   Thumb Code     0  __rtentry2.o(.ARM.Collect$$rtentry$$0000000D)
    __rt_entry_postli_1                      0x080001b7   Thumb Code     0  __rtentry2.o(.ARM.Collect$$rtentry$$0000000C)
    __rt_exit                                0x080001bf   Thumb Code     0  rtexit.o(.ARM.Collect$$rtexit$$00000000)
    __rt_exit_ls                             0x080001c1   Thumb Code     0  rtexit2.o(.ARM.Collect$$rtexit$$00000003)
    __rt_exit_prels_1                        0x080001c1   Thumb Code     0  rtexit2.o(.ARM.Collect$$rtexit$$00000002)
    __rt_exit_exit                           0x080001c5   Thumb Code     0  rtexit2.o(.ARM.Collect$$rtexit$$00000004)
    Reset_Handler                            0x080001cd   Thumb Code     8  startup_stm32f10x_hd.o(.text)
    ADC1_2_IRQHandler                        0x080001e7   Thumb Code     0  startup_stm32f10x_hd.o(.text)
    ADC3_IRQHandler                          0x080001e7   Thumb Code     0  startup_stm32f10x_hd.o(.text)
    CAN1_RX1_IRQHandler                      0x080001e7   Thumb Code     0  startup_stm32f10x_hd.o(.text)
    CAN1_SCE_IRQHandler                      0x080001e7   Thumb Code     0  startup_stm32f10x_hd.o(.text)
    DMA1_Channel1_IRQHandler                 0x080001e7   Thumb Code     0  startup_stm32f10x_hd.o(.text)
    DMA1_Channel2_IRQHandler                 0x080001e7   Thumb Code     0  startup_stm32f10x_hd.o(.text)
    DMA1_Channel3_IRQHandler                 0x080001e7   Thumb Code     0  startup_stm32f10x_hd.o(.text)
    DMA1_Channel4_IRQHandler                 0x080001e7   Thumb Code     0  startup_stm32f10x_hd.o(.text)
    DMA1_Channel5_IRQHandler                 0x080001e7   Thumb Code     0  startup_stm32f10x_hd.o(.text)
    DMA1_Channel6_IRQHandler                 0x080001e7   Thumb Code     0  startup_stm32f10x_hd.o(.text)
    DMA1_Channel7_IRQHandler                 0x080001e7   Thumb Code     0  startup_stm32f10x_hd.o(.text)
    DMA2_Channel1_IRQHandler                 0x080001e7   Thumb Code     0  startup_stm32f10x_hd.o(.text)
    DMA2_Channel2_IRQHandler                 0x080001e7   Thumb Code     0  startup_stm32f10x_hd.o(.text)
    DMA2_Channel3_IRQHandler                 0x080001e7   Thumb Code     0  startup_stm32f10x_hd.o(.text)
    DMA2_Channel4_5_IRQHandler               0x080001e7   Thumb Code     0  startup_stm32f10x_hd.o(.text)
    EXTI0_IRQHandler                         0x080001e7   Thumb Code     0  startup_stm32f10x_hd.o(.text)
    EXTI15_10_IRQHandler                     0x080001e7   Thumb Code     0  startup_stm32f10x_hd.o(.text)
    EXTI1_IRQHandler                         0x080001e7   Thumb Code     0  startup_stm32f10x_hd.o(.text)
    EXTI2_IRQHandler                         0x080001e7   Thumb Code     0  startup_stm32f10x_hd.o(.text)
    EXTI3_IRQHandler                         0x080001e7   Thumb Code     0  startup_stm32f10x_hd.o(.text)
    EXTI4_IRQHandler                         0x080001e7   Thumb Code     0  startup_stm32f10x_hd.o(.text)
    EXTI9_5_IRQHandler                       0x080001e7   Thumb Code     0  startup_stm32f10x_hd.o(.text)
    FLASH_IRQHandler                         0x080001e7   Thumb Code     0  startup_stm32f10x_hd.o(.text)
    FSMC_IRQHandler                          0x080001e7   Thumb Code     0  startup_stm32f10x_hd.o(.text)
    I2C1_ER_IRQHandler                       0x080001e7   Thumb Code     0  startup_stm32f10x_hd.o(.text)
    I2C1_EV_IRQHandler                       0x080001e7   Thumb Code     0  startup_stm32f10x_hd.o(.text)
    I2C2_ER_IRQHandler                       0x080001e7   Thumb Code     0  startup_stm32f10x_hd.o(.text)
    I2C2_EV_IRQHandler                       0x080001e7   Thumb Code     0  startup_stm32f10x_hd.o(.text)
    PVD_IRQHandler                           0x080001e7   Thumb Code     0  startup_stm32f10x_hd.o(.text)
    RCC_IRQHandler                           0x080001e7   Thumb Code     0  startup_stm32f10x_hd.o(.text)
    RTCAlarm_IRQHandler                      0x080001e7   Thumb Code     0  startup_stm32f10x_hd.o(.text)
    RTC_IRQHandler                           0x080001e7   Thumb Code     0  startup_stm32f10x_hd.o(.text)
    SPI1_IRQHandler                          0x080001e7   Thumb Code     0  startup_stm32f10x_hd.o(.text)
    SPI2_IRQHandler                          0x080001e7   Thumb Code     0  startup_stm32f10x_hd.o(.text)
    SPI3_IRQHandler                          0x080001e7   Thumb Code     0  startup_stm32f10x_hd.o(.text)
    TAMPER_IRQHandler                        0x080001e7   Thumb Code     0  startup_stm32f10x_hd.o(.text)
    TIM1_BRK_IRQHandler                      0x080001e7   Thumb Code     0  startup_stm32f10x_hd.o(.text)
    TIM1_CC_IRQHandler                       0x080001e7   Thumb Code     0  startup_stm32f10x_hd.o(.text)
    TIM1_TRG_COM_IRQHandler                  0x080001e7   Thumb Code     0  startup_stm32f10x_hd.o(.text)
    TIM1_UP_IRQHandler                       0x080001e7   Thumb Code     0  startup_stm32f10x_hd.o(.text)
    TIM2_IRQHandler                          0x080001e7   Thumb Code     0  startup_stm32f10x_hd.o(.text)
    TIM3_IRQHandler                          0x080001e7   Thumb Code     0  startup_stm32f10x_hd.o(.text)
    TIM4_IRQHandler                          0x080001e7   Thumb Code     0  startup_stm32f10x_hd.o(.text)
    TIM5_IRQHandler                          0x080001e7   Thumb Code     0  startup_stm32f10x_hd.o(.text)
    TIM6_IRQHandler                          0x080001e7   Thumb Code     0  startup_stm32f10x_hd.o(.text)
    TIM7_IRQHandler                          0x080001e7   Thumb Code     0  startup_stm32f10x_hd.o(.text)
    TIM8_BRK_IRQHandler                      0x080001e7   Thumb Code     0  startup_stm32f10x_hd.o(.text)
    TIM8_CC_IRQHandler                       0x080001e7   Thumb Code     0  startup_stm32f10x_hd.o(.text)
    TIM8_TRG_COM_IRQHandler                  0x080001e7   Thumb Code     0  startup_stm32f10x_hd.o(.text)
    TIM8_UP_IRQHandler                       0x080001e7   Thumb Code     0  startup_stm32f10x_hd.o(.text)
    UART4_IRQHandler                         0x080001e7   Thumb Code     0  startup_stm32f10x_hd.o(.text)
    UART5_IRQHandler                         0x080001e7   Thumb Code     0  startup_stm32f10x_hd.o(.text)
    USART1_IRQHandler                        0x080001e7   Thumb Code     0  startup_stm32f10x_hd.o(.text)
    USART2_IRQHandler                        0x080001e7   Thumb Code     0  startup_stm32f10x_hd.o(.text)
    USART3_IRQHandler                        0x080001e7   Thumb Code     0  startup_stm32f10x_hd.o(.text)
    USBWakeUp_IRQHandler                     0x080001e7   Thumb Code     0  startup_stm32f10x_hd.o(.text)
    USB_HP_CAN1_TX_IRQHandler                0x080001e7   Thumb Code     0  startup_stm32f10x_hd.o(.text)
    USB_LP_CAN1_RX0_IRQHandler               0x080001e7   Thumb Code     0  startup_stm32f10x_hd.o(.text)
    WWDG_IRQHandler                          0x080001e7   Thumb Code     0  startup_stm32f10x_hd.o(.text)
    __user_initial_stackheap                 0x080001e9   Thumb Code     0  startup_stm32f10x_hd.o(.text)
    strstr                                   0x0800020d   Thumb Code    36  strstr.o(.text)
    __aeabi_memclr4                          0x08000231   Thumb Code     0  rt_memclr_w.o(.text)
    __aeabi_memclr8                          0x08000231   Thumb Code     0  rt_memclr_w.o(.text)
    __rt_memclr_w                            0x08000231   Thumb Code    78  rt_memclr_w.o(.text)
    _memset_w                                0x08000235   Thumb Code     0  rt_memclr_w.o(.text)
    __use_two_region_memory                  0x0800027f   Thumb Code     2  heapauxi.o(.text)
    __rt_heap_escrow$2region                 0x08000281   Thumb Code     2  heapauxi.o(.text)
    __rt_heap_expand$2region                 0x08000283   Thumb Code     2  heapauxi.o(.text)
    __user_setup_stackheap                   0x08000285   Thumb Code    74  sys_stackheap_outer.o(.text)
    exit                                     0x080002cf   Thumb Code    18  exit.o(.text)
    __user_libspace                          0x080002e1   Thumb Code     8  libspace.o(.text)
    __user_perproc_libspace                  0x080002e1   Thumb Code     0  libspace.o(.text)
    __user_perthread_libspace                0x080002e1   Thumb Code     0  libspace.o(.text)
    _sys_exit                                0x080002e9   Thumb Code     8  sys_exit.o(.text)
    __I$use$semihosting                      0x080002f5   Thumb Code     0  use_no_semi.o(.text)
    __use_no_semihosting_swi                 0x080002f5   Thumb Code     2  use_no_semi.o(.text)
    BusFault_Handler                         0x080002f7   Thumb Code     2  stm32f10x_it.o(i.BusFault_Handler)
    __semihosting_library_function           0x080002f7   Thumb Code     0  indicate_semi.o(.text)
    DMA_ClearFlag                            0x08000485   Thumb Code    16  stm32f10x_dma.o(i.DMA_ClearFlag)
    DMA_Cmd                                  0x0800049d   Thumb Code    22  stm32f10x_dma.o(i.DMA_Cmd)
    DMA_GetFlagStatus                        0x080004b5   Thumb Code    24  stm32f10x_dma.o(i.DMA_GetFlagStatus)
    DMA_Init                                 0x080004d5   Thumb Code    58  stm32f10x_dma.o(i.DMA_Init)
    DebugMon_Handler                         0x0800050f   Thumb Code     2  stm32f10x_it.o(i.DebugMon_Handler)
    Delay_us                                 0x08000511   Thumb Code    16  main.o(i.Delay_us)
    GPIO_Configuration                       0x08000661   Thumb Code    62  main.o(i.GPIO_Configuration)
    GPIO_Init                                0x080006a5   Thumb Code   162  stm32f10x_gpio.o(i.GPIO_Init)
    GPIO_ReadInputDataBit                    0x08000747   Thumb Code    14  stm32f10x_gpio.o(i.GPIO_ReadInputDataBit)
    GPIO_ResetBits                           0x08000755   Thumb Code     4  stm32f10x_gpio.o(i.GPIO_ResetBits)
    GPIO_SetBits                             0x08000759   Thumb Code     4  stm32f10x_gpio.o(i.GPIO_SetBits)
    HardFault_Handler                        0x0800075d   Thumb Code     2  stm32f10x_it.o(i.HardFault_Handler)
    KeyInit                                  0x080008ad   Thumb Code    16  main.o(i.KeyInit)
    KeyToVol                                 0x080008bd   Thumb Code    42  main.o(i.KeyToVol)
    MemManage_Handler                        0x080008ed   Thumb Code     2  stm32f10x_it.o(i.MemManage_Handler)
    NMI_Handler                              0x080008ef   Thumb Code     2  stm32f10x_it.o(i.NMI_Handler)
    NVIC_Configuration                       0x080008f1   Thumb Code    40  main.o(i.NVIC_Configuration)
    NVIC_Init                                0x08000919   Thumb Code    94  misc.o(i.NVIC_Init)
    NVIC_PriorityGroupConfig                 0x0800097d   Thumb Code    10  misc.o(i.NVIC_PriorityGroupConfig)
    PendSV_Handler                           0x08000991   Thumb Code     2  stm32f10x_it.o(i.PendSV_Handler)
    Play_Music                               0x08000995   Thumb Code   478  main.o(i.Play_Music)
    RCC_AHBPeriphClockCmd                    0x08000bfd   Thumb Code    18  stm32f10x_rcc.o(i.RCC_AHBPeriphClockCmd)
    RCC_APB1PeriphClockCmd                   0x08000c15   Thumb Code    18  stm32f10x_rcc.o(i.RCC_APB1PeriphClockCmd)
    RCC_APB2PeriphClockCmd                   0x08000c2d   Thumb Code    18  stm32f10x_rcc.o(i.RCC_APB2PeriphClockCmd)
    RCC_Configuration                        0x08000c45   Thumb Code    26  main.o(i.RCC_Configuration)
    RCC_GetClocksFreq                        0x08000c61   Thumb Code   128  stm32f10x_rcc.o(i.RCC_GetClocksFreq)
    SDIO_ClearFlag                           0x08000db1   Thumb Code     6  stm32f10x_sdio.o(i.SDIO_ClearFlag)
    SDIO_ClearITPendingBit                   0x08000dbd   Thumb Code     6  stm32f10x_sdio.o(i.SDIO_ClearITPendingBit)
    SDIO_ClockCmd                            0x08000dc9   Thumb Code     8  stm32f10x_sdio.o(i.SDIO_ClockCmd)
    SDIO_DMACmd                              0x08000dd5   Thumb Code     6  stm32f10x_sdio.o(i.SDIO_DMACmd)
    SDIO_DataConfig                          0x08000de1   Thumb Code    38  stm32f10x_sdio.o(i.SDIO_DataConfig)
    SDIO_DeInit                              0x08000e0d   Thumb Code    26  stm32f10x_sdio.o(i.SDIO_DeInit)
    SDIO_GetCommandResponse                  0x08000e31   Thumb Code     8  stm32f10x_sdio.o(i.SDIO_GetCommandResponse)
    SDIO_GetFlagStatus                       0x08000e3d   Thumb Code    16  stm32f10x_sdio.o(i.SDIO_GetFlagStatus)
    SDIO_GetITStatus                         0x08000e51   Thumb Code    16  stm32f10x_sdio.o(i.SDIO_GetITStatus)
    SDIO_GetPowerState                       0x08000e65   Thumb Code    10  stm32f10x_sdio.o(i.SDIO_GetPowerState)
    SDIO_GetResponse                         0x08000e75   Thumb Code    12  stm32f10x_sdio.o(i.SDIO_GetResponse)
    SDIO_IRQHandler                          0x08000e85   Thumb Code     4  stm32f10x_it.o(i.SDIO_IRQHandler)
    SDIO_ITConfig                            0x08000e89   Thumb Code    18  stm32f10x_sdio.o(i.SDIO_ITConfig)
    SDIO_Init                                0x08000ea1   Thumb Code    40  stm32f10x_sdio.o(i.SDIO_Init)
    SDIO_ReadData                            0x08000ecd   Thumb Code     8  stm32f10x_sdio.o(i.SDIO_ReadData)
    SDIO_SendCommand                         0x08000ed9   Thumb Code    34  stm32f10x_sdio.o(i.SDIO_SendCommand)
    SDIO_SetPowerState                       0x08000f01   Thumb Code    18  stm32f10x_sdio.o(i.SDIO_SetPowerState)
    SDIO_WriteData                           0x08000f19   Thumb Code     8  stm32f10x_sdio.o(i.SDIO_WriteData)
    SD_DMAEndOfTransferStatus                0x08000f25   Thumb Code     6  sdio_sdcard.o(i.SD_DMAEndOfTransferStatus)
    SD_EnableWideBusOperation                0x08000f31   Thumb Code   112  sdio_sdcard.o(i.SD_EnableWideBusOperation)
    SD_GetCardInfo                           0x08000fa9   Thumb Code   574  sdio_sdcard.o(i.SD_GetCardInfo)
    SD_Init                                  0x080011f1   Thumb Code    98  sdio_sdcard.o(i.SD_Init)
    SD_InitializeCards                       0x0800125d   Thumb Code   254  sdio_sdcard.o(i.SD_InitializeCards)
    SD_LowLevel_DMA_RxConfig                 0x08001365   Thumb Code    80  sdio_sdcard.o(i.SD_LowLevel_DMA_RxConfig)
    SD_LowLevel_DMA_TxConfig                 0x080013c1   Thumb Code    82  sdio_sdcard.o(i.SD_LowLevel_DMA_TxConfig)
    SD_LowLevel_Init                         0x08001421   Thumb Code    92  sdio_sdcard.o(i.SD_LowLevel_Init)
    SD_PowerON                               0x08001489   Thumb Code   402  sdio_sdcard.o(i.SD_PowerON)
    SD_ProcessIRQSrc                         0x0800162d   Thumb Code   406  sdio_sdcard.o(i.SD_ProcessIRQSrc)
    SD_ReadBlock                             0x080017c9   Thumb Code   510  sdio_sdcard.o(i.SD_ReadBlock)
    SD_SelectDeselect                        0x080019d9   Thumb Code    40  sdio_sdcard.o(i.SD_SelectDeselect)
    SD_SetDeviceMode                         0x08001a05   Thumb Code    24  sdio_sdcard.o(i.SD_SetDeviceMode)
    SD_StopTransfer                          0x08001a21   Thumb Code    36  sdio_sdcard.o(i.SD_StopTransfer)
    SD_TEST                                  0x08001a49   Thumb Code    88  main.o(i.SD_TEST)
    SD_WriteBlock                            0x08001ad5   Thumb Code   698  sdio_sdcard.o(i.SD_WriteBlock)
    SPI_Cmd                                  0x08001da1   Thumb Code    20  stm32f10x_spi.o(i.SPI_Cmd)
    SPI_I2S_GetFlagStatus                    0x08001db5   Thumb Code    14  stm32f10x_spi.o(i.SPI_I2S_GetFlagStatus)
    SPI_I2S_ReceiveData                      0x08001dc3   Thumb Code     4  stm32f10x_spi.o(i.SPI_I2S_ReceiveData)
    SPI_I2S_SendData                         0x08001dc7   Thumb Code     4  stm32f10x_spi.o(i.SPI_I2S_SendData)
    SPI_Init                                 0x08001dcb   Thumb Code    56  stm32f10x_spi.o(i.SPI_Init)
    SPI_VS1003_Init                          0x08001e05   Thumb Code   214  vs1003.o(i.SPI_VS1003_Init)
    SVC_Handler                              0x08001eed   Thumb Code     2  stm32f10x_it.o(i.SVC_Handler)
    ScanKey                                  0x08001eef   Thumb Code    46  main.o(i.ScanKey)
    SysTick_Handler                          0x08001fc5   Thumb Code     4  stm32f10x_it.o(i.SysTick_Handler)
    SystemInit                               0x08001fc9   Thumb Code    64  system_stm32f10x.o(i.SystemInit)
    TimingDelay_Decrement                    0x08002019   Thumb Code    16  main.o(i.TimingDelay_Decrement)
    USART_Cmd                                0x0800202d   Thumb Code    20  stm32f10x_usart.o(i.USART_Cmd)
    USART_GetFlagStatus                      0x08002041   Thumb Code    14  stm32f10x_usart.o(i.USART_GetFlagStatus)
    USART_Init                               0x08002051   Thumb Code   166  stm32f10x_usart.o(i.USART_Init)
    USART_OUT                                0x080020fd   Thumb Code   180  main.o(i.USART_OUT)
    USART_SendData                           0x080021b1   Thumb Code     8  stm32f10x_usart.o(i.USART_SendData)
    UsageFault_Handler                       0x080021b9   Thumb Code     2  stm32f10x_it.o(i.UsageFault_Handler)
    Usart1_Init                              0x080021bd   Thumb Code   148  main.o(i.Usart1_Init)
    VS1003_SetVol                            0x0800225d   Thumb Code    66  vs1003.o(i.VS1003_SetVol)
    VS1003_WriteByte                         0x080022a9   Thumb Code    48  vs1003.o(i.VS1003_WriteByte)
    VS1003_WriteReg                          0x080022dd   Thumb Code    66  vs1003.o(i.VS1003_WriteReg)
    VS1003_start                             0x08002329   Thumb Code   128  vs1003.o(i.VS1003_start)
    clust2sect                               0x08002635   Thumb Code    24  ff.o(i.clust2sect)
    disk_initialize                          0x08002e77   Thumb Code     4  diskio.o(i.disk_initialize)
    disk_ioctl                               0x08002e7b   Thumb Code     4  diskio.o(i.disk_ioctl)
    disk_read                                0x08002e7f   Thumb Code    20  diskio.o(i.disk_read)
    disk_status                              0x08002e93   Thumb Code     4  diskio.o(i.disk_status)
    disk_write                               0x08002e97   Thumb Code    20  diskio.o(i.disk_write)
    f_close                                  0x08002eab   Thumb Code    18  ff.o(i.f_close)
    f_mount                                  0x08002ebd   Thumb Code    26  ff.o(i.f_mount)
    f_open                                   0x08002edd   Thumb Code   314  ff.o(i.f_open)
    f_opendir                                0x0800301d   Thumb Code    96  ff.o(i.f_opendir)
    f_read                                   0x08003081   Thumb Code   334  ff.o(i.f_read)
    f_readdir                                0x080031d1   Thumb Code    80  ff.o(i.f_readdir)
    f_sync                                   0x08003225   Thumb Code   152  ff.o(i.f_sync)
    ff_convert                               0x080032bd   Thumb Code    68  cc936.o(i.ff_convert)
    ff_wtoupper                              0x08003309   Thumb Code    28  cc936.o(i.ff_wtoupper)
    gen_numname                              0x08003395   Thumb Code   120  ff.o(i.gen_numname)
    get_fat                                  0x0800340d   Thumb Code   184  ff.o(i.get_fat)
    get_fattime                              0x080034c5   Thumb Code     4  diskio.o(i.get_fattime)
    itoa                                     0x080035a5   Thumb Code    94  main.o(i.itoa)
    main                                     0x08003615   Thumb Code    66  main.o(i.main)
    put_fat                                  0x080036e9   Thumb Code   250  ff.o(i.put_fat)
    Region$$Table$$Base                      0x0802e620   Number         0  anon$$obj.o(Region$$Table)
    Region$$Table$$Limit                     0x0802e640   Number         0  anon$$obj.o(Region$$Table)
    Status                                   0x20000000   Data           1  main.o(.data)
    volUpPressed                             0x20000001   Data           1  main.o(.data)
    volDownPressed                           0x20000002   Data           1  main.o(.data)
    vol                                      0x20000003   Data           1  main.o(.data)
    voltemp                                  0x20000004   Data           1  main.o(.data)
    res                                      0x20000005   Data           1  main.o(.data)
    TimingDelay                              0x20000008   Data           4  main.o(.data)
    br                                       0x2000000c   Data           4  main.o(.data)
    BassEnhanceValue                         0x20000010   Data           1  vs1003.o(.data)
    TrebleEnhanceValue                       0x20000011   Data           1  vs1003.o(.data)
    TransferError                            0x20000014   Data           1  sdio_sdcard.o(.data)
    TransferEnd                              0x2000002c   Data           4  sdio_sdcard.o(.data)
    NumberOfBytes                            0x20000030   Data           4  sdio_sdcard.o(.data)
    SrcBuffer                                0x20000034   Data           4  sdio_sdcard.o(.data)
    DestBuffer                               0x20000038   Data           4  sdio_sdcard.o(.data)
    SDCardInfo                               0x20000258   Data          80  main.o(.bss)
    Buffer_Block_Rx                          0x200002a8   Data        2048  main.o(.bss)
    fs                                       0x20000aa8   Data         560  main.o(.bss)
    fsrc                                     0x20000cd8   Data         548  main.o(.bss)
    buffer                                   0x20000efc   Data         512  main.o(.bss)
    SDIO_InitStructure                       0x2000111c   Data          24  sdio_sdcard.o(.bss)
    SDIO_CmdInitStructure                    0x20001134   Data          20  sdio_sdcard.o(.bss)
    SDIO_DataInitStructure                   0x20001148   Data          24  sdio_sdcard.o(.bss)
    __libspace_start                         0x20001360   Data          96  libspace.o(.bss)
    __temporary_stack_top$libspace           0x200013c0   Data           0  libspace.o(.bss)



==============================================================================

Memory Map of the image

  Image Entry point : 0x08000131

  Load Region LR_IROM1 (Base: 0x08000000, Size: 0x0002e698, Max: 0x00080000, ABSOLUTE)

    Execution Region ER_IROM1 (Base: 0x08000000, Size: 0x0002e640, Max: 0x00080000, ABSOLUTE)

    Base Addr    Size         Type   Attr      Idx    E Section Name        Object

    0x08000000   0x00000130   Data   RO         1454    RESET               startup_stm32f10x_hd.o
    0x08000130   0x00000008   Code   RO         1850  * !!!main             c_w.l(__main.o)
    0x08000138   0x00000034   Code   RO         2007    !!!scatter          c_w.l(__scatter.o)
    0x0800016c   0x0000001a   Code   RO         2009    !!handler_copy      c_w.l(__scatter_copy.o)
    0x08000186   0x00000002   PAD
    0x08000188   0x0000001c   Code   RO         2011    !!handler_zi        c_w.l(__scatter_zi.o)
    0x080001a4   0x00000002   Code   RO         1877    .ARM.Collect$$libinit$$00000000  c_w.l(libinit.o)
    0x080001a6   0x00000000   Code   RO         1884    .ARM.Collect$$libinit$$00000002  c_w.l(libinit2.o)
    0x080001a6   0x00000000   Code   RO         1886    .ARM.Collect$$libinit$$00000004  c_w.l(libinit2.o)
    0x080001a6   0x00000000   Code   RO         1889    .ARM.Collect$$libinit$$0000000A  c_w.l(libinit2.o)
    0x080001a6   0x00000000   Code   RO         1891    .ARM.Collect$$libinit$$0000000C  c_w.l(libinit2.o)
    0x080001a6   0x00000000   Code   RO         1893    .ARM.Collect$$libinit$$0000000E  c_w.l(libinit2.o)
    0x080001a6   0x00000000   Code   RO         1896    .ARM.Collect$$libinit$$00000011  c_w.l(libinit2.o)
    0x080001a6   0x00000000   Code   RO         1898    .ARM.Collect$$libinit$$00000013  c_w.l(libinit2.o)
    0x080001a6   0x00000000   Code   RO         1900    .ARM.Collect$$libinit$$00000015  c_w.l(libinit2.o)
    0x080001a6   0x00000000   Code   RO         1902    .ARM.Collect$$libinit$$00000017  c_w.l(libinit2.o)
    0x080001a6   0x00000000   Code   RO         1904    .ARM.Collect$$libinit$$00000019  c_w.l(libinit2.o)
    0x080001a6   0x00000000   Code   RO         1906    .ARM.Collect$$libinit$$0000001B  c_w.l(libinit2.o)
    0x080001a6   0x00000000   Code   RO         1908    .ARM.Collect$$libinit$$0000001D  c_w.l(libinit2.o)
    0x080001a6   0x00000000   Code   RO         1910    .ARM.Collect$$libinit$$0000001F  c_w.l(libinit2.o)
    0x080001a6   0x00000000   Code   RO         1912    .ARM.Collect$$libinit$$00000021  c_w.l(libinit2.o)
    0x080001a6   0x00000000   Code   RO         1914    .ARM.Collect$$libinit$$00000023  c_w.l(libinit2.o)
    0x080001a6   0x00000000   Code   RO         1916    .ARM.Collect$$libinit$$00000025  c_w.l(libinit2.o)
    0x080001a6   0x00000000   Code   RO         1920    .ARM.Collect$$libinit$$0000002C  c_w.l(libinit2.o)
    0x080001a6   0x00000000   Code   RO         1922    .ARM.Collect$$libinit$$0000002E  c_w.l(libinit2.o)
    0x080001a6   0x00000000   Code   RO         1924    .ARM.Collect$$libinit$$00000030  c_w.l(libinit2.o)
    0x080001a6   0x00000000   Code   RO         1926    .ARM.Collect$$libinit$$00000032  c_w.l(libinit2.o)
    0x080001a6   0x00000002   Code   RO         1927    .ARM.Collect$$libinit$$00000033  c_w.l(libinit2.o)
    0x080001a8   0x00000002   Code   RO         1947    .ARM.Collect$$libshutdown$$00000000  c_w.l(libshutdown.o)
    0x080001aa   0x00000000   Code   RO         1960    .ARM.Collect$$libshutdown$$00000002  c_w.l(libshutdown2.o)
    0x080001aa   0x00000000   Code   RO         1962    .ARM.Collect$$libshutdown$$00000004  c_w.l(libshutdown2.o)
    0x080001aa   0x00000000   Code   RO         1965    .ARM.Collect$$libshutdown$$00000007  c_w.l(libshutdown2.o)
    0x080001aa   0x00000000   Code   RO         1968    .ARM.Collect$$libshutdown$$0000000A  c_w.l(libshutdown2.o)
    0x080001aa   0x00000000   Code   RO         1970    .ARM.Collect$$libshutdown$$0000000C  c_w.l(libshutdown2.o)
    0x080001aa   0x00000000   Code   RO         1973    .ARM.Collect$$libshutdown$$0000000F  c_w.l(libshutdown2.o)
    0x080001aa   0x00000002   Code   RO         1974    .ARM.Collect$$libshutdown$$00000010  c_w.l(libshutdown2.o)
    0x080001ac   0x00000000   Code   RO         1852    .ARM.Collect$$rtentry$$00000000  c_w.l(__rtentry.o)
    0x080001ac   0x00000000   Code   RO         1854    .ARM.Collect$$rtentry$$00000002  c_w.l(__rtentry2.o)
    0x080001ac   0x00000006   Code   RO         1866    .ARM.Collect$$rtentry$$00000004  c_w.l(__rtentry4.o)
    0x080001b2   0x00000000   Code   RO         1856    .ARM.Collect$$rtentry$$00000009  c_w.l(__rtentry2.o)
    0x080001b2   0x00000004   Code   RO         1857    .ARM.Collect$$rtentry$$0000000A  c_w.l(__rtentry2.o)
    0x080001b6   0x00000000   Code   RO         1859    .ARM.Collect$$rtentry$$0000000C  c_w.l(__rtentry2.o)
    0x080001b6   0x00000008   Code   RO         1860    .ARM.Collect$$rtentry$$0000000D  c_w.l(__rtentry2.o)
    0x080001be   0x00000002   Code   RO         1881    .ARM.Collect$$rtexit$$00000000  c_w.l(rtexit.o)
    0x080001c0   0x00000000   Code   RO         1929    .ARM.Collect$$rtexit$$00000002  c_w.l(rtexit2.o)
    0x080001c0   0x00000004   Code   RO         1930    .ARM.Collect$$rtexit$$00000003  c_w.l(rtexit2.o)
    0x080001c4   0x00000006   Code   RO         1931    .ARM.Collect$$rtexit$$00000004  c_w.l(rtexit2.o)
    0x080001ca   0x00000002   PAD
    0x080001cc   0x00000040   Code   RO         1455    .text               startup_stm32f10x_hd.o
    0x0800020c   0x00000024   Code   RO         1844    .text               c_w.l(strstr.o)
    0x08000230   0x0000004e   Code   RO         1846    .text               c_w.l(rt_memclr_w.o)
    0x0800027e   0x00000006   Code   RO         1848    .text               c_w.l(heapauxi.o)
    0x08000284   0x0000004a   Code   RO         1868    .text               c_w.l(sys_stackheap_outer.o)
    0x080002ce   0x00000012   Code   RO         1870    .text               c_w.l(exit.o)
    0x080002e0   0x00000008   Code   RO         1878    .text               c_w.l(libspace.o)
    0x080002e8   0x0000000c   Code   RO         1939    .text               c_w.l(sys_exit.o)
    0x080002f4   0x00000002   Code   RO         1950    .text               c_w.l(use_no_semi.o)
    0x080002f6   0x00000000   Code   RO         1952    .text               c_w.l(indicate_semi.o)
    0x080002f6   0x00000002   Code   RO            1    i.BusFault_Handler  stm32f10x_it.o
    0x080002f8   0x000000e8   Code   RO          312    i.CmdResp1Error     sdio_sdcard.o
    0x080003e0   0x00000034   Code   RO          313    i.CmdResp2Error     sdio_sdcard.o
    0x08000414   0x00000070   Code   RO          314    i.CmdResp6Error     sdio_sdcard.o
    0x08000484   0x00000018   Code   RO         1236    i.DMA_ClearFlag     stm32f10x_dma.o
    0x0800049c   0x00000016   Code   RO         1238    i.DMA_Cmd           stm32f10x_dma.o
    0x080004b2   0x00000002   PAD
    0x080004b4   0x00000020   Code   RO         1241    i.DMA_GetFlagStatus  stm32f10x_dma.o
    0x080004d4   0x0000003a   Code   RO         1244    i.DMA_Init          stm32f10x_dma.o
    0x0800050e   0x00000002   Code   RO            2    i.DebugMon_Handler  stm32f10x_it.o
    0x08000510   0x00000014   Code   RO          134    i.Delay_us          main.o
    0x08000524   0x0000013c   Code   RO          315    i.FindSCR           sdio_sdcard.o
    0x08000660   0x00000044   Code   RO          135    i.GPIO_Configuration  main.o
    0x080006a4   0x000000a2   Code   RO          562    i.GPIO_Init         stm32f10x_gpio.o
    0x08000746   0x0000000e   Code   RO          566    i.GPIO_ReadInputDataBit  stm32f10x_gpio.o
    0x08000754   0x00000004   Code   RO          569    i.GPIO_ResetBits    stm32f10x_gpio.o
    0x08000758   0x00000004   Code   RO          570    i.GPIO_SetBits      stm32f10x_gpio.o
    0x0800075c   0x00000002   Code   RO            3    i.HardFault_Handler  stm32f10x_it.o
    0x0800075e   0x00000002   PAD
    0x08000760   0x0000014c   Code   RO          316    i.IsCardProgramming  sdio_sdcard.o
    0x080008ac   0x00000010   Code   RO          136    i.KeyInit           main.o
    0x080008bc   0x00000030   Code   RO          137    i.KeyToVol          main.o
    0x080008ec   0x00000002   Code   RO            4    i.MemManage_Handler  stm32f10x_it.o
    0x080008ee   0x00000002   Code   RO            5    i.NMI_Handler       stm32f10x_it.o
    0x080008f0   0x00000028   Code   RO          138    i.NVIC_Configuration  main.o
    0x08000918   0x00000064   Code   RO          520    i.NVIC_Init         misc.o
    0x0800097c   0x00000014   Code   RO          521    i.NVIC_PriorityGroupConfig  misc.o
    0x08000990   0x00000002   Code   RO            6    i.PendSV_Handler    stm32f10x_it.o
    0x08000992   0x00000002   PAD
    0x08000994   0x00000268   Code   RO          139    i.Play_Music        main.o
    0x08000bfc   0x00000018   Code   RO          671    i.RCC_AHBPeriphClockCmd  stm32f10x_rcc.o
    0x08000c14   0x00000018   Code   RO          672    i.RCC_APB1PeriphClockCmd  stm32f10x_rcc.o
    0x08000c2c   0x00000018   Code   RO          674    i.RCC_APB2PeriphClockCmd  stm32f10x_rcc.o
    0x08000c44   0x0000001a   Code   RO          140    i.RCC_Configuration  main.o
    0x08000c5e   0x00000002   PAD
    0x08000c60   0x00000090   Code   RO          682    i.RCC_GetClocksFreq  stm32f10x_rcc.o
    0x08000cf0   0x000000c0   Code   RO          317    i.SDEnWideBus       sdio_sdcard.o
    0x08000db0   0x0000000c   Code   RO         1051    i.SDIO_ClearFlag    stm32f10x_sdio.o
    0x08000dbc   0x0000000c   Code   RO         1052    i.SDIO_ClearITPendingBit  stm32f10x_sdio.o
    0x08000dc8   0x0000000c   Code   RO         1053    i.SDIO_ClockCmd     stm32f10x_sdio.o
    0x08000dd4   0x0000000c   Code   RO         1056    i.SDIO_DMACmd       stm32f10x_sdio.o
    0x08000de0   0x0000002c   Code   RO         1057    i.SDIO_DataConfig   stm32f10x_sdio.o
    0x08000e0c   0x00000024   Code   RO         1059    i.SDIO_DeInit       stm32f10x_sdio.o
    0x08000e30   0x0000000c   Code   RO         1060    i.SDIO_GetCommandResponse  stm32f10x_sdio.o
    0x08000e3c   0x00000014   Code   RO         1063    i.SDIO_GetFlagStatus  stm32f10x_sdio.o
    0x08000e50   0x00000014   Code   RO         1064    i.SDIO_GetITStatus  stm32f10x_sdio.o
    0x08000e64   0x00000010   Code   RO         1065    i.SDIO_GetPowerState  stm32f10x_sdio.o
    0x08000e74   0x00000010   Code   RO         1066    i.SDIO_GetResponse  stm32f10x_sdio.o
    0x08000e84   0x00000004   Code   RO            7    i.SDIO_IRQHandler   stm32f10x_it.o
    0x08000e88   0x00000018   Code   RO         1067    i.SDIO_ITConfig     stm32f10x_sdio.o
    0x08000ea0   0x0000002c   Code   RO         1068    i.SDIO_Init         stm32f10x_sdio.o
    0x08000ecc   0x0000000c   Code   RO         1069    i.SDIO_ReadData     stm32f10x_sdio.o
    0x08000ed8   0x00000028   Code   RO         1071    i.SDIO_SendCommand  stm32f10x_sdio.o
    0x08000f00   0x00000018   Code   RO         1073    i.SDIO_SetPowerState  stm32f10x_sdio.o
    0x08000f18   0x0000000c   Code   RO         1079    i.SDIO_WriteData    stm32f10x_sdio.o
    0x08000f24   0x0000000c   Code   RO          318    i.SD_DMAEndOfTransferStatus  sdio_sdcard.o
    0x08000f30   0x00000078   Code   RO          321    i.SD_EnableWideBusOperation  sdio_sdcard.o
    0x08000fa8   0x00000248   Code   RO          323    i.SD_GetCardInfo    sdio_sdcard.o
    0x080011f0   0x0000006c   Code   RO          327    i.SD_Init           sdio_sdcard.o
    0x0800125c   0x00000108   Code   RO          328    i.SD_InitializeCards  sdio_sdcard.o
    0x08001364   0x0000005c   Code   RO          329    i.SD_LowLevel_DMA_RxConfig  sdio_sdcard.o
    0x080013c0   0x00000060   Code   RO          330    i.SD_LowLevel_DMA_TxConfig  sdio_sdcard.o
    0x08001420   0x00000068   Code   RO          332    i.SD_LowLevel_Init  sdio_sdcard.o
    0x08001488   0x000001a4   Code   RO          334    i.SD_PowerON        sdio_sdcard.o
    0x0800162c   0x0000019c   Code   RO          335    i.SD_ProcessIRQSrc  sdio_sdcard.o
    0x080017c8   0x00000210   Code   RO          336    i.SD_ReadBlock      sdio_sdcard.o
    0x080019d8   0x0000002c   Code   RO          338    i.SD_SelectDeselect  sdio_sdcard.o
    0x08001a04   0x0000001c   Code   RO          341    i.SD_SetDeviceMode  sdio_sdcard.o
    0x08001a20   0x00000028   Code   RO          342    i.SD_StopTransfer   sdio_sdcard.o
    0x08001a48   0x0000008c   Code   RO          141    i.SD_TEST           main.o
    0x08001ad4   0x000002cc   Code   RO          343    i.SD_WriteBlock     sdio_sdcard.o
    0x08001da0   0x00000014   Code   RO         1313    i.SPI_Cmd           stm32f10x_spi.o
    0x08001db4   0x0000000e   Code   RO         1321    i.SPI_I2S_GetFlagStatus  stm32f10x_spi.o
    0x08001dc2   0x00000004   Code   RO         1324    i.SPI_I2S_ReceiveData  stm32f10x_spi.o
    0x08001dc6   0x00000004   Code   RO         1325    i.SPI_I2S_SendData  stm32f10x_spi.o
    0x08001dca   0x00000038   Code   RO         1326    i.SPI_Init          stm32f10x_spi.o
    0x08001e02   0x00000002   PAD
    0x08001e04   0x000000e8   Code   RO          261    i.SPI_VS1003_Init   vs1003.o
    0x08001eec   0x00000002   Code   RO            8    i.SVC_Handler       stm32f10x_it.o
    0x08001eee   0x0000002e   Code   RO          142    i.ScanKey           main.o
    0x08001f1c   0x000000a8   Code   RO         1470    i.SetSysClockTo72   system_stm32f10x.o
    0x08001fc4   0x00000004   Code   RO            9    i.SysTick_Handler   stm32f10x_it.o
    0x08001fc8   0x00000050   Code   RO         1472    i.SystemInit        system_stm32f10x.o
    0x08002018   0x00000014   Code   RO          143    i.TimingDelay_Decrement  main.o
    0x0800202c   0x00000014   Code   RO          874    i.USART_Cmd         stm32f10x_usart.o
    0x08002040   0x0000000e   Code   RO          877    i.USART_GetFlagStatus  stm32f10x_usart.o
    0x0800204e   0x00000002   PAD
    0x08002050   0x000000ac   Code   RO          881    i.USART_Init        stm32f10x_usart.o
    0x080020fc   0x000000b4   Code   RO          144    i.USART_OUT         main.o
    0x080021b0   0x00000008   Code   RO          891    i.USART_SendData    stm32f10x_usart.o
    0x080021b8   0x00000002   Code   RO           10    i.UsageFault_Handler  stm32f10x_it.o
    0x080021ba   0x00000002   PAD
    0x080021bc   0x000000a0   Code   RO          145    i.Usart1_Init       main.o
    0x0800225c   0x0000004c   Code   RO          264    i.VS1003_SetVol     vs1003.o
    0x080022a8   0x00000034   Code   RO          265    i.VS1003_WriteByte  vs1003.o
    0x080022dc   0x0000004c   Code   RO          266    i.VS1003_WriteReg   vs1003.o
    0x08002328   0x00000090   Code   RO          267    i.VS1003_start      vs1003.o
    0x080023b8   0x0000005c   Code   RO         1506    i.check_fs          ff.o
    0x08002414   0x00000010   Code   RO         1507    i.chk_chr           ff.o
    0x08002424   0x00000210   Code   RO         1508    i.chk_mounted       ff.o
    0x08002634   0x00000018   Code   RO         1509    i.clust2sect        ff.o
    0x0800264c   0x00000012   Code   RO          345    i.convert_from_bytes_to_power_of_two  sdio_sdcard.o
    0x0800265e   0x00000096   Code   RO         1510    i.create_chain      ff.o
    0x080026f4   0x00000244   Code   RO         1511    i.create_name       ff.o
    0x08002938   0x00000134   Code   RO         1512    i.dir_find          ff.o
    0x08002a6c   0x000000ee   Code   RO         1513    i.dir_next          ff.o
    0x08002b5a   0x00000002   PAD
    0x08002b5c   0x000000f0   Code   RO         1514    i.dir_read          ff.o
    0x08002c4c   0x000001ac   Code   RO         1515    i.dir_register      ff.o
    0x08002df8   0x0000007e   Code   RO         1517    i.dir_sdi           ff.o
    0x08002e76   0x00000004   Code   RO         1764    i.disk_initialize   diskio.o
    0x08002e7a   0x00000004   Code   RO         1765    i.disk_ioctl        diskio.o
    0x08002e7e   0x00000014   Code   RO         1766    i.disk_read         diskio.o
    0x08002e92   0x00000004   Code   RO         1767    i.disk_status       diskio.o
    0x08002e96   0x00000014   Code   RO         1768    i.disk_write        diskio.o
    0x08002eaa   0x00000012   Code   RO         1519    i.f_close           ff.o
    0x08002ebc   0x00000020   Code   RO         1523    i.f_mount           ff.o
    0x08002edc   0x00000140   Code   RO         1524    i.f_open            ff.o
    0x0800301c   0x00000064   Code   RO         1525    i.f_opendir         ff.o
    0x08003080   0x0000014e   Code   RO         1526    i.f_read            ff.o
    0x080031ce   0x00000002   PAD
    0x080031d0   0x00000054   Code   RO         1527    i.f_readdir         ff.o
    0x08003224   0x00000098   Code   RO         1530    i.f_sync            ff.o
    0x080032bc   0x0000004c   Code   RO         1813    i.ff_convert        cc936.o
    0x08003308   0x00000024   Code   RO         1814    i.ff_wtoupper       cc936.o
    0x0800332c   0x00000066   Code   RO         1535    i.follow_path       ff.o
    0x08003392   0x00000002   PAD
    0x08003394   0x00000078   Code   RO         1536    i.gen_numname       ff.o
    0x0800340c   0x000000b8   Code   RO         1537    i.get_fat           ff.o
    0x080034c4   0x00000004   Code   RO         1769    i.get_fattime       diskio.o
    0x080034c8   0x000000da   Code   RO         1538    i.get_fileinfo      ff.o
    0x080035a2   0x00000002   PAD
    0x080035a4   0x0000005e   Code   RO          146    i.itoa              main.o
    0x08003602   0x00000012   Code   RO         1539    i.ld_clust          ff.o
    0x08003614   0x00000048   Code   RO          147    i.main              main.o
    0x0800365c   0x00000012   Code   RO         1540    i.mem_cpy           ff.o
    0x0800366e   0x0000000e   Code   RO         1541    i.mem_set           ff.o
    0x0800367c   0x0000006a   Code   RO         1542    i.move_window       ff.o
    0x080036e6   0x00000002   PAD
    0x080036e8   0x000000fa   Code   RO         1543    i.put_fat           ff.o
    0x080037e2   0x00000062   Code   RO         1544    i.remove_chain      ff.o
    0x08003844   0x00000010   Code   RO         1545    i.st_clust          ff.o
    0x08003854   0x0000001a   Code   RO         1546    i.sum_sfn           ff.o
    0x0800386e   0x000000b8   Code   RO         1547    i.sync              ff.o
    0x08003926   0x00000024   Code   RO         1548    i.validate          ff.o
    0x0800394a   0x0000000d   Data   RO         1550    .constdata          ff.o
    0x08003957   0x00000001   PAD
    0x08003958   0x0002acc8   Data   RO         1815    .constdata          cc936.o
    0x0802e620   0x00000020   Data   RO         2005    Region$$Table       anon$$obj.o


    Execution Region RW_IRAM1 (Base: 0x20000000, Size: 0x000019c0, Max: 0x00010000, ABSOLUTE)

    Base Addr    Size         Type   Attr      Idx    E Section Name        Object

    0x20000000   0x00000010   Data   RW          152    .data               main.o
    0x20000010   0x00000002   Data   RW          268    .data               vs1003.o
    0x20000012   0x00000002   PAD
    0x20000014   0x00000028   Data   RW          347    .data               sdio_sdcard.o
    0x2000003c   0x00000014   Data   RW          702    .data               stm32f10x_rcc.o
    0x20000050   0x00000008   Data   RW         1551    .data               ff.o
    0x20000058   0x000010a4   Zero   RW          148    .bss                main.o
    0x200010fc   0x00000064   Zero   RW          346    .bss                sdio_sdcard.o
    0x20001160   0x00000200   Zero   RW         1549    .bss                ff.o
    0x20001360   0x00000060   Zero   RW         1879    .bss                c_w.l(libspace.o)
    0x200013c0   0x00000200   Zero   RW         1453    HEAP                startup_stm32f10x_hd.o
    0x200015c0   0x00000400   Zero   RW         1452    STACK               startup_stm32f10x_hd.o


==============================================================================

Image component sizes


      Code (inc. data)   RO Data    RW Data    ZI Data      Debug   Object Name

       112         16     175304          0          0       2259   cc936.o
        56          0          0          0          0       2980   diskio.o
      5160         76         13          8        512      31210   ff.o
      1546        228          0         16       4260      28502   main.o
       120         16          0          0          0       1263   misc.o
      4822        218          0         40        100      21311   sdio_sdcard.o
        64         26        304          0       1536        788   startup_stm32f10x_hd.o
       136         16          0          0          0       3541   stm32f10x_dma.o
       184          0          0          0          0       3192   stm32f10x_gpio.o
        24          0          0          0          0     267192   stm32f10x_it.o
       216         34          0         20          0       4618   stm32f10x_rcc.o
       368         90          0          0          0       9471   stm32f10x_sdio.o
        98          0          0          0          0       3386   stm32f10x_spi.o
       214          6          0          0          0       3720   stm32f10x_usart.o
       248         24          0          0          0       1349   system_stm32f10x.o
       580         58          0          2          0       2900   vs1003.o

    ----------------------------------------------------------------------
     13972        808     175654         88       6408     387682   Object Totals
         0          0         32          0          0          0   (incl. Generated)
        24          0          1          2          0          0   (incl. Padding)

    ----------------------------------------------------------------------

      Code (inc. data)   RO Data    RW Data    ZI Data      Debug   Library Member Name

         8          0          0          0          0         68   __main.o
         0          0          0          0          0          0   __rtentry.o
        12          0          0          0          0          0   __rtentry2.o
         6          0          0          0          0          0   __rtentry4.o
        52          8          0          0          0          0   __scatter.o
        26          0          0          0          0          0   __scatter_copy.o
        28          0          0          0          0          0   __scatter_zi.o
        18          0          0          0          0         80   exit.o
         6          0          0          0          0        152   heapauxi.o
         0          0          0          0          0          0   indicate_semi.o
         2          0          0          0          0          0   libinit.o
         2          0          0          0          0          0   libinit2.o
         2          0          0          0          0          0   libshutdown.o
         2          0          0          0          0          0   libshutdown2.o
         8          4          0          0         96         68   libspace.o
        78          0          0          0          0         80   rt_memclr_w.o
         2          0          0          0          0          0   rtexit.o
        10          0          0          0          0          0   rtexit2.o
        36          0          0          0          0         80   strstr.o
        12          4          0          0          0         68   sys_exit.o
        74          0          0          0          0         80   sys_stackheap_outer.o
         2          0          0          0          0         68   use_no_semi.o

    ----------------------------------------------------------------------
       390         16          0          0         96        744   Library Totals
         4          0          0          0          0          0   (incl. Padding)

    ----------------------------------------------------------------------

      Code (inc. data)   RO Data    RW Data    ZI Data      Debug   Library Name

       386         16          0          0         96        744   c_w.l

    ----------------------------------------------------------------------
       390         16          0          0         96        744   Library Totals

    ----------------------------------------------------------------------

==============================================================================


      Code (inc. data)   RO Data    RW Data    ZI Data      Debug   

     14362        824     175654         88       6504     381558   Grand Totals
     14362        824     175654         88       6504     381558   ELF Image Totals
     14362        824     175654         88          0          0   ROM Totals

==============================================================================

    Total RO  Size (Code + RO Data)               190016 ( 185.56kB)
    Total RW  Size (RW Data + ZI Data)              6592 (   6.44kB)
    Total ROM Size (Code + RO Data + RW Data)     190104 ( 185.65kB)

==============================================================================

