ARM Linker, RVCT4.0 [Build 524] for uVision [Professional]

==============================================================================

Section Cross References

    stm32f10x_it.o(i.SDIO_IRQHandler) refers to sdcard.o(i.SD_ProcessIRQSrc) for SD_ProcessIRQSrc
    sdcard.o(i.CmdResp1Error) refers to stm32f10x_sdio.o(i.SDIO_ClearFlag) for SDIO_ClearFlag
    sdcard.o(i.CmdResp1Error) refers to stm32f10x_sdio.o(i.SDIO_GetCommandResponse) for SDIO_GetCommandResponse
    sdcard.o(i.CmdResp1Error) refers to stm32f10x_sdio.o(i.SDIO_GetResponse) for SDIO_GetResponse
    sdcard.o(i.CmdResp2Error) refers to stm32f10x_sdio.o(i.SDIO_ClearFlag) for SDIO_ClearFlag
    sdcard.o(i.CmdResp6Error) refers to stm32f10x_sdio.o(i.SDIO_ClearFlag) for SDIO_ClearFlag
    sdcard.o(i.CmdResp6Error) refers to stm32f10x_sdio.o(i.SDIO_GetCommandResponse) for SDIO_GetCommandResponse
    sdcard.o(i.CmdResp6Error) refers to stm32f10x_sdio.o(i.SDIO_GetResponse) for SDIO_GetResponse
    sdcard.o(i.DMA_RxConfiguration) refers to stm32f10x_dma.o(i.DMA_ClearFlag) for DMA_ClearFlag
    sdcard.o(i.DMA_RxConfiguration) refers to stm32f10x_dma.o(i.DMA_Cmd) for DMA_Cmd
    sdcard.o(i.DMA_RxConfiguration) refers to stm32f10x_dma.o(i.DMA_Init) for DMA_Init
    sdcard.o(i.DMA_TxConfiguration) refers to stm32f10x_dma.o(i.DMA_ClearFlag) for DMA_ClearFlag
    sdcard.o(i.DMA_TxConfiguration) refers to stm32f10x_dma.o(i.DMA_Cmd) for DMA_Cmd
    sdcard.o(i.DMA_TxConfiguration) refers to stm32f10x_dma.o(i.DMA_Init) for DMA_Init
    sdcard.o(i.FindSCR) refers to stm32f10x_sdio.o(i.SDIO_SendCommand) for SDIO_SendCommand
    sdcard.o(i.FindSCR) refers to sdcard.o(i.CmdResp1Error) for CmdResp1Error
    sdcard.o(i.FindSCR) refers to stm32f10x_sdio.o(i.SDIO_DataConfig) for SDIO_DataConfig
    sdcard.o(i.FindSCR) refers to stm32f10x_sdio.o(i.SDIO_GetFlagStatus) for SDIO_GetFlagStatus
    sdcard.o(i.FindSCR) refers to stm32f10x_sdio.o(i.SDIO_ReadData) for SDIO_ReadData
    sdcard.o(i.FindSCR) refers to stm32f10x_sdio.o(i.SDIO_ClearFlag) for SDIO_ClearFlag
    sdcard.o(i.FindSCR) refers to sdcard.o(.bss) for .bss
    sdcard.o(i.FindSCR) refers to sdcard.o(.data) for .data
    sdcard.o(i.IsCardProgramming) refers to stm32f10x_sdio.o(i.SDIO_SendCommand) for SDIO_SendCommand
    sdcard.o(i.IsCardProgramming) refers to stm32f10x_sdio.o(i.SDIO_ClearFlag) for SDIO_ClearFlag
    sdcard.o(i.IsCardProgramming) refers to stm32f10x_sdio.o(i.SDIO_GetCommandResponse) for SDIO_GetCommandResponse
    sdcard.o(i.IsCardProgramming) refers to stm32f10x_sdio.o(i.SDIO_GetResponse) for SDIO_GetResponse
    sdcard.o(i.IsCardProgramming) refers to sdcard.o(.data) for .data
    sdcard.o(i.IsCardProgramming) refers to sdcard.o(.bss) for .bss
    sdcard.o(i.SDEnWideBus) refers to stm32f10x_sdio.o(i.SDIO_GetResponse) for SDIO_GetResponse
    sdcard.o(i.SDEnWideBus) refers to sdcard.o(i.FindSCR) for FindSCR
    sdcard.o(i.SDEnWideBus) refers to stm32f10x_sdio.o(i.SDIO_SendCommand) for SDIO_SendCommand
    sdcard.o(i.SDEnWideBus) refers to sdcard.o(i.CmdResp1Error) for CmdResp1Error
    sdcard.o(i.SDEnWideBus) refers to sdcard.o(.data) for .data
    sdcard.o(i.SDEnWideBus) refers to sdcard.o(.bss) for .bss
    sdcard.o(i.SD_EnableWideBusOperation) refers to sdcard.o(i.SDEnWideBus) for SDEnWideBus
    sdcard.o(i.SD_EnableWideBusOperation) refers to stm32f10x_sdio.o(i.SDIO_Init) for SDIO_Init
    sdcard.o(i.SD_EnableWideBusOperation) refers to sdcard.o(.data) for .data
    sdcard.o(i.SD_EnableWideBusOperation) refers to sdcard.o(.bss) for .bss
    sdcard.o(i.SD_Erase) refers to stm32f10x_sdio.o(i.SDIO_GetResponse) for SDIO_GetResponse
    sdcard.o(i.SD_Erase) refers to stm32f10x_sdio.o(i.SDIO_SendCommand) for SDIO_SendCommand
    sdcard.o(i.SD_Erase) refers to sdcard.o(i.CmdResp1Error) for CmdResp1Error
    sdcard.o(i.SD_Erase) refers to sdcard.o(i.IsCardProgramming) for IsCardProgramming
    sdcard.o(i.SD_Erase) refers to sdcard.o(.bss) for .bss
    sdcard.o(i.SD_Erase) refers to sdcard.o(.data) for .data
    sdcard.o(i.SD_GetCardInfo) refers to sdcard.o(.data) for .data
    sdcard.o(i.SD_GetCardInfo) refers to sdcard.o(.bss) for .bss
    sdcard.o(i.SD_Init) refers to stm32f10x_rcc.o(i.RCC_APB2PeriphClockCmd) for RCC_APB2PeriphClockCmd
    sdcard.o(i.SD_Init) refers to stm32f10x_gpio.o(i.GPIO_Init) for GPIO_Init
    sdcard.o(i.SD_Init) refers to stm32f10x_rcc.o(i.RCC_AHBPeriphClockCmd) for RCC_AHBPeriphClockCmd
    sdcard.o(i.SD_Init) refers to stm32f10x_sdio.o(i.SDIO_DeInit) for SDIO_DeInit
    sdcard.o(i.SD_Init) refers to sdcard.o(i.SD_PowerON) for SD_PowerON
    sdcard.o(i.SD_Init) refers to sdcard.o(i.SD_InitializeCards) for SD_InitializeCards
    sdcard.o(i.SD_Init) refers to stm32f10x_sdio.o(i.SDIO_Init) for SDIO_Init
    sdcard.o(i.SD_Init) refers to sdcard.o(.bss) for .bss
    sdcard.o(i.SD_InitializeCards) refers to stm32f10x_sdio.o(i.SDIO_GetPowerState) for SDIO_GetPowerState
    sdcard.o(i.SD_InitializeCards) refers to stm32f10x_sdio.o(i.SDIO_SendCommand) for SDIO_SendCommand
[...]
    printfb.o(i.__0sprintf$bare) refers to printfb.o(i._sputc) for _sputc
    printfb.o(i.__0vfprintf$bare) refers to printfb.o(i._printf_core) for _printf_core
    printfb.o(i.__0vfprintf$bare) refers to main.o(i.fputc) for fputc
    printfb.o(i.__0vprintf$bare) refers to printfb.o(i._printf_core) for _printf_core
    printfb.o(i.__0vprintf$bare) refers to main.o(i.fputc) for fputc
    printfb.o(i.__0vprintf$bare) refers to stdout.o(.data) for __stdout
    printfb.o(i.__0vsnprintf$bare) refers to printfb.o(i._printf_core) for _printf_core
    printfb.o(i.__0vsnprintf$bare) refers to printfb.o(i._snputc) for _snputc
    printfb.o(i.__0vsprintf$bare) refers to printfb.o(i._printf_core) for _printf_core
    printfb.o(i.__0vsprintf$bare) refers to printfb.o(i._sputc) for _sputc
    printf0.o(i.__0fprintf$0) refers to printf0.o(i._printf_core) for _printf_core
    printf0.o(i.__0fprintf$0) refers to main.o(i.fputc) for fputc
    printf0.o(i.__0printf$0) refers to printf0.o(i._printf_core) for _printf_core
    printf0.o(i.__0printf$0) refers to main.o(i.fputc) for fputc
    printf0.o(i.__0printf$0) refers to stdout.o(.data) for __stdout
    printf0.o(i.__0snprintf$0) refers to printf0.o(i._printf_core) for _printf_core
    printf0.o(i.__0snprintf$0) refers to printf0.o(i._snputc) for _snputc
    printf0.o(i.__0sprintf$0) refers to printf0.o(i._printf_core) for _printf_core
    printf0.o(i.__0sprintf$0) refers to printf0.o(i._sputc) for _sputc
    printf0.o(i.__0vfprintf$0) refers to printf0.o(i._printf_core) for _printf_core
    printf0.o(i.__0vfprintf$0) refers to main.o(i.fputc) for fputc
    printf0.o(i.__0vprintf$0) refers to printf0.o(i._printf_core) for _printf_core
    printf0.o(i.__0vprintf$0) refers to main.o(i.fputc) for fputc
    printf0.o(i.__0vprintf$0) refers to stdout.o(.data) for __stdout
    printf0.o(i.__0vsnprintf$0) refers to printf0.o(i._printf_core) for _printf_core
    printf0.o(i.__0vsnprintf$0) refers to printf0.o(i._snputc) for _snputc
    printf0.o(i.__0vsprintf$0) refers to printf0.o(i._printf_core) for _printf_core
    printf0.o(i.__0vsprintf$0) refers to printf0.o(i._sputc) for _sputc
    printf1.o(i.__0fprintf$1) refers to printf1.o(i._printf_core) for _printf_core
    printf1.o(i.__0fprintf$1) refers to main.o(i.fputc) for fputc
    printf1.o(i.__0printf$1) refers to printf1.o(i._printf_core) for _printf_core
    printf1.o(i.__0printf$1) refers to main.o(i.fputc) for fputc
    printf1.o(i.__0printf$1) refers to stdout.o(.data) for __stdout
    printf1.o(i.__0snprintf$1) refers to printf1.o(i._printf_core) for _printf_core
    printf1.o(i.__0snprintf$1) refers to printf1.o(i._snputc) for _snputc
    printf1.o(i.__0sprintf$1) refers to printf1.o(i._printf_core) for _printf_core
    printf1.o(i.__0sprintf$1) refers to printf1.o(i._sputc) for _sputc
    printf1.o(i.__0vfprintf$1) refers to printf1.o(i._printf_core) for _printf_core
    printf1.o(i.__0vfprintf$1) refers to main.o(i.fputc) for fputc
    printf1.o(i.__0vprintf$1) refers to printf1.o(i._printf_core) for _printf_core
    printf1.o(i.__0vprintf$1) refers to main.o(i.fputc) for fputc
    printf1.o(i.__0vprintf$1) refers to stdout.o(.data) for __stdout
    printf1.o(i.__0vsnprintf$1) refers to printf1.o(i._printf_core) for _printf_core
    printf1.o(i.__0vsnprintf$1) refers to printf1.o(i._snputc) for _snputc
    printf1.o(i.__0vsprintf$1) refers to printf1.o(i._printf_core) for _printf_core
    printf1.o(i.__0vsprintf$1) refers to printf1.o(i._sputc) for _sputc
    printf1.o(i._printf_core) refers to uidiv.o(.text) for __aeabi_uidivmod
    printf2.o(i.__0fprintf$2) refers to printf2.o(i._printf_core) for _printf_core
    printf2.o(i.__0fprintf$2) refers to main.o(i.fputc) for fputc
    printf2.o(i.__0printf$2) refers to printf2.o(i._printf_core) for _printf_core
    printf2.o(i.__0printf$2) refers to main.o(i.fputc) for fputc
    printf2.o(i.__0printf$2) refers to stdout.o(.data) for __stdout
    printf2.o(i.__0snprintf$2) refers to printf2.o(i._printf_core) for _printf_core
    printf2.o(i.__0snprintf$2) refers to printf2.o(i._snputc) for _snputc
    printf2.o(i.__0sprintf$2) refers to printf2.o(i._printf_core) for _printf_core
    printf2.o(i.__0sprintf$2) refers to printf2.o(i._sputc) for _sputc
    printf2.o(i.__0vfprintf$2) refers to printf2.o(i._printf_core) for _printf_core
    printf2.o(i.__0vfprintf$2) refers to main.o(i.fputc) for fputc
    printf2.o(i.__0vprintf$2) refers to printf2.o(i._printf_core) for _printf_core
    printf2.o(i.__0vprintf$2) refers to main.o(i.fputc) for fputc
    printf2.o(i.__0vprintf$2) refers to stdout.o(.data) for __stdout
    printf2.o(i.__0vsnprintf$2) refers to printf2.o(i._printf_core) for _printf_core
    printf2.o(i.__0vsnprintf$2) refers to printf2.o(i._snputc) for _snputc
    printf2.o(i.__0vsprintf$2) refers to printf2.o(i._printf_core) for _printf_core
    printf2.o(i.__0vsprintf$2) refers to printf2.o(i._sputc) for _sputc
    printf3.o(i.__0fprintf$3) refers to printf3.o(i._printf_core) for _printf_core
    printf3.o(i.__0fprintf$3) refers to main.o(i.fputc) for fputc
    printf3.o(i.__0printf$3) refers to printf3.o(i._printf_core) for _printf_core
    printf3.o(i.__0printf$3) refers to main.o(i.fputc) for fputc
    printf3.o(i.__0printf$3) refers to stdout.o(.data) for __stdout
    printf3.o(i.__0snprintf$3) refers to printf3.o(i._printf_core) for _printf_core
    printf3.o(i.__0snprintf$3) refers to printf3.o(i._snputc) for _snputc
    printf3.o(i.__0sprintf$3) refers to printf3.o(i._printf_core) for _printf_core
    printf3.o(i.__0sprintf$3) refers to printf3.o(i._sputc) for _sputc
    printf3.o(i.__0vfprintf$3) refers to printf3.o(i._printf_core) for _printf_core
    printf3.o(i.__0vfprintf$3) refers to main.o(i.fputc) for fputc
    printf3.o(i.__0vprintf$3) refers to printf3.o(i._printf_core) for _printf_core
    printf3.o(i.__0vprintf$3) refers to main.o(i.fputc) for fputc
    printf3.o(i.__0vprintf$3) refers to stdout.o(.data) for __stdout
    printf3.o(i.__0vsnprintf$3) refers to printf3.o(i._printf_core) for _printf_core
    printf3.o(i.__0vsnprintf$3) refers to printf3.o(i._snputc) for _snputc
    printf3.o(i.__0vsprintf$3) refers to printf3.o(i._printf_core) for _printf_core
    printf3.o(i.__0vsprintf$3) refers to printf3.o(i._sputc) for _sputc
    printf3.o(i._printf_core) refers to uidiv.o(.text) for __aeabi_uidivmod
    printf4.o(i.__0fprintf$4) refers to printf4.o(i._printf_core) for _printf_core
    printf4.o(i.__0fprintf$4) refers to main.o(i.fputc) for fputc
    printf4.o(i.__0printf$4) refers to printf4.o(i._printf_core) for _printf_core
    printf4.o(i.__0printf$4) refers to main.o(i.fputc) for fputc
    printf4.o(i.__0printf$4) refers to stdout.o(.data) for __stdout
    printf4.o(i.__0snprintf$4) refers to printf4.o(i._printf_core) for _printf_core
    printf4.o(i.__0snprintf$4) refers to printf4.o(i._snputc) for _snputc
    printf4.o(i.__0sprintf$4) refers to printf4.o(i._printf_core) for _printf_core
    printf4.o(i.__0sprintf$4) refers to printf4.o(i._sputc) for _sputc
    printf4.o(i.__0vfprintf$4) refers to printf4.o(i._printf_core) for _printf_core
    printf4.o(i.__0vfprintf$4) refers to main.o(i.fputc) for fputc
    printf4.o(i.__0vprintf$4) refers to printf4.o(i._printf_core) for _printf_core
    printf4.o(i.__0vprintf$4) refers to main.o(i.fputc) for fputc
    printf4.o(i.__0vprintf$4) refers to stdout.o(.data) for __stdout
    printf4.o(i.__0vsnprintf$4) refers to printf4.o(i._printf_core) for _printf_core
    printf4.o(i.__0vsnprintf$4) refers to printf4.o(i._snputc) for _snputc
    printf4.o(i.__0vsprintf$4) refers to printf4.o(i._printf_core) for _printf_core
    printf4.o(i.__0vsprintf$4) refers to printf4.o(i._sputc) for _sputc
    printf4.o(i._printf_core) refers to uldiv.o(.text) for __aeabi_uldivmod
    printf5.o(i.__0fprintf$5) refers to printf5.o(i._printf_core) for _printf_core
    printf5.o(i.__0fprintf$5) refers to main.o(i.fputc) for fputc
    printf5.o(i.__0printf$5) refers to printf5.o(i._printf_core) for _printf_core
    printf5.o(i.__0printf$5) refers to main.o(i.fputc) for fputc
    printf5.o(i.__0printf$5) refers to stdout.o(.data) for __stdout
    printf5.o(i.__0snprintf$5) refers to printf5.o(i._printf_core) for _printf_core
    printf5.o(i.__0snprintf$5) refers to printf5.o(i._snputc) for _snputc
    printf5.o(i.__0sprintf$5) refers to printf5.o(i._printf_core) for _printf_core
    printf5.o(i.__0sprintf$5) refers to printf5.o(i._sputc) for _sputc
    printf5.o(i.__0vfprintf$5) refers to printf5.o(i._printf_core) for _printf_core
    printf5.o(i.__0vfprintf$5) refers to main.o(i.fputc) for fputc
    printf5.o(i.__0vprintf$5) refers to printf5.o(i._printf_core) for _printf_core
    printf5.o(i.__0vprintf$5) refers to main.o(i.fputc) for fputc
    printf5.o(i.__0vprintf$5) refers to stdout.o(.data) for __stdout
    printf5.o(i.__0vsnprintf$5) refers to printf5.o(i._printf_core) for _printf_core
    printf5.o(i.__0vsnprintf$5) refers to printf5.o(i._snputc) for _snputc
    printf5.o(i.__0vsprintf$5) refers to printf5.o(i._printf_core) for _printf_core
    printf5.o(i.__0vsprintf$5) refers to printf5.o(i._sputc) for _sputc
    printf5.o(i._printf_core) refers to uldiv.o(.text) for __aeabi_uldivmod
    printf6.o(i.__0fprintf$6) refers to printf6.o(i._printf_core) for _printf_core
    printf6.o(i.__0fprintf$6) refers to main.o(i.fputc) for fputc
    printf6.o(i.__0printf$6) refers to printf6.o(i._printf_core) for _printf_core
    printf6.o(i.__0printf$6) refers to main.o(i.fputc) for fputc
    printf6.o(i.__0printf$6) refers to stdout.o(.data) for __stdout
    printf6.o(i.__0snprintf$6) refers to printf6.o(i._printf_core) for _printf_core
    printf6.o(i.__0snprintf$6) refers to printf6.o(i._snputc) for _snputc
    printf6.o(i.__0sprintf$6) refers to printf6.o(i._printf_core) for _printf_core
    printf6.o(i.__0sprintf$6) refers to printf6.o(i._sputc) for _sputc
    printf6.o(i.__0vfprintf$6) refers to printf6.o(i._printf_core) for _printf_core
    printf6.o(i.__0vfprintf$6) refers to main.o(i.fputc) for fputc
    printf6.o(i.__0vprintf$6) refers to printf6.o(i._printf_core) for _printf_core
    printf6.o(i.__0vprintf$6) refers to main.o(i.fputc) for fputc
    printf6.o(i.__0vprintf$6) refers to stdout.o(.data) for __stdout
    printf6.o(i.__0vsnprintf$6) refers to printf6.o(i._printf_core) for _printf_core
    printf6.o(i.__0vsnprintf$6) refers to printf6.o(i._snputc) for _snputc
    printf6.o(i.__0vsprintf$6) refers to printf6.o(i._printf_core) for _printf_core
    printf6.o(i.__0vsprintf$6) refers to printf6.o(i._sputc) for _sputc
    printf6.o(i._printf_core) refers to printf6.o(i._printf_pre_padding) for _printf_pre_padding
    printf6.o(i._printf_core) refers to uidiv.o(.text) for __aeabi_uidivmod
    printf6.o(i._printf_core) refers to printf6.o(i._printf_post_padding) for _printf_post_padding
    printf7.o(i.__0fprintf$7) refers to printf7.o(i._printf_core) for _printf_core
    printf7.o(i.__0fprintf$7) refers to main.o(i.fputc) for fputc
    printf7.o(i.__0printf$7) refers to printf7.o(i._printf_core) for _printf_core
    printf7.o(i.__0printf$7) refers to main.o(i.fputc) for fputc
    printf7.o(i.__0printf$7) refers to stdout.o(.data) for __stdout
    printf7.o(i.__0snprintf$7) refers to printf7.o(i._printf_core) for _printf_core
    printf7.o(i.__0snprintf$7) refers to printf7.o(i._snputc) for _snputc
    printf7.o(i.__0sprintf$7) refers to printf7.o(i._printf_core) for _printf_core
    printf7.o(i.__0sprintf$7) refers to printf7.o(i._sputc) for _sputc
    printf7.o(i.__0vfprintf$7) refers to printf7.o(i._printf_core) for _printf_core
    printf7.o(i.__0vfprintf$7) refers to main.o(i.fputc) for fputc
    printf7.o(i.__0vprintf$7) refers to printf7.o(i._printf_core) for _printf_core
    printf7.o(i.__0vprintf$7) refers to main.o(i.fputc) for fputc
    printf7.o(i.__0vprintf$7) refers to stdout.o(.data) for __stdout
    printf7.o(i.__0vsnprintf$7) refers to printf7.o(i._printf_core) for _printf_core
    printf7.o(i.__0vsnprintf$7) refers to printf7.o(i._snputc) for _snputc
    printf7.o(i.__0vsprintf$7) refers to printf7.o(i._printf_core) for _printf_core
    printf7.o(i.__0vsprintf$7) refers to printf7.o(i._sputc) for _sputc
    printf7.o(i._printf_core) refers to printf7.o(i._printf_pre_padding) for _printf_pre_padding
    printf7.o(i._printf_core) refers to uldiv.o(.text) for __aeabi_uldivmod
    printf7.o(i._printf_core) refers to printf7.o(i._printf_post_padding) for _printf_post_padding
    printf8.o(i.__0fprintf$8) refers to printf8.o(i._printf_core) for _printf_core
    printf8.o(i.__0fprintf$8) refers to main.o(i.fputc) for fputc
    printf8.o(i.__0printf$8) refers to printf8.o(i._printf_core) for _printf_core
    printf8.o(i.__0printf$8) refers to main.o(i.fputc) for fputc
    printf8.o(i.__0printf$8) refers to stdout.o(.data) for __stdout
    printf8.o(i.__0snprintf$8) refers to printf8.o(i._printf_core) for _printf_core
    printf8.o(i.__0snprintf$8) refers to printf8.o(i._snputc) for _snputc
    printf8.o(i.__0sprintf$8) refers to printf8.o(i._printf_core) for _printf_core
    printf8.o(i.__0sprintf$8) refers to printf8.o(i._sputc) for _sputc
    printf8.o(i.__0vfprintf$8) refers to printf8.o(i._printf_core) for _printf_core
    printf8.o(i.__0vfprintf$8) refers to main.o(i.fputc) for fputc
    printf8.o(i.__0vprintf$8) refers to printf8.o(i._printf_core) for _printf_core
    printf8.o(i.__0vprintf$8) refers to main.o(i.fputc) for fputc
    printf8.o(i.__0vprintf$8) refers to stdout.o(.data) for __stdout
    printf8.o(i.__0vsnprintf$8) refers to printf8.o(i._printf_core) for _printf_core
    printf8.o(i.__0vsnprintf$8) refers to printf8.o(i._snputc) for _snputc
    printf8.o(i.__0vsprintf$8) refers to printf8.o(i._printf_core) for _printf_core
    printf8.o(i.__0vsprintf$8) refers to printf8.o(i._sputc) for _sputc
    printf8.o(i._printf_core) refers to printf8.o(i._printf_pre_padding) for _printf_pre_padding
    printf8.o(i._printf_core) refers to uldiv.o(.text) for __aeabi_uldivmod
    printf8.o(i._printf_core) refers to printf8.o(i._printf_post_padding) for _printf_post_padding
    printfa.o(i.__0fprintf) refers (Special) to iusefp.o(.text) for __I$use$fp
    printfa.o(i.__0fprintf) refers to printfa.o(i._printf_core) for _printf_core
    printfa.o(i.__0fprintf) refers to main.o(i.fputc) for fputc
    printfa.o(i.__0printf) refers (Special) to iusefp.o(.text) for __I$use$fp
    printfa.o(i.__0printf) refers to printfa.o(i._printf_core) for _printf_core
    printfa.o(i.__0printf) refers to main.o(i.fputc) for fputc
    printfa.o(i.__0printf) refers to stdout.o(.data) for __stdout
    printfa.o(i.__0snprintf) refers (Special) to iusefp.o(.text) for __I$use$fp
    printfa.o(i.__0snprintf) refers to printfa.o(i._printf_core) for _printf_core
    printfa.o(i.__0snprintf) refers to printfa.o(i._snputc) for _snputc
    printfa.o(i.__0sprintf) refers (Special) to iusefp.o(.text) for __I$use$fp
    printfa.o(i.__0sprintf) refers to printfa.o(i._printf_core) for _printf_core
    printfa.o(i.__0sprintf) refers to printfa.o(i._sputc) for _sputc
    printfa.o(i.__0vfprintf) refers (Special) to iusefp.o(.text) for __I$use$fp
    printfa.o(i.__0vfprintf) refers to printfa.o(i._printf_core) for _printf_core
    printfa.o(i.__0vfprintf) refers to main.o(i.fputc) for fputc
    printfa.o(i.__0vprintf) refers (Special) to iusefp.o(.text) for __I$use$fp
    printfa.o(i.__0vprintf) refers to printfa.o(i._printf_core) for _printf_core
    printfa.o(i.__0vprintf) refers to main.o(i.fputc) for fputc
    printfa.o(i.__0vprintf) refers to stdout.o(.data) for __stdout
    printfa.o(i.__0vsnprintf) refers (Special) to iusefp.o(.text) for __I$use$fp
    printfa.o(i.__0vsnprintf) refers to printfa.o(i._printf_core) for _printf_core
    printfa.o(i.__0vsnprintf) refers to printfa.o(i._snputc) for _snputc
    printfa.o(i.__0vsprintf) refers (Special) to iusefp.o(.text) for __I$use$fp
    printfa.o(i.__0vsprintf) refers to printfa.o(i._printf_core) for _printf_core
    printfa.o(i.__0vsprintf) refers to printfa.o(i._sputc) for _sputc
    printfa.o(i._fp_digits) refers (Special) to iusefp.o(.text) for __I$use$fp
    printfa.o(i._fp_digits) refers to dmul.o(.text) for __aeabi_dmul
    printfa.o(i._fp_digits) refers to ddiv.o(.text) for __aeabi_ddiv
    printfa.o(i._fp_digits) refers to cdrcmple.o(.text) for __aeabi_cdrcmple
    printfa.o(i._fp_digits) refers to dadd.o(.text) for __aeabi_dadd
    printfa.o(i._fp_digits) refers to dfixul.o(.text) for __aeabi_d2ulz
    printfa.o(i._fp_digits) refers to uldiv.o(.text) for __aeabi_uldivmod
    printfa.o(i._printf_core) refers (Special) to iusefp.o(.text) for __I$use$fp
    printfa.o(i._printf_core) refers to printfa.o(i._printf_pre_padding) for _printf_pre_padding
    printfa.o(i._printf_core) refers to uldiv.o(.text) for __aeabi_uldivmod
    printfa.o(i._printf_core) refers to printfa.o(i._printf_post_padding) for _printf_post_padding
    printfa.o(i._printf_core) refers to printfa.o(i._fp_digits) for _fp_digits
    printfa.o(i._printf_core) refers to uidiv.o(.text) for __aeabi_uidivmod
    printfa.o(i._printf_post_padding) refers (Special) to iusefp.o(.text) for __I$use$fp
    printfa.o(i._printf_pre_padding) refers (Special) to iusefp.o(.text) for __I$use$fp
    printfa.o(i._snputc) refers (Special) to iusefp.o(.text) for __I$use$fp
    printfa.o(i._sputc) refers (Special) to iusefp.o(.text) for __I$use$fp
    entry2.o(.ARM.Collect$$$$00000001) refers to entry2.o(.ARM.Collect$$$$00002712) for __lit__00000000
    entry2.o(.ARM.Collect$$$$00002712) refers to startup_stm32f10x_hd.o(STACK) for __initial_sp
    entry2.o(__vectab_stack_and_reset_area) refers to startup_stm32f10x_hd.o(STACK) for __initial_sp
    entry2.o(__vectab_stack_and_reset_area) refers to entry.o(.ARM.Collect$$$$00000000) for __main
    entry5.o(.ARM.Collect$$$$00000004) refers to init.o(.text) for __scatterload
    entry7.o(.ARM.Collect$$$$00000007) refers to main.o(i.main) for main
    uldiv.o(.text) refers to llushr.o(.text) for __aeabi_llsr
    uldiv.o(.text) refers to llshl.o(.text) for __aeabi_llsl
    dadd.o(.text) refers to llushr.o(.text) for __aeabi_llsr
    dadd.o(.text) refers to llshl.o(.text) for __aeabi_llsl
    dadd.o(.text) refers to depilogue.o(.text) for _double_epilogue
    dmul.o(.text) refers to depilogue.o(.text) for _double_epilogue
    ddiv.o(.text) refers to depilogue.o(.text) for _double_epilogue
    dfixul.o(.text) refers to llushr.o(.text) for __aeabi_llsr
    dfixul.o(.text) refers to llshl.o(.text) for __aeabi_llsl
    init.o(.text) refers to entry5.o(.ARM.Collect$$$$00000004) for __main_after_scatterload


==============================================================================

Removing Unused input sections from the image.

    Removing sdcard.o(i.SD_Erase), (248 bytes).
    Removing sdcard.o(i.SD_GetTransferState), (20 bytes).
    Removing sdcard.o(i.SD_PowerOFF), (14 bytes).
    Removing sdcard.o(i.SD_SendSDStatus), (356 bytes).
    Removing sdcard.o(i.SD_SendStatus), (76 bytes).
    Removing main.o(i.Delay), (10 bytes).
    Removing main.o(i.GetKey), (28 bytes).
    Removing main.o(i.SendChar), (36 bytes).
    Removing main.o(.bss), (16 bytes).
    Removing main.o(.bss), (512 bytes).
    Removing main.o(.bss), (548 bytes).
    Removing main.o(.data), (1 bytes).
    Removing main.o(.data), (4 bytes).
    Removing vs1003.o(i.Mp3ReadRegister), (68 bytes).
    Removing vs1003.o(i.ReadWordADS), (52 bytes).
    Removing vs1003.o(i.delay_us), (40 bytes).
    Removing vs1003.o(.data), (1 bytes).
    Removing vs1003.o(.data), (1 bytes).
    Removing vs1003.o(.data), (1 bytes).
    Removing vs1003.o(.data), (1 bytes).
    Removing vs1003.o(.data), (1 bytes).
    Removing vs1003.o(.data), (1 bytes).
    Removing vs1003.o(.data), (4 bytes).
    Removing vs1003.o(.data), (4 bytes).
    Removing vs1003.o(.data), (4 bytes).
    Removing vs1003.o(.data), (4 bytes).
    Removing vs1003.o(.data), (4 bytes).
    Removing vs1003.o(.data), (4 bytes).
    Removing vs1003.o(.data), (4 bytes).
    Removing vs1003.o(.data), (4 bytes).
    Removing vs1003.o(.data), (1 bytes).
    Removing vs1003.o(.data), (1 bytes).
    Removing vs1003.o(.data), (1 bytes).
    Removing vs1003.o(.data), (4 bytes).
    Removing misc.o(i.NVIC_SetVectorTable), (20 bytes).
    Removing misc.o(i.NVIC_SystemLPConfig), (24 bytes).
    Removing misc.o(i.SysTick_CLKSourceConfig), (24 bytes).
    Removing stm32f10x_gpio.o(i.GPIO_AFIODeInit), (22 bytes).
    Removing stm32f10x_gpio.o(i.GPIO_DeInit), (180 bytes).
    Removing stm32f10x_gpio.o(i.GPIO_ETH_MediaInterfaceConfig), (12 bytes).
    Removing stm32f10x_gpio.o(i.GPIO_EXTILineConfig), (40 bytes).
    Removing stm32f10x_gpio.o(i.GPIO_EventOutputCmd), (12 bytes).
    Removing stm32f10x_gpio.o(i.GPIO_EventOutputConfig), (28 bytes).
    Removing stm32f10x_gpio.o(i.GPIO_PinLockConfig), (16 bytes).
    Removing stm32f10x_gpio.o(i.GPIO_PinRemapConfig), (88 bytes).
    Removing stm32f10x_gpio.o(i.GPIO_ReadInputData), (6 bytes).
    Removing stm32f10x_gpio.o(i.GPIO_ReadOutputData), (6 bytes).
    Removing stm32f10x_gpio.o(i.GPIO_ReadOutputDataBit), (14 bytes).
    Removing stm32f10x_gpio.o(i.GPIO_ResetBits), (4 bytes).
    Removing stm32f10x_gpio.o(i.GPIO_SetBits), (4 bytes).
    Removing stm32f10x_gpio.o(i.GPIO_StructInit), (16 bytes).
    Removing stm32f10x_gpio.o(i.GPIO_Write), (4 bytes).
    Removing stm32f10x_gpio.o(i.GPIO_WriteBit), (10 bytes).
    Removing stm32f10x_rcc.o(i.RCC_ADCCLKConfig), (20 bytes).
    Removing stm32f10x_rcc.o(i.RCC_APB1PeriphResetCmd), (24 bytes).
    Removing stm32f10x_rcc.o(i.RCC_AdjustHSICalibrationValue), (20 bytes).
    Removing stm32f10x_rcc.o(i.RCC_BackupResetCmd), (12 bytes).
    Removing stm32f10x_rcc.o(i.RCC_ClearFlag), (16 bytes).
    Removing stm32f10x_rcc.o(i.RCC_ClearITPendingBit), (12 bytes).
    Removing stm32f10x_rcc.o(i.RCC_ClockSecuritySystemCmd), (12 bytes).
    Removing stm32f10x_rcc.o(i.RCC_DeInit), (64 bytes).
    Removing stm32f10x_rcc.o(i.RCC_GetFlagStatus), (48 bytes).
    Removing stm32f10x_rcc.o(i.RCC_GetITStatus), (20 bytes).
    Removing stm32f10x_rcc.o(i.RCC_GetSYSCLKSource), (16 bytes).
    Removing stm32f10x_rcc.o(i.RCC_HCLKConfig), (20 bytes).
    Removing stm32f10x_rcc.o(i.RCC_HSEConfig), (52 bytes).
    Removing stm32f10x_rcc.o(i.RCC_HSICmd), (12 bytes).
    Removing stm32f10x_rcc.o(i.RCC_ITConfig), (24 bytes).
    Removing stm32f10x_rcc.o(i.RCC_LSEConfig), (32 bytes).
    Removing stm32f10x_rcc.o(i.RCC_LSICmd), (12 bytes).
    Removing stm32f10x_rcc.o(i.RCC_MCOConfig), (12 bytes).
    Removing stm32f10x_rcc.o(i.RCC_PCLK1Config), (20 bytes).
    Removing stm32f10x_rcc.o(i.RCC_PCLK2Config), (20 bytes).
    Removing stm32f10x_rcc.o(i.RCC_PLLCmd), (12 bytes).
    Removing stm32f10x_rcc.o(i.RCC_PLLConfig), (20 bytes).
    Removing stm32f10x_rcc.o(i.RCC_RTCCLKCmd), (12 bytes).
    Removing stm32f10x_rcc.o(i.RCC_RTCCLKConfig), (16 bytes).
    Removing stm32f10x_rcc.o(i.RCC_SYSCLKConfig), (20 bytes).
    Removing stm32f10x_rcc.o(i.RCC_USBCLKConfig), (12 bytes).
    Removing stm32f10x_rcc.o(i.RCC_WaitForHSEStartUp), (38 bytes).
    Removing stm32f10x_usart.o(i.USART_ClearFlag), (6 bytes).
    Removing stm32f10x_usart.o(i.USART_ClearITPendingBit), (12 bytes).
    Removing stm32f10x_usart.o(i.USART_ClockInit), (30 bytes).
    Removing stm32f10x_usart.o(i.USART_ClockStructInit), (12 bytes).
    Removing stm32f10x_usart.o(i.USART_DMACmd), (16 bytes).
    Removing stm32f10x_usart.o(i.USART_DeInit), (116 bytes).
    Removing stm32f10x_usart.o(i.USART_GetITStatus), (62 bytes).
    Removing stm32f10x_usart.o(i.USART_HalfDuplexCmd), (20 bytes).
    Removing stm32f10x_usart.o(i.USART_IrDACmd), (20 bytes).
    Removing stm32f10x_usart.o(i.USART_IrDAConfig), (16 bytes).
    Removing stm32f10x_usart.o(i.USART_LINBreakDetectLengthConfig), (16 bytes).
    Removing stm32f10x_usart.o(i.USART_LINCmd), (20 bytes).
    Removing stm32f10x_usart.o(i.USART_OneBitMethodCmd), (20 bytes).
    Removing stm32f10x_usart.o(i.USART_OverSampling8Cmd), (20 bytes).
    Removing stm32f10x_usart.o(i.USART_ReceiveData), (8 bytes).
    Removing stm32f10x_usart.o(i.USART_ReceiverWakeUpCmd), (20 bytes).
    Removing stm32f10x_usart.o(i.USART_SendBreak), (10 bytes).
    Removing stm32f10x_usart.o(i.USART_SetAddress), (16 bytes).
    Removing stm32f10x_usart.o(i.USART_SetGuardTime), (16 bytes).
    Removing stm32f10x_usart.o(i.USART_SetPrescaler), (16 bytes).
    Removing stm32f10x_usart.o(i.USART_SmartCardCmd), (20 bytes).
    Removing stm32f10x_usart.o(i.USART_SmartCardNACKCmd), (20 bytes).
    Removing stm32f10x_usart.o(i.USART_StructInit), (22 bytes).
    Removing stm32f10x_usart.o(i.USART_WakeUpConfig), (16 bytes).
    Removing stm32f10x_sdio.o(i.SDIO_CEATAITCmd), (16 bytes).
    Removing stm32f10x_sdio.o(i.SDIO_CmdStructInit), (14 bytes).
    Removing stm32f10x_sdio.o(i.SDIO_CommandCompletionCmd), (12 bytes).
    Removing stm32f10x_sdio.o(i.SDIO_DataStructInit), (20 bytes).
    Removing stm32f10x_sdio.o(i.SDIO_GetDataCounter), (12 bytes).
    Removing stm32f10x_sdio.o(i.SDIO_GetFIFOCount), (12 bytes).
    Removing stm32f10x_sdio.o(i.SDIO_SendCEATACmd), (12 bytes).
    Removing stm32f10x_sdio.o(i.SDIO_SendSDIOSuspendCmd), (12 bytes).
    Removing stm32f10x_sdio.o(i.SDIO_SetSDIOOperation), (12 bytes).
    Removing stm32f10x_sdio.o(i.SDIO_SetSDIOReadWaitMode), (12 bytes).
    Removing stm32f10x_sdio.o(i.SDIO_StartSDIOReadWait), (12 bytes).
    Removing stm32f10x_sdio.o(i.SDIO_StopSDIOReadWait), (12 bytes).
    Removing stm32f10x_sdio.o(i.SDIO_StructInit), (16 bytes).
    Removing stm32f10x_dma.o(i.DMA_ClearITPendingBit), (20 bytes).
    Removing stm32f10x_dma.o(i.DMA_DeInit), (236 bytes).
    Removing stm32f10x_dma.o(i.DMA_GetCurrDataCounter), (6 bytes).
    Removing stm32f10x_dma.o(i.DMA_GetITStatus), (32 bytes).
    Removing stm32f10x_dma.o(i.DMA_ITConfig), (16 bytes).
    Removing stm32f10x_dma.o(i.DMA_StructInit), (26 bytes).
    Removing stm32f10x_spi.o(i.I2S_Cmd), (20 bytes).
    Removing stm32f10x_spi.o(i.I2S_Init), (144 bytes).
    Removing stm32f10x_spi.o(i.I2S_StructInit), (18 bytes).
    Removing stm32f10x_spi.o(i.SPI_BiDirectionalLineConfig), (22 bytes).
    Removing stm32f10x_spi.o(i.SPI_CalculateCRC), (20 bytes).
    Removing stm32f10x_spi.o(i.SPI_DataSizeConfig), (16 bytes).
    Removing stm32f10x_spi.o(i.SPI_GetCRC), (12 bytes).
    Removing stm32f10x_spi.o(i.SPI_GetCRCPolynomial), (4 bytes).
    Removing stm32f10x_spi.o(i.SPI_I2S_ClearFlag), (6 bytes).
    Removing stm32f10x_spi.o(i.SPI_I2S_ClearITPendingBit), (14 bytes).
    Removing stm32f10x_spi.o(i.SPI_I2S_DMACmd), (16 bytes).
    Removing stm32f10x_spi.o(i.SPI_I2S_DeInit), (84 bytes).
    Removing stm32f10x_spi.o(i.SPI_I2S_GetITStatus), (44 bytes).
    Removing stm32f10x_spi.o(i.SPI_I2S_ITConfig), (24 bytes).
    Removing stm32f10x_spi.o(i.SPI_NSSInternalSoftwareConfig), (24 bytes).
    Removing stm32f10x_spi.o(i.SPI_SSOutputCmd), (20 bytes).
    Removing stm32f10x_spi.o(i.SPI_StructInit), (24 bytes).
    Removing stm32f10x_spi.o(i.SPI_TransmitCRC), (10 bytes).
    Removing startup_stm32f10x_hd.o(HEAP), (512 bytes).
    Removing core_cm3.o(.emb_text), (32 bytes).
    Removing system_stm32f10x.o(i.SystemCoreClockUpdate), (100 bytes).
    Removing system_stm32f10x.o(.data), (20 bytes).
    Removing ff.o(i.dir_remove), (40 bytes).
    Removing ff.o(i.f_chmod), (76 bytes).
    Removing ff.o(i.f_getfree), (188 bytes).
    Removing ff.o(i.f_lseek), (330 bytes).
    Removing ff.o(i.f_mkdir), (386 bytes).
    Removing ff.o(i.f_rename), (238 bytes).
    Removing ff.o(i.f_stat), (58 bytes).
    Removing ff.o(i.f_truncate), (142 bytes).
    Removing ff.o(i.f_unlink), (142 bytes).
    Removing ff.o(i.f_utime), (80 bytes).
    Removing ff.o(i.f_write), (396 bytes).
    Removing dadd.o(.text), (414 bytes).
    Removing dmul.o(.text), (232 bytes).
    Removing ddiv.o(.text), (248 bytes).
    Removing dfixul.o(.text), (50 bytes).
    Removing cdrcmple.o(.text), (76 bytes).
    Removing depilogue.o(.text), (200 bytes).

162 unused section(s) (total 8744 bytes) removed from the image.

==============================================================================

Image Symbol Table

    Local Symbols

    Symbol Name                              Value     Ov Type        Size  Object(Section)

    ../../microlib/division.c                0x00000000   Number         0  uidiv.o ABSOLUTE
    ../../microlib/division.c                0x00000000   Number         0  uldiv.o ABSOLUTE
    ../../microlib/fpadd.c                   0x00000000   Number         0  dadd.o ABSOLUTE
    ../../microlib/fpdiv.c                   0x00000000   Number         0  ddiv.o ABSOLUTE
    ../../microlib/fpepilogue.c              0x00000000   Number         0  depilogue.o ABSOLUTE
    ../../microlib/fpfix.c                   0x00000000   Number         0  dfixul.o ABSOLUTE
    ../../microlib/fpmul.c                   0x00000000   Number         0  dmul.o ABSOLUTE
    ../../microlib/init/entry.s              0x00000000   Number         0  entry5.o ABSOLUTE
    ../../microlib/init/entry.s              0x00000000   Number         0  entry.o ABSOLUTE
    ../../microlib/init/entry.s              0x00000000   Number         0  entry2.o ABSOLUTE
    ../../microlib/init/entry.s              0x00000000   Number         0  entry7.o ABSOLUTE
    ../../microlib/longlong.c                0x00000000   Number         0  llushr.o ABSOLUTE
    ../../microlib/longlong.c                0x00000000   Number         0  llshl.o ABSOLUTE
    ../../microlib/printf/printf.c           0x00000000   Number         0  printf3.o ABSOLUTE
    ../../microlib/printf/printf.c           0x00000000   Number         0  printf6.o ABSOLUTE
    ../../microlib/printf/printf.c           0x00000000   Number         0  printfb.o ABSOLUTE
    ../../microlib/printf/printf.c           0x00000000   Number         0  printf0.o ABSOLUTE
    ../../microlib/printf/printf.c           0x00000000   Number         0  printf1.o ABSOLUTE
    ../../microlib/printf/printf.c           0x00000000   Number         0  printf2.o ABSOLUTE
    ../../microlib/printf/printf.c           0x00000000   Number         0  printfa.o ABSOLUTE
    ../../microlib/printf/printf.c           0x00000000   Number         0  printf4.o ABSOLUTE
    ../../microlib/printf/printf.c           0x00000000   Number         0  printf5.o ABSOLUTE
    ../../microlib/printf/printf.c           0x00000000   Number         0  printf7.o ABSOLUTE
    ../../microlib/printf/printf.c           0x00000000   Number         0  printf8.o ABSOLUTE
    ../../microlib/printf/stubs.s            0x00000000   Number         0  stubs.o ABSOLUTE
    ../../microlib/stdio/streams.c           0x00000000   Number         0  stdout.o ABSOLUTE
    ../../microlib/string/memset.c           0x00000000   Number         0  memseta.o ABSOLUTE
    ../../microlib/stubs.s                   0x00000000   Number         0  iusefp.o ABSOLUTE
    CM3\\core_cm3.c                          0x00000000   Number         0  core_cm3.o ABSOLUTE
    CM3\core_cm3.c                           0x00000000   Number         0  core_cm3.o ABSOLUTE
    CM3\system_stm32f10x.c                   0x00000000   Number         0  system_stm32f10x.o ABSOLUTE
    FWlib\SRC\misc.c                         0x00000000   Number         0  misc.o ABSOLUTE
    FWlib\SRC\stm32f10x_dma.c                0x00000000   Number         0  stm32f10x_dma.o ABSOLUTE
    FWlib\SRC\stm32f10x_gpio.c               0x00000000   Number         0  stm32f10x_gpio.o ABSOLUTE
    FWlib\SRC\stm32f10x_rcc.c                0x00000000   Number         0  stm32f10x_rcc.o ABSOLUTE
    FWlib\SRC\stm32f10x_sdio.c               0x00000000   Number         0  stm32f10x_sdio.o ABSOLUTE
    FWlib\SRC\stm32f10x_spi.c                0x00000000   Number         0  stm32f10x_spi.o ABSOLUTE
    FWlib\SRC\stm32f10x_usart.c              0x00000000   Number         0  stm32f10x_usart.o ABSOLUTE
    cdrcmple.s                               0x00000000   Number         0  cdrcmple.o ABSOLUTE
    dc.s                                     0x00000000   Number         0  dc.o ABSOLUTE
    fatfs\diskio.c                           0x00000000   Number         0  diskio.o ABSOLUTE
    fatfs\ff.c                               0x00000000   Number         0  ff.o ABSOLUTE
    handlers.s                               0x00000000   Number         0  handlers.o ABSOLUTE
    init.s                                   0x00000000   Number         0  init.o ABSOLUTE
    startup\startup_stm32f10x_hd.s           0x00000000   Number         0  startup_stm32f10x_hd.o ABSOLUTE
    user\VS1003.c                            0x00000000   Number         0  vs1003.o ABSOLUTE
    user\main.c                              0x00000000   Number         0  main.o ABSOLUTE
    user\sdcard.c                            0x00000000   Number         0  sdcard.o ABSOLUTE
    user\stm32f10x_it.c                      0x00000000   Number         0  stm32f10x_it.o ABSOLUTE
    RESET                                    0x08000000   Section      304  startup_stm32f10x_hd.o(RESET)
    .ARM.Collect$$$$00000000                 0x08000130   Section        0  entry.o(.ARM.Collect$$$$00000000)
    .ARM.Collect$$$$00000001                 0x08000130   Section        4  entry2.o(.ARM.Collect$$$$00000001)
    .ARM.Collect$$$$00000004                 0x08000134   Section        4  entry5.o(.ARM.Collect$$$$00000004)
    .ARM.Collect$$$$00000007                 0x08000138   Section        8  entry7.o(.ARM.Collect$$$$00000007)
    .ARM.Collect$$$$00002712                 0x08000140   Section        4  entry2.o(.ARM.Collect$$$$00002712)
    __lit__00000000                          0x08000140   Data           4  entry2.o(.ARM.Collect$$$$00002712)
    .text                                    0x08000144   Section       36  startup_stm32f10x_hd.o(.text)
    .text                                    0x08000168   Section       38  memseta.o(.text)
    .text                                    0x08000190   Section       36  init.o(.text)
    i.BusFault_Handler                       0x080001b4   Section        2  stm32f10x_it.o(i.BusFault_Handler)
    i.CmdResp1Error                          0x080001b8   Section      232  sdcard.o(i.CmdResp1Error)
    CmdResp1Error                            0x080001b9   Thumb Code   224  sdcard.o(i.CmdResp1Error)
    i.CmdResp2Error                          0x080002a0   Section       52  sdcard.o(i.CmdResp2Error)
    CmdResp2Error                            0x080002a1   Thumb Code    46  sdcard.o(i.CmdResp2Error)
    i.CmdResp6Error                          0x080002d4   Section      112  sdcard.o(i.CmdResp6Error)
    CmdResp6Error                            0x080002d5   Thumb Code   108  sdcard.o(i.CmdResp6Error)
    i.DMA_ClearFlag                          0x08000344   Section       20  stm32f10x_dma.o(i.DMA_ClearFlag)
    i.DMA_Cmd                                0x08000358   Section       20  stm32f10x_dma.o(i.DMA_Cmd)
    i.DMA_GetFlagStatus                      0x0800036c   Section       32  stm32f10x_dma.o(i.DMA_GetFlagStatus)
    i.DMA_Init                               0x0800038c   Section       58  stm32f10x_dma.o(i.DMA_Init)
    i.DMA_RxConfiguration                    0x080003c8   Section       92  sdcard.o(i.DMA_RxConfiguration)
    DMA_RxConfiguration                      0x080003c9   Thumb Code    80  sdcard.o(i.DMA_RxConfiguration)
    i.DMA_TxConfiguration                    0x08000424   Section       96  sdcard.o(i.DMA_TxConfiguration)
    DMA_TxConfiguration                      0x08000425   Thumb Code    82  sdcard.o(i.DMA_TxConfiguration)
    i.DebugMon_Handler                       0x08000484   Section        2  stm32f10x_it.o(i.DebugMon_Handler)
    i.Delay_ms                               0x08000488   Section       40  vs1003.o(i.Delay_ms)
    i.FindSCR                                0x080004b0   Section      328  sdcard.o(i.FindSCR)
    FindSCR                                  0x080004b1   Thumb Code   312  sdcard.o(i.FindSCR)
    i.GPIO_Init                              0x080005f8   Section      158  stm32f10x_gpio.o(i.GPIO_Init)
    i.GPIO_ReadInputDataBit                  0x08000696   Section       14  stm32f10x_gpio.o(i.GPIO_ReadInputDataBit)
    i.HardFault_Handler                      0x080006a4   Section        2  stm32f10x_it.o(i.HardFault_Handler)
    i.IsCardProgramming                      0x080006a8   Section      280  sdcard.o(i.IsCardProgramming)
    IsCardProgramming                        0x080006a9   Thumb Code   264  sdcard.o(i.IsCardProgramming)
    i.MemManage_Handler                      0x080007c0   Section        2  stm32f10x_it.o(i.MemManage_Handler)
    i.Mp3WriteRegister                       0x080007c4   Section       76  vs1003.o(i.Mp3WriteRegister)
    i.NMI_Handler                            0x08000810   Section        2  stm32f10x_it.o(i.NMI_Handler)
    i.NVIC_Configuration                     0x08000812   Section       40  main.o(i.NVIC_Configuration)
    i.NVIC_Init                              0x0800083a   Section       92  misc.o(i.NVIC_Init)
    i.NVIC_PriorityGroupConfig               0x08000898   Section       20  misc.o(i.NVIC_PriorityGroupConfig)
    i.PendSV_Handler                         0x080008ac   Section        2  stm32f10x_it.o(i.PendSV_Handler)
    i.Play_Music                             0x080008b0   Section      380  main.o(i.Play_Music)
    i.RCC_AHBPeriphClockCmd                  0x08000a2c   Section       24  stm32f10x_rcc.o(i.RCC_AHBPeriphClockCmd)
    i.RCC_APB1PeriphClockCmd                 0x08000a44   Section       24  stm32f10x_rcc.o(i.RCC_APB1PeriphClockCmd)
    i.RCC_APB2PeriphClockCmd                 0x08000a5c   Section       24  stm32f10x_rcc.o(i.RCC_APB2PeriphClockCmd)
    i.RCC_APB2PeriphResetCmd                 0x08000a74   Section       24  stm32f10x_rcc.o(i.RCC_APB2PeriphResetCmd)
    i.RCC_Configuration                      0x08000a8c   Section       18  main.o(i.RCC_Configuration)
    i.RCC_GetClocksFreq                      0x08000aa0   Section      148  stm32f10x_rcc.o(i.RCC_GetClocksFreq)
    i.SDEnWideBus                            0x08000b34   Section      184  sdcard.o(i.SDEnWideBus)
    SDEnWideBus                              0x08000b35   Thumb Code   174  sdcard.o(i.SDEnWideBus)
    i.SDIO_ClearFlag                         0x08000bec   Section       12  stm32f10x_sdio.o(i.SDIO_ClearFlag)
    i.SDIO_ClearITPendingBit                 0x08000bf8   Section       12  stm32f10x_sdio.o(i.SDIO_ClearITPendingBit)
    i.SDIO_ClockCmd                          0x08000c04   Section       12  stm32f10x_sdio.o(i.SDIO_ClockCmd)
    i.SDIO_DMACmd                            0x08000c10   Section       12  stm32f10x_sdio.o(i.SDIO_DMACmd)
    i.SDIO_DataConfig                        0x08000c1c   Section       44  stm32f10x_sdio.o(i.SDIO_DataConfig)
    i.SDIO_DeInit                            0x08000c48   Section       36  stm32f10x_sdio.o(i.SDIO_DeInit)
    i.SDIO_GetCommandResponse                0x08000c6c   Section       12  stm32f10x_sdio.o(i.SDIO_GetCommandResponse)
    i.SDIO_GetFlagStatus                     0x08000c78   Section       20  stm32f10x_sdio.o(i.SDIO_GetFlagStatus)
    i.SDIO_GetITStatus                       0x08000c8c   Section       20  stm32f10x_sdio.o(i.SDIO_GetITStatus)
    i.SDIO_GetPowerState                     0x08000ca0   Section       16  stm32f10x_sdio.o(i.SDIO_GetPowerState)
    i.SDIO_GetResponse                       0x08000cb0   Section       12  stm32f10x_sdio.o(i.SDIO_GetResponse)
    i.SDIO_IRQHandler                        0x08000cbc   Section        4  stm32f10x_it.o(i.SDIO_IRQHandler)
    i.SDIO_ITConfig                          0x08000cc0   Section       24  stm32f10x_sdio.o(i.SDIO_ITConfig)
    i.SDIO_Init                              0x08000cd8   Section       44  stm32f10x_sdio.o(i.SDIO_Init)
    i.SDIO_ReadData                          0x08000d04   Section       12  stm32f10x_sdio.o(i.SDIO_ReadData)
    i.SDIO_SendCommand                       0x08000d10   Section       40  stm32f10x_sdio.o(i.SDIO_SendCommand)
    i.SDIO_SetPowerState                     0x08000d38   Section       24  stm32f10x_sdio.o(i.SDIO_SetPowerState)
    i.SDIO_WriteData                         0x08000d50   Section       12  stm32f10x_sdio.o(i.SDIO_WriteData)
    i.SD_Config                              0x08000d5c   Section      140  main.o(i.SD_Config)
    i.SD_EnableWideBusOperation              0x08000de8   Section      120  sdcard.o(i.SD_EnableWideBusOperation)
    i.SD_GetCardInfo                         0x08000e60   Section      580  sdcard.o(i.SD_GetCardInfo)
    i.SD_Init                                0x080010a4   Section      128  sdcard.o(i.SD_Init)
    i.SD_InitializeCards                     0x08001124   Section      260  sdcard.o(i.SD_InitializeCards)
    i.SD_PowerON                             0x08001228   Section      464  sdcard.o(i.SD_PowerON)
    i.SD_ProcessIRQSrc                       0x080013f8   Section      412  sdcard.o(i.SD_ProcessIRQSrc)
    i.SD_ReadBlock                           0x08001594   Section      500  sdcard.o(i.SD_ReadBlock)
    i.SD_ReadMultiBlocks                     0x08001788   Section      588  sdcard.o(i.SD_ReadMultiBlocks)
    i.SD_SelectDeselect                      0x080019d4   Section       44  sdcard.o(i.SD_SelectDeselect)
    i.SD_SetDeviceMode                       0x08001a00   Section       28  sdcard.o(i.SD_SetDeviceMode)
    i.SD_StopTransfer                        0x08001a1c   Section       40  sdcard.o(i.SD_StopTransfer)
    i.SD_WriteBlock                          0x08001a44   Section      692  sdcard.o(i.SD_WriteBlock)
    i.SD_WriteMultiBlocks                    0x08001cf8   Section      748  sdcard.o(i.SD_WriteMultiBlocks)
    i.SPI_Cmd                                0x08001fe4   Section       20  stm32f10x_spi.o(i.SPI_Cmd)
    i.SPI_I2S_GetFlagStatus                  0x08001ff8   Section       14  stm32f10x_spi.o(i.SPI_I2S_GetFlagStatus)
    i.SPI_I2S_ReceiveData                    0x08002006   Section        4  stm32f10x_spi.o(i.SPI_I2S_ReceiveData)
    i.SPI_I2S_SendData                       0x0800200a   Section        4  stm32f10x_spi.o(i.SPI_I2S_SendData)
    i.SPI_Init                               0x0800200e   Section       56  stm32f10x_spi.o(i.SPI_Init)
    i.SPI_VS1003_Init                        0x08002048   Section      204  vs1003.o(i.SPI_VS1003_Init)
    i.SVC_Handler                            0x08002114   Section        2  stm32f10x_it.o(i.SVC_Handler)
    i.Serial_Init                            0x08002118   Section      160  main.o(i.Serial_Init)
    i.SetSysClockTo72                        0x080021b8   Section      144  system_stm32f10x.o(i.SetSysClockTo72)
    SetSysClockTo72                          0x080021b9   Thumb Code   136  system_stm32f10x.o(i.SetSysClockTo72)
    i.SysTick_Handler                        0x08002248   Section        2  stm32f10x_it.o(i.SysTick_Handler)
    i.SystemInit                             0x0800224c   Section       64  system_stm32f10x.o(i.SystemInit)
    i.USART_Cmd                              0x0800228c   Section       20  stm32f10x_usart.o(i.USART_Cmd)
    i.USART_GetFlagStatus                    0x080022a0   Section       14  stm32f10x_usart.o(i.USART_GetFlagStatus)
    i.USART_ITConfig                         0x080022ae   Section       48  stm32f10x_usart.o(i.USART_ITConfig)
    i.USART_Init                             0x080022e0   Section      180  stm32f10x_usart.o(i.USART_Init)
    i.USART_SendData                         0x08002394   Section        8  stm32f10x_usart.o(i.USART_SendData)
    i.UsageFault_Handler                     0x0800239c   Section        2  stm32f10x_it.o(i.UsageFault_Handler)
    i.WriteByteADS                           0x080023a0   Section       52  vs1003.o(i.WriteByteADS)
    i.__0printf$2                            0x080023d4   Section       32  printf2.o(i.__0printf$2)
    i.__scatterload_copy                     0x080023f4   Section       14  handlers.o(i.__scatterload_copy)
    i.__scatterload_null                     0x08002402   Section        2  handlers.o(i.__scatterload_null)
    i.__scatterload_zeroinit                 0x08002404   Section       14  handlers.o(i.__scatterload_zeroinit)
    i._printf_core                           0x08002412   Section      202  printf2.o(i._printf_core)
    _printf_core                             0x08002413   Thumb Code   202  printf2.o(i._printf_core)
    i.auto_mount                             0x080024dc   Section      460  ff.o(i.auto_mount)
    auto_mount                               0x080024dd   Thumb Code   446  ff.o(i.auto_mount)
    i.check_fs                               0x080026a8   Section       88  ff.o(i.check_fs)
    check_fs                                 0x080026a9   Thumb Code    84  ff.o(i.check_fs)
    i.clust2sect                             0x08002700   Section       24  ff.o(i.clust2sect)
    clust2sect                               0x08002701   Thumb Code    24  ff.o(i.clust2sect)
    i.convert_from_bytes_to_power_of_two     0x08002718   Section       18  sdcard.o(i.convert_from_bytes_to_power_of_two)
    convert_from_bytes_to_power_of_two       0x08002719   Thumb Code    18  sdcard.o(i.convert_from_bytes_to_power_of_two)
    i.create_chain                           0x0800272a   Section      150  ff.o(i.create_chain)
    create_chain                             0x0800272b   Thumb Code   150  ff.o(i.create_chain)
    i.create_name                            0x080027c0   Section      272  ff.o(i.create_name)
    create_name                              0x080027c1   Thumb Code   260  ff.o(i.create_name)
    i.delay_init                             0x080028d0   Section       36  vs1003.o(i.delay_init)
    i.dir_next                               0x080028f4   Section      234  ff.o(i.dir_next)
    dir_next                                 0x080028f5   Thumb Code   234  ff.o(i.dir_next)
    i.dir_read                               0x080029de   Section       66  ff.o(i.dir_read)
    dir_read                                 0x080029df   Thumb Code    66  ff.o(i.dir_read)
    i.dir_register                           0x08002a20   Section      102  ff.o(i.dir_register)
    dir_register                             0x08002a21   Thumb Code   102  ff.o(i.dir_register)
    i.dir_seek                               0x08002a86   Section      126  ff.o(i.dir_seek)
    dir_seek                                 0x08002a87   Thumb Code   126  ff.o(i.dir_seek)
    i.disk_initialize                        0x08002b04   Section        4  diskio.o(i.disk_initialize)
    i.disk_ioctl                             0x08002b08   Section        4  diskio.o(i.disk_ioctl)
    i.disk_read                              0x08002b0c   Section       28  diskio.o(i.disk_read)
    i.disk_status                            0x08002b28   Section        4  diskio.o(i.disk_status)
    i.disk_write                             0x08002b2c   Section       28  diskio.o(i.disk_write)
    i.f_close                                0x08002b48   Section       18  ff.o(i.f_close)
    i.f_mount                                0x08002b5c   Section       32  ff.o(i.f_mount)
    i.f_open                                 0x08002b7c   Section      328  ff.o(i.f_open)
    i.f_opendir                              0x08002cc4   Section       78  ff.o(i.f_opendir)
    i.f_read                                 0x08002d12   Section      342  ff.o(i.f_read)
    i.f_readdir                              0x08002e68   Section       80  ff.o(i.f_readdir)
    i.f_sync                                 0x08002eb8   Section      164  ff.o(i.f_sync)
    i.follow_path                            0x08002f5c   Section      164  ff.o(i.follow_path)
    follow_path                              0x08002f5d   Thumb Code   164  ff.o(i.follow_path)
    i.fputc                                  0x08003000   Section       36  main.o(i.fputc)
    i.get_fat                                0x08003024   Section      178  ff.o(i.get_fat)
    get_fat                                  0x08003025   Thumb Code   178  ff.o(i.get_fat)
    i.get_fattime                            0x080030d6   Section        4  diskio.o(i.get_fattime)
    i.get_fileinfo                           0x080030da   Section      130  ff.o(i.get_fileinfo)
    get_fileinfo                             0x080030db   Thumb Code   130  ff.o(i.get_fileinfo)
    i.main                                   0x0800315c   Section       44  main.o(i.main)
    i.mem_cmp                                0x08003188   Section       24  ff.o(i.mem_cmp)
    mem_cmp                                  0x08003189   Thumb Code    24  ff.o(i.mem_cmp)
    i.mem_cpy                                0x080031a0   Section       20  ff.o(i.mem_cpy)
    mem_cpy                                  0x080031a1   Thumb Code    20  ff.o(i.mem_cpy)
    i.mem_set                                0x080031b4   Section       14  ff.o(i.mem_set)
    mem_set                                  0x080031b5   Thumb Code    14  ff.o(i.mem_set)
    i.move_window                            0x080031c2   Section      106  ff.o(i.move_window)
    move_window                              0x080031c3   Thumb Code   106  ff.o(i.move_window)
    i.mp3start                               0x0800322c   Section      144  vs1003.o(i.mp3start)
    i.put_fat                                0x080032bc   Section      232  ff.o(i.put_fat)
    put_fat                                  0x080032bd   Thumb Code   232  ff.o(i.put_fat)
    i.remove_chain                           0x080033a4   Section       96  ff.o(i.remove_chain)
    remove_chain                             0x080033a5   Thumb Code    96  ff.o(i.remove_chain)
    i.sync                                   0x08003404   Section      184  ff.o(i.sync)
    sync                                     0x08003405   Thumb Code   184  ff.o(i.sync)
    i.validate                               0x080034bc   Section       32  ff.o(i.validate)
    validate                                 0x080034bd   Thumb Code    32  ff.o(i.validate)
    .constdata                               0x080034dc   Section        4  ff.o(.constdata)
    fatstr                                   0x080034dc   Data           4  ff.o(.constdata)
    .data                                    0x20000000   Section       40  sdcard.o(.data)
    CardType                                 0x20000004   Data           4  sdcard.o(.data)
    RCA                                      0x20000008   Data           4  sdcard.o(.data)
    DeviceMode                               0x2000000c   Data           4  sdcard.o(.data)
    TotalNumberOfBytes                       0x20000010   Data           4  sdcard.o(.data)
    StopCondition                            0x20000014   Data           4  sdcard.o(.data)
    .data                                    0x20000028   Section        8  main.o(.data)
    .data                                    0x20000030   Section        6  vs1003.o(.data)
    fac_us                                   0x20000030   Data           1  vs1003.o(.data)
    fac_ms                                   0x20000034   Data           2  vs1003.o(.data)
    .data                                    0x20000036   Section       20  stm32f10x_rcc.o(.data)
    ADCPrescTable                            0x20000036   Data           4  stm32f10x_rcc.o(.data)
    APBAHBPrescTable                         0x2000003a   Data          16  stm32f10x_rcc.o(.data)
    .data                                    0x2000004c   Section        8  ff.o(.data)
    Fsid                                     0x2000004c   Data           2  ff.o(.data)
    FatFs                                    0x20000050   Data           4  ff.o(.data)
    .data                                    0x20000054   Section        4  stdout.o(.data)
    .bss                                     0x20000058   Section      100  sdcard.o(.bss)
    CSD_Tab                                  0x20000058   Data          16  sdcard.o(.bss)
    CID_Tab                                  0x20000068   Data          16  sdcard.o(.bss)
    .bss                                     0x200000bc   Section     2212  main.o(.bss)
    STACK                                    0x20000960   Section     1024  startup_stm32f10x_hd.o(STACK)

    Global Symbols

    Symbol Name                              Value     Ov Type        Size  Object(Section)

    BuildAttributes$$THM_ISAv4$P$D$K$B$S$PE$A:L22UL41UL21$X:L11$S22US41US21$IEEE1$IW$USESV6$~STKCKD$USESV7$~SHL$OSPACE$ROPI$EBA8$MICROLIB$REQ8$PRES8$EABIv2 0x00000000   Number         0  anon$$obj.o ABSOLUTE
    __ARM_use_no_argv                        0x00000000   Number         0  main.o ABSOLUTE
    _printf_a                                0x00000000   Number         0  stubs.o ABSOLUTE
    _printf_c                                0x00000000   Number         0  stubs.o ABSOLUTE
    _printf_charcount                        0x00000000   Number         0  stubs.o ABSOLUTE
    _printf_d                                0x00000000   Number         0  stubs.o ABSOLUTE
    _printf_e                                0x00000000   Number         0  stubs.o ABSOLUTE
    _printf_f                                0x00000000   Number         0  stubs.o ABSOLUTE
    _printf_flags                            0x00000000   Number         0  stubs.o ABSOLUTE
    _printf_fp_dec                           0x00000000   Number         0  stubs.o ABSOLUTE
    _printf_fp_hex                           0x00000000   Number         0  stubs.o ABSOLUTE
    _printf_g                                0x00000000   Number         0  stubs.o ABSOLUTE
    _printf_i                                0x00000000   Number         0  stubs.o ABSOLUTE
    _printf_int_dec                          0x00000000   Number         0  stubs.o ABSOLUTE
    _printf_l                                0x00000000   Number         0  stubs.o ABSOLUTE
    _printf_lc                               0x00000000   Number         0  stubs.o ABSOLUTE
    _printf_ll                               0x00000000   Number         0  stubs.o ABSOLUTE
    _printf_lld                              0x00000000   Number         0  stubs.o ABSOLUTE
    _printf_lli                              0x00000000   Number         0  stubs.o ABSOLUTE
    _printf_llo                              0x00000000   Number         0  stubs.o ABSOLUTE
    _printf_llu                              0x00000000   Number         0  stubs.o ABSOLUTE
    _printf_llx                              0x00000000   Number         0  stubs.o ABSOLUTE
    _printf_longlong_dec                     0x00000000   Number         0  stubs.o ABSOLUTE
    _printf_longlong_hex                     0x00000000   Number         0  stubs.o ABSOLUTE
    _printf_longlong_oct                     0x00000000   Number         0  stubs.o ABSOLUTE
    _printf_ls                               0x00000000   Number         0  stubs.o ABSOLUTE
    _printf_mbtowc                           0x00000000   Number         0  stubs.o ABSOLUTE
    _printf_n                                0x00000000   Number         0  stubs.o ABSOLUTE
    _printf_o                                0x00000000   Number         0  stubs.o ABSOLUTE
    _printf_p                                0x00000000   Number         0  stubs.o ABSOLUTE
    _printf_percent                          0x00000000   Number         0  stubs.o ABSOLUTE
    _printf_pre_padding                      0x00000000   Number         0  stubs.o ABSOLUTE
    _printf_return_value                     0x00000000   Number         0  stubs.o ABSOLUTE
    _printf_s                                0x00000000   Number         0  stubs.o ABSOLUTE
    _printf_sizespec                         0x00000000   Number         0  stubs.o ABSOLUTE
    _printf_str                              0x00000000   Number         0  stubs.o ABSOLUTE
    _printf_truncate_signed                  0x00000000   Number         0  stubs.o ABSOLUTE
    _printf_truncate_unsigned                0x00000000   Number         0  stubs.o ABSOLUTE
    _printf_u                                0x00000000   Number         0  stubs.o ABSOLUTE
    _printf_wc                               0x00000000   Number         0  stubs.o ABSOLUTE
    _printf_wctomb                           0x00000000   Number         0  stubs.o ABSOLUTE
    _printf_widthprec                        0x00000000   Number         0  stubs.o ABSOLUTE
    _printf_x                                0x00000000   Number         0  stubs.o ABSOLUTE
    __decompress                              - Undefined Weak Reference
    __Vectors_Size                           0x00000130   Number         0  startup_stm32f10x_hd.o ABSOLUTE
    __Vectors                                0x08000000   Data           4  startup_stm32f10x_hd.o(RESET)
    __Vectors_End                            0x08000130   Data           0  startup_stm32f10x_hd.o(RESET)
    __main                                   0x08000131   Thumb Code     0  entry.o(.ARM.Collect$$$$00000000)
    _main_stk                                0x08000131   Thumb Code     0  entry2.o(.ARM.Collect$$$$00000001)
    _main_scatterload                        0x08000135   Thumb Code     0  entry5.o(.ARM.Collect$$$$00000004)
    __main_after_scatterload                 0x08000139   Thumb Code     0  entry5.o(.ARM.Collect$$$$00000004)
    _main_init                               0x08000139   Thumb Code     0  entry7.o(.ARM.Collect$$$$00000007)
    Reset_Handler                            0x08000145   Thumb Code     8  startup_stm32f10x_hd.o(.text)
    ADC1_2_IRQHandler                        0x0800015f   Thumb Code     0  startup_stm32f10x_hd.o(.text)
    ADC3_IRQHandler                          0x0800015f   Thumb Code     0  startup_stm32f10x_hd.o(.text)
    CAN1_RX1_IRQHandler                      0x0800015f   Thumb Code     0  startup_stm32f10x_hd.o(.text)
    CAN1_SCE_IRQHandler                      0x0800015f   Thumb Code     0  startup_stm32f10x_hd.o(.text)
    DMA1_Channel1_IRQHandler                 0x0800015f   Thumb Code     0  startup_stm32f10x_hd.o(.text)
    DMA1_Channel2_IRQHandler                 0x0800015f   Thumb Code     0  startup_stm32f10x_hd.o(.text)
    DMA1_Channel3_IRQHandler                 0x0800015f   Thumb Code     0  startup_stm32f10x_hd.o(.text)
    DMA1_Channel4_IRQHandler                 0x0800015f   Thumb Code     0  startup_stm32f10x_hd.o(.text)
    DMA1_Channel5_IRQHandler                 0x0800015f   Thumb Code     0  startup_stm32f10x_hd.o(.text)
    DMA1_Channel6_IRQHandler                 0x0800015f   Thumb Code     0  startup_stm32f10x_hd.o(.text)
    DMA1_Channel7_IRQHandler                 0x0800015f   Thumb Code     0  startup_stm32f10x_hd.o(.text)
    DMA2_Channel1_IRQHandler                 0x0800015f   Thumb Code     0  startup_stm32f10x_hd.o(.text)
    DMA2_Channel2_IRQHandler                 0x0800015f   Thumb Code     0  startup_stm32f10x_hd.o(.text)
    DMA2_Channel3_IRQHandler                 0x0800015f   Thumb Code     0  startup_stm32f10x_hd.o(.text)
    DMA2_Channel4_5_IRQHandler               0x0800015f   Thumb Code     0  startup_stm32f10x_hd.o(.text)
    EXTI0_IRQHandler                         0x0800015f   Thumb Code     0  startup_stm32f10x_hd.o(.text)
    EXTI15_10_IRQHandler                     0x0800015f   Thumb Code     0  startup_stm32f10x_hd.o(.text)
    EXTI1_IRQHandler                         0x0800015f   Thumb Code     0  startup_stm32f10x_hd.o(.text)
    EXTI2_IRQHandler                         0x0800015f   Thumb Code     0  startup_stm32f10x_hd.o(.text)
    EXTI3_IRQHandler                         0x0800015f   Thumb Code     0  startup_stm32f10x_hd.o(.text)
    EXTI4_IRQHandler                         0x0800015f   Thumb Code     0  startup_stm32f10x_hd.o(.text)
    EXTI9_5_IRQHandler                       0x0800015f   Thumb Code     0  startup_stm32f10x_hd.o(.text)
    FLASH_IRQHandler                         0x0800015f   Thumb Code     0  startup_stm32f10x_hd.o(.text)
    FSMC_IRQHandler                          0x0800015f   Thumb Code     0  startup_stm32f10x_hd.o(.text)
    I2C1_ER_IRQHandler                       0x0800015f   Thumb Code     0  startup_stm32f10x_hd.o(.text)
    I2C1_EV_IRQHandler                       0x0800015f   Thumb Code     0  startup_stm32f10x_hd.o(.text)
    I2C2_ER_IRQHandler                       0x0800015f   Thumb Code     0  startup_stm32f10x_hd.o(.text)
    I2C2_EV_IRQHandler                       0x0800015f   Thumb Code     0  startup_stm32f10x_hd.o(.text)
    PVD_IRQHandler                           0x0800015f   Thumb Code     0  startup_stm32f10x_hd.o(.text)
    RCC_IRQHandler                           0x0800015f   Thumb Code     0  startup_stm32f10x_hd.o(.text)
    RTCAlarm_IRQHandler                      0x0800015f   Thumb Code     0  startup_stm32f10x_hd.o(.text)
    RTC_IRQHandler                           0x0800015f   Thumb Code     0  startup_stm32f10x_hd.o(.text)
    SPI1_IRQHandler                          0x0800015f   Thumb Code     0  startup_stm32f10x_hd.o(.text)
    SPI2_IRQHandler                          0x0800015f   Thumb Code     0  startup_stm32f10x_hd.o(.text)
    SPI3_IRQHandler                          0x0800015f   Thumb Code     0  startup_stm32f10x_hd.o(.text)
    TAMPER_IRQHandler                        0x0800015f   Thumb Code     0  startup_stm32f10x_hd.o(.text)
    TIM1_BRK_IRQHandler                      0x0800015f   Thumb Code     0  startup_stm32f10x_hd.o(.text)
    TIM1_CC_IRQHandler                       0x0800015f   Thumb Code     0  startup_stm32f10x_hd.o(.text)
    TIM1_TRG_COM_IRQHandler                  0x0800015f   Thumb Code     0  startup_stm32f10x_hd.o(.text)
    TIM1_UP_IRQHandler                       0x0800015f   Thumb Code     0  startup_stm32f10x_hd.o(.text)
    TIM2_IRQHandler                          0x0800015f   Thumb Code     0  startup_stm32f10x_hd.o(.text)
    TIM3_IRQHandler                          0x0800015f   Thumb Code     0  startup_stm32f10x_hd.o(.text)
    TIM4_IRQHandler                          0x0800015f   Thumb Code     0  startup_stm32f10x_hd.o(.text)
    TIM5_IRQHandler                          0x0800015f   Thumb Code     0  startup_stm32f10x_hd.o(.text)
    TIM6_IRQHandler                          0x0800015f   Thumb Code     0  startup_stm32f10x_hd.o(.text)
    TIM7_IRQHandler                          0x0800015f   Thumb Code     0  startup_stm32f10x_hd.o(.text)
    TIM8_BRK_IRQHandler                      0x0800015f   Thumb Code     0  startup_stm32f10x_hd.o(.text)
    TIM8_CC_IRQHandler                       0x0800015f   Thumb Code     0  startup_stm32f10x_hd.o(.text)
    TIM8_TRG_COM_IRQHandler                  0x0800015f   Thumb Code     0  startup_stm32f10x_hd.o(.text)
    TIM8_UP_IRQHandler                       0x0800015f   Thumb Code     0  startup_stm32f10x_hd.o(.text)
    UART4_IRQHandler                         0x0800015f   Thumb Code     0  startup_stm32f10x_hd.o(.text)
    UART5_IRQHandler                         0x0800015f   Thumb Code     0  startup_stm32f10x_hd.o(.text)
    USART1_IRQHandler                        0x0800015f   Thumb Code     0  startup_stm32f10x_hd.o(.text)
    USART2_IRQHandler                        0x0800015f   Thumb Code     0  startup_stm32f10x_hd.o(.text)
    USART3_IRQHandler                        0x0800015f   Thumb Code     0  startup_stm32f10x_hd.o(.text)
    USBWakeUp_IRQHandler                     0x0800015f   Thumb Code     0  startup_stm32f10x_hd.o(.text)
    USB_HP_CAN1_TX_IRQHandler                0x0800015f   Thumb Code     0  startup_stm32f10x_hd.o(.text)
    USB_LP_CAN1_RX0_IRQHandler               0x0800015f   Thumb Code     0  startup_stm32f10x_hd.o(.text)
    WWDG_IRQHandler                          0x0800015f   Thumb Code     0  startup_stm32f10x_hd.o(.text)
    __aeabi_memset                           0x08000169   Thumb Code    14  memseta.o(.text)
    __aeabi_memset4                          0x08000169   Thumb Code     0  memseta.o(.text)
    __aeabi_memset8                          0x08000169   Thumb Code     0  memseta.o(.text)
    __aeabi_memclr                           0x08000177   Thumb Code     4  memseta.o(.text)
    __aeabi_memclr4                          0x08000177   Thumb Code     0  memseta.o(.text)
    __aeabi_memclr8                          0x08000177   Thumb Code     0  memseta.o(.text)
    _memset$wrapper                          0x0800017b   Thumb Code    20  memseta.o(.text)
    __scatterload                            0x08000191   Thumb Code    28  init.o(.text)
    __scatterload_rt2                        0x08000191   Thumb Code     0  init.o(.text)
    BusFault_Handler                         0x080001b5   Thumb Code     2  stm32f10x_it.o(i.BusFault_Handler)
    DMA_ClearFlag                            0x08000345   Thumb Code    16  stm32f10x_dma.o(i.DMA_ClearFlag)
    DMA_Cmd                                  0x08000359   Thumb Code    20  stm32f10x_dma.o(i.DMA_Cmd)
    DMA_GetFlagStatus                        0x0800036d   Thumb Code    26  stm32f10x_dma.o(i.DMA_GetFlagStatus)
    DMA_Init                                 0x0800038d   Thumb Code    58  stm32f10x_dma.o(i.DMA_Init)
    DebugMon_Handler                         0x08000485   Thumb Code     2  stm32f10x_it.o(i.DebugMon_Handler)
    Delay_ms                                 0x08000489   Thumb Code    36  vs1003.o(i.Delay_ms)
    GPIO_Init                                0x080005f9   Thumb Code   158  stm32f10x_gpio.o(i.GPIO_Init)
    GPIO_ReadInputDataBit                    0x08000697   Thumb Code    14  stm32f10x_gpio.o(i.GPIO_ReadInputDataBit)
    HardFault_Handler                        0x080006a5   Thumb Code     2  stm32f10x_it.o(i.HardFault_Handler)
    MemManage_Handler                        0x080007c1   Thumb Code     2  stm32f10x_it.o(i.MemManage_Handler)
    Mp3WriteRegister                         0x080007c5   Thumb Code    66  vs1003.o(i.Mp3WriteRegister)
    NMI_Handler                              0x08000811   Thumb Code     2  stm32f10x_it.o(i.NMI_Handler)
    NVIC_Configuration                       0x08000813   Thumb Code    40  main.o(i.NVIC_Configuration)
    NVIC_Init                                0x0800083b   Thumb Code    92  misc.o(i.NVIC_Init)
    NVIC_PriorityGroupConfig                 0x08000899   Thumb Code    10  misc.o(i.NVIC_PriorityGroupConfig)
    PendSV_Handler                           0x080008ad   Thumb Code     2  stm32f10x_it.o(i.PendSV_Handler)
    Play_Music                               0x080008b1   Thumb Code   274  main.o(i.Play_Music)
    RCC_AHBPeriphClockCmd                    0x08000a2d   Thumb Code    18  stm32f10x_rcc.o(i.RCC_AHBPeriphClockCmd)
    RCC_APB1PeriphClockCmd                   0x08000a45   Thumb Code    18  stm32f10x_rcc.o(i.RCC_APB1PeriphClockCmd)
    RCC_APB2PeriphClockCmd                   0x08000a5d   Thumb Code    18  stm32f10x_rcc.o(i.RCC_APB2PeriphClockCmd)
    RCC_APB2PeriphResetCmd                   0x08000a75   Thumb Code    18  stm32f10x_rcc.o(i.RCC_APB2PeriphResetCmd)
    RCC_Configuration                        0x08000a8d   Thumb Code    18  main.o(i.RCC_Configuration)
    RCC_GetClocksFreq                        0x08000aa1   Thumb Code   132  stm32f10x_rcc.o(i.RCC_GetClocksFreq)
    SDIO_ClearFlag                           0x08000bed   Thumb Code     6  stm32f10x_sdio.o(i.SDIO_ClearFlag)
    SDIO_ClearITPendingBit                   0x08000bf9   Thumb Code     6  stm32f10x_sdio.o(i.SDIO_ClearITPendingBit)
    SDIO_ClockCmd                            0x08000c05   Thumb Code     6  stm32f10x_sdio.o(i.SDIO_ClockCmd)
    SDIO_DMACmd                              0x08000c11   Thumb Code     6  stm32f10x_sdio.o(i.SDIO_DMACmd)
    SDIO_DataConfig                          0x08000c1d   Thumb Code    38  stm32f10x_sdio.o(i.SDIO_DataConfig)
    SDIO_DeInit                              0x08000c49   Thumb Code    26  stm32f10x_sdio.o(i.SDIO_DeInit)
    SDIO_GetCommandResponse                  0x08000c6d   Thumb Code     8  stm32f10x_sdio.o(i.SDIO_GetCommandResponse)
    SDIO_GetFlagStatus                       0x08000c79   Thumb Code    16  stm32f10x_sdio.o(i.SDIO_GetFlagStatus)
    SDIO_GetITStatus                         0x08000c8d   Thumb Code    16  stm32f10x_sdio.o(i.SDIO_GetITStatus)
    SDIO_GetPowerState                       0x08000ca1   Thumb Code    10  stm32f10x_sdio.o(i.SDIO_GetPowerState)
    SDIO_GetResponse                         0x08000cb1   Thumb Code     6  stm32f10x_sdio.o(i.SDIO_GetResponse)
    SDIO_IRQHandler                          0x08000cbd   Thumb Code     4  stm32f10x_it.o(i.SDIO_IRQHandler)
    SDIO_ITConfig                            0x08000cc1   Thumb Code    18  stm32f10x_sdio.o(i.SDIO_ITConfig)
    SDIO_Init                                0x08000cd9   Thumb Code    38  stm32f10x_sdio.o(i.SDIO_Init)
    SDIO_ReadData                            0x08000d05   Thumb Code     6  stm32f10x_sdio.o(i.SDIO_ReadData)
    SDIO_SendCommand                         0x08000d11   Thumb Code    34  stm32f10x_sdio.o(i.SDIO_SendCommand)
    SDIO_SetPowerState                       0x08000d39   Thumb Code    18  stm32f10x_sdio.o(i.SDIO_SetPowerState)
    SDIO_WriteData                           0x08000d51   Thumb Code     6  stm32f10x_sdio.o(i.SDIO_WriteData)
    SD_Config                                0x08000d5d   Thumb Code    90  main.o(i.SD_Config)
    SD_EnableWideBusOperation                0x08000de9   Thumb Code   110  sdcard.o(i.SD_EnableWideBusOperation)
    SD_GetCardInfo                           0x08000e61   Thumb Code   570  sdcard.o(i.SD_GetCardInfo)
    SD_Init                                  0x080010a5   Thumb Code   116  sdcard.o(i.SD_Init)
    SD_InitializeCards                       0x08001125   Thumb Code   250  sdcard.o(i.SD_InitializeCards)
    SD_PowerON                               0x08001229   Thumb Code   448  sdcard.o(i.SD_PowerON)
    SD_ProcessIRQSrc                         0x080013f9   Thumb Code   408  sdcard.o(i.SD_ProcessIRQSrc)
    SD_ReadBlock                             0x08001595   Thumb Code   480  sdcard.o(i.SD_ReadBlock)
    SD_ReadMultiBlocks                       0x08001789   Thumb Code   566  sdcard.o(i.SD_ReadMultiBlocks)
    SD_SelectDeselect                        0x080019d5   Thumb Code    40  sdcard.o(i.SD_SelectDeselect)
    SD_SetDeviceMode                         0x08001a01   Thumb Code    24  sdcard.o(i.SD_SetDeviceMode)
    SD_StopTransfer                          0x08001a1d   Thumb Code    36  sdcard.o(i.SD_StopTransfer)
    SD_WriteBlock                            0x08001a45   Thumb Code   670  sdcard.o(i.SD_WriteBlock)
    SD_WriteMultiBlocks                      0x08001cf9   Thumb Code   728  sdcard.o(i.SD_WriteMultiBlocks)
    SPI_Cmd                                  0x08001fe5   Thumb Code    20  stm32f10x_spi.o(i.SPI_Cmd)
    SPI_I2S_GetFlagStatus                    0x08001ff9   Thumb Code    14  stm32f10x_spi.o(i.SPI_I2S_GetFlagStatus)
    SPI_I2S_ReceiveData                      0x08002007   Thumb Code     4  stm32f10x_spi.o(i.SPI_I2S_ReceiveData)
    SPI_I2S_SendData                         0x0800200b   Thumb Code     4  stm32f10x_spi.o(i.SPI_I2S_SendData)
    SPI_Init                                 0x0800200f   Thumb Code    56  stm32f10x_spi.o(i.SPI_Init)
    SPI_VS1003_Init                          0x08002049   Thumb Code   186  vs1003.o(i.SPI_VS1003_Init)
    SVC_Handler                              0x08002115   Thumb Code     2  stm32f10x_it.o(i.SVC_Handler)
    Serial_Init                              0x08002119   Thumb Code   150  main.o(i.Serial_Init)
    SysTick_Handler                          0x08002249   Thumb Code     2  stm32f10x_it.o(i.SysTick_Handler)
    SystemInit                               0x0800224d   Thumb Code    52  system_stm32f10x.o(i.SystemInit)
    USART_Cmd                                0x0800228d   Thumb Code    20  stm32f10x_usart.o(i.USART_Cmd)
    USART_GetFlagStatus                      0x080022a1   Thumb Code    14  stm32f10x_usart.o(i.USART_GetFlagStatus)
    USART_ITConfig                           0x080022af   Thumb Code    48  stm32f10x_usart.o(i.USART_ITConfig)
    USART_Init                               0x080022e1   Thumb Code   174  stm32f10x_usart.o(i.USART_Init)
    USART_SendData                           0x08002395   Thumb Code     8  stm32f10x_usart.o(i.USART_SendData)
    UsageFault_Handler                       0x0800239d   Thumb Code     2  stm32f10x_it.o(i.UsageFault_Handler)
    WriteByteADS                             0x080023a1   Thumb Code    48  vs1003.o(i.WriteByteADS)
    __0printf$2                              0x080023d5   Thumb Code    22  printf2.o(i.__0printf$2)
    __1printf$2                              0x080023d5   Thumb Code     0  printf2.o(i.__0printf$2)
    __2printf                                0x080023d5   Thumb Code     0  printf2.o(i.__0printf$2)
    __scatterload_copy                       0x080023f5   Thumb Code    14  handlers.o(i.__scatterload_copy)
    __scatterload_null                       0x08002403   Thumb Code     2  handlers.o(i.__scatterload_null)
    __scatterload_zeroinit                   0x08002405   Thumb Code    14  handlers.o(i.__scatterload_zeroinit)
    delay_init                               0x080028d1   Thumb Code    30  vs1003.o(i.delay_init)
    disk_initialize                          0x08002b05   Thumb Code     4  diskio.o(i.disk_initialize)
    disk_ioctl                               0x08002b09   Thumb Code     4  diskio.o(i.disk_ioctl)
    disk_read                                0x08002b0d   Thumb Code    28  diskio.o(i.disk_read)
    disk_status                              0x08002b29   Thumb Code     4  diskio.o(i.disk_status)
    disk_write                               0x08002b2d   Thumb Code    28  diskio.o(i.disk_write)
    f_close                                  0x08002b49   Thumb Code    18  ff.o(i.f_close)
    f_mount                                  0x08002b5d   Thumb Code    26  ff.o(i.f_mount)
    f_open                                   0x08002b7d   Thumb Code   328  ff.o(i.f_open)
    f_opendir                                0x08002cc5   Thumb Code    78  ff.o(i.f_opendir)
    f_read                                   0x08002d13   Thumb Code   342  ff.o(i.f_read)
    f_readdir                                0x08002e69   Thumb Code    80  ff.o(i.f_readdir)
    f_sync                                   0x08002eb9   Thumb Code   164  ff.o(i.f_sync)
    fputc                                    0x08003001   Thumb Code    30  main.o(i.fputc)
    get_fattime                              0x080030d7   Thumb Code     4  diskio.o(i.get_fattime)
    main                                     0x0800315d   Thumb Code    40  main.o(i.main)
    mp3start                                 0x0800322d   Thumb Code   130  vs1003.o(i.mp3start)
    Region$$Table$$Base                      0x080034e0   Number         0  anon$$obj.o(Region$$Table)
    Region$$Table$$Limit                     0x08003500   Number         0  anon$$obj.o(Region$$Table)
    TransferError                            0x20000000   Data           1  sdcard.o(.data)
    TransferEnd                              0x20000018   Data           4  sdcard.o(.data)
    NumberOfBytes                            0x2000001c   Data           4  sdcard.o(.data)
    SrcBuffer                                0x20000020   Data           4  sdcard.o(.data)
    DestBuffer                               0x20000024   Data           4  sdcard.o(.data)
    Status                                   0x20000028   Data           1  main.o(.data)
    br                                       0x2000002c   Data           4  main.o(.data)
    BassEnhanceValue                         0x20000031   Data           1  vs1003.o(.data)
    TrebleEnhanceValue                       0x20000032   Data           1  vs1003.o(.data)
    __stdout                                 0x20000054   Data           4  stdout.o(.data)
    SDIO_InitStructure                       0x20000078   Data          24  sdcard.o(.bss)
    SDIO_CmdInitStructure                    0x20000090   Data          20  sdcard.o(.bss)
    SDIO_DataInitStructure                   0x200000a4   Data          24  sdcard.o(.bss)
    SDCardInfo                               0x200000bc   Data          80  main.o(.bss)
    Buffer_Block_Rx                          0x2000010c   Data         512  main.o(.bss)
    fs                                       0x2000030c   Data         560  main.o(.bss)
    fsrc                                     0x2000053c   Data         548  main.o(.bss)
    buffer                                   0x20000760   Data         512  main.o(.bss)
    __initial_sp                             0x20000d60   Data           0  startup_stm32f10x_hd.o(STACK)



==============================================================================

Memory Map of the image

  Image Entry point : 0x08000131

  Load Region LR_IROM1 (Base: 0x08000000, Size: 0x00003558, Max: 0x00080000, ABSOLUTE)

    Execution Region ER_IROM1 (Base: 0x08000000, Size: 0x00003500, Max: 0x00080000, ABSOLUTE)

    Base Addr    Size         Type   Attr      Idx    E Section Name        Object

    0x08000000   0x00000130   Data   RO         1392    RESET               startup_stm32f10x_hd.o
    0x08000130   0x00000000   Code   RO         1729  * .ARM.Collect$$$$00000000  entry.o(mc_w.l)
    0x08000130   0x00000004   Code   RO         1995    .ARM.Collect$$$$00000001  entry2.o(mc_w.l)
    0x08000134   0x00000004   Code   RO         1998    .ARM.Collect$$$$00000004  entry5.o(mc_w.l)
    0x08000138   0x00000008   Code   RO         1999    .ARM.Collect$$$$00000007  entry7.o(mc_w.l)
    0x08000140   0x00000004   Code   RO         1996    .ARM.Collect$$$$00002712  entry2.o(mc_w.l)
    0x08000144   0x00000024   Code   RO         1393    .text               startup_stm32f10x_hd.o
    0x08000168   0x00000026   Code   RO         1732    .text               memseta.o(mc_w.l)
    0x0800018e   0x00000002   PAD
    0x08000190   0x00000024   Code   RO         2016    .text               init.o(mc_w.l)
    0x080001b4   0x00000002   Code   RO            1    i.BusFault_Handler  stm32f10x_it.o
    0x080001b6   0x00000002   PAD
    0x080001b8   0x000000e8   Code   RO          122    i.CmdResp1Error     sdcard.o
    0x080002a0   0x00000034   Code   RO          123    i.CmdResp2Error     sdcard.o
    0x080002d4   0x00000070   Code   RO          124    i.CmdResp6Error     sdcard.o
    0x08000344   0x00000014   Code   RO         1180    i.DMA_ClearFlag     stm32f10x_dma.o
    0x08000358   0x00000014   Code   RO         1182    i.DMA_Cmd           stm32f10x_dma.o
    0x0800036c   0x00000020   Code   RO         1185    i.DMA_GetFlagStatus  stm32f10x_dma.o
    0x0800038c   0x0000003a   Code   RO         1188    i.DMA_Init          stm32f10x_dma.o
    0x080003c6   0x00000002   PAD
    0x080003c8   0x0000005c   Code   RO          125    i.DMA_RxConfiguration  sdcard.o
    0x08000424   0x00000060   Code   RO          126    i.DMA_TxConfiguration  sdcard.o
    0x08000484   0x00000002   Code   RO            2    i.DebugMon_Handler  stm32f10x_it.o
    0x08000486   0x00000002   PAD
    0x08000488   0x00000028   Code   RO          380    i.Delay_ms          vs1003.o
    0x080004b0   0x00000148   Code   RO          127    i.FindSCR           sdcard.o
    0x080005f8   0x0000009e   Code   RO          506    i.GPIO_Init         stm32f10x_gpio.o
    0x08000696   0x0000000e   Code   RO          510    i.GPIO_ReadInputDataBit  stm32f10x_gpio.o
    0x080006a4   0x00000002   Code   RO            3    i.HardFault_Handler  stm32f10x_it.o
    0x080006a6   0x00000002   PAD
    0x080006a8   0x00000118   Code   RO          128    i.IsCardProgramming  sdcard.o
    0x080007c0   0x00000002   Code   RO            4    i.MemManage_Handler  stm32f10x_it.o
    0x080007c2   0x00000002   PAD
    0x080007c4   0x0000004c   Code   RO          382    i.Mp3WriteRegister  vs1003.o
    0x08000810   0x00000002   Code   RO            5    i.NMI_Handler       stm32f10x_it.o
    0x08000812   0x00000028   Code   RO          287    i.NVIC_Configuration  main.o
    0x0800083a   0x0000005c   Code   RO          464    i.NVIC_Init         misc.o
    0x08000896   0x00000002   PAD
    0x08000898   0x00000014   Code   RO          465    i.NVIC_PriorityGroupConfig  misc.o
    0x080008ac   0x00000002   Code   RO            6    i.PendSV_Handler    stm32f10x_it.o
    0x080008ae   0x00000002   PAD
    0x080008b0   0x0000017c   Code   RO          288    i.Play_Music        main.o
    0x08000a2c   0x00000018   Code   RO          615    i.RCC_AHBPeriphClockCmd  stm32f10x_rcc.o
    0x08000a44   0x00000018   Code   RO          616    i.RCC_APB1PeriphClockCmd  stm32f10x_rcc.o
    0x08000a5c   0x00000018   Code   RO          618    i.RCC_APB2PeriphClockCmd  stm32f10x_rcc.o
    0x08000a74   0x00000018   Code   RO          619    i.RCC_APB2PeriphResetCmd  stm32f10x_rcc.o
    0x08000a8c   0x00000012   Code   RO          289    i.RCC_Configuration  main.o
    0x08000a9e   0x00000002   PAD
    0x08000aa0   0x00000094   Code   RO          626    i.RCC_GetClocksFreq  stm32f10x_rcc.o
    0x08000b34   0x000000b8   Code   RO          129    i.SDEnWideBus       sdcard.o
    0x08000bec   0x0000000c   Code   RO          995    i.SDIO_ClearFlag    stm32f10x_sdio.o
    0x08000bf8   0x0000000c   Code   RO          996    i.SDIO_ClearITPendingBit  stm32f10x_sdio.o
    0x08000c04   0x0000000c   Code   RO          997    i.SDIO_ClockCmd     stm32f10x_sdio.o
    0x08000c10   0x0000000c   Code   RO         1000    i.SDIO_DMACmd       stm32f10x_sdio.o
    0x08000c1c   0x0000002c   Code   RO         1001    i.SDIO_DataConfig   stm32f10x_sdio.o
    0x08000c48   0x00000024   Code   RO         1003    i.SDIO_DeInit       stm32f10x_sdio.o
    0x08000c6c   0x0000000c   Code   RO         1004    i.SDIO_GetCommandResponse  stm32f10x_sdio.o
    0x08000c78   0x00000014   Code   RO         1007    i.SDIO_GetFlagStatus  stm32f10x_sdio.o
    0x08000c8c   0x00000014   Code   RO         1008    i.SDIO_GetITStatus  stm32f10x_sdio.o
    0x08000ca0   0x00000010   Code   RO         1009    i.SDIO_GetPowerState  stm32f10x_sdio.o
    0x08000cb0   0x0000000c   Code   RO         1010    i.SDIO_GetResponse  stm32f10x_sdio.o
    0x08000cbc   0x00000004   Code   RO            7    i.SDIO_IRQHandler   stm32f10x_it.o
    0x08000cc0   0x00000018   Code   RO         1011    i.SDIO_ITConfig     stm32f10x_sdio.o
    0x08000cd8   0x0000002c   Code   RO         1012    i.SDIO_Init         stm32f10x_sdio.o
    0x08000d04   0x0000000c   Code   RO         1013    i.SDIO_ReadData     stm32f10x_sdio.o
    0x08000d10   0x00000028   Code   RO         1015    i.SDIO_SendCommand  stm32f10x_sdio.o
    0x08000d38   0x00000018   Code   RO         1017    i.SDIO_SetPowerState  stm32f10x_sdio.o
    0x08000d50   0x0000000c   Code   RO         1023    i.SDIO_WriteData    stm32f10x_sdio.o
    0x08000d5c   0x0000008c   Code   RO          290    i.SD_Config         main.o
    0x08000de8   0x00000078   Code   RO          130    i.SD_EnableWideBusOperation  sdcard.o
    0x08000e60   0x00000244   Code   RO          132    i.SD_GetCardInfo    sdcard.o
    0x080010a4   0x00000080   Code   RO          134    i.SD_Init           sdcard.o
    0x08001124   0x00000104   Code   RO          135    i.SD_InitializeCards  sdcard.o
    0x08001228   0x000001d0   Code   RO          137    i.SD_PowerON        sdcard.o
    0x080013f8   0x0000019c   Code   RO          138    i.SD_ProcessIRQSrc  sdcard.o
    0x08001594   0x000001f4   Code   RO          139    i.SD_ReadBlock      sdcard.o
    0x08001788   0x0000024c   Code   RO          140    i.SD_ReadMultiBlocks  sdcard.o
    0x080019d4   0x0000002c   Code   RO          141    i.SD_SelectDeselect  sdcard.o
    0x08001a00   0x0000001c   Code   RO          144    i.SD_SetDeviceMode  sdcard.o
    0x08001a1c   0x00000028   Code   RO          145    i.SD_StopTransfer   sdcard.o
    0x08001a44   0x000002b4   Code   RO          146    i.SD_WriteBlock     sdcard.o
    0x08001cf8   0x000002ec   Code   RO          147    i.SD_WriteMultiBlocks  sdcard.o
    0x08001fe4   0x00000014   Code   RO         1251    i.SPI_Cmd           stm32f10x_spi.o
    0x08001ff8   0x0000000e   Code   RO         1259    i.SPI_I2S_GetFlagStatus  stm32f10x_spi.o
    0x08002006   0x00000004   Code   RO         1262    i.SPI_I2S_ReceiveData  stm32f10x_spi.o
    0x0800200a   0x00000004   Code   RO         1263    i.SPI_I2S_SendData  stm32f10x_spi.o
    0x0800200e   0x00000038   Code   RO         1264    i.SPI_Init          stm32f10x_spi.o
    0x08002046   0x00000002   PAD
    0x08002048   0x000000cc   Code   RO          384    i.SPI_VS1003_Init   vs1003.o
    0x08002114   0x00000002   Code   RO            8    i.SVC_Handler       stm32f10x_it.o
    0x08002116   0x00000002   PAD
    0x08002118   0x000000a0   Code   RO          292    i.Serial_Init       main.o
    0x080021b8   0x00000090   Code   RO         1408    i.SetSysClockTo72   system_stm32f10x.o
    0x08002248   0x00000002   Code   RO            9    i.SysTick_Handler   stm32f10x_it.o
    0x0800224a   0x00000002   PAD
    0x0800224c   0x00000040   Code   RO         1410    i.SystemInit        system_stm32f10x.o
    0x0800228c   0x00000014   Code   RO          818    i.USART_Cmd         stm32f10x_usart.o
    0x080022a0   0x0000000e   Code   RO          821    i.USART_GetFlagStatus  stm32f10x_usart.o
    0x080022ae   0x00000030   Code   RO          824    i.USART_ITConfig    stm32f10x_usart.o
    0x080022de   0x00000002   PAD
    0x080022e0   0x000000b4   Code   RO          825    i.USART_Init        stm32f10x_usart.o
    0x08002394   0x00000008   Code   RO          835    i.USART_SendData    stm32f10x_usart.o
    0x0800239c   0x00000002   Code   RO           10    i.UsageFault_Handler  stm32f10x_it.o
    0x0800239e   0x00000002   PAD
    0x080023a0   0x00000034   Code   RO          385    i.WriteByteADS      vs1003.o
    0x080023d4   0x00000020   Code   RO         1801    i.__0printf$2       printf2.o(mc_w.l)
    0x080023f4   0x0000000e   Code   RO         2026    i.__scatterload_copy  handlers.o(mc_w.l)
    0x08002402   0x00000002   Code   RO         2027    i.__scatterload_null  handlers.o(mc_w.l)
    0x08002404   0x0000000e   Code   RO         2028    i.__scatterload_zeroinit  handlers.o(mc_w.l)
    0x08002412   0x000000ca   Code   RO         1808    i._printf_core      printf2.o(mc_w.l)
    0x080024dc   0x000001cc   Code   RO         1450    i.auto_mount        ff.o
    0x080026a8   0x00000058   Code   RO         1451    i.check_fs          ff.o
    0x08002700   0x00000018   Code   RO         1452    i.clust2sect        ff.o
    0x08002718   0x00000012   Code   RO          148    i.convert_from_bytes_to_power_of_two  sdcard.o
    0x0800272a   0x00000096   Code   RO         1453    i.create_chain      ff.o
    0x080027c0   0x00000110   Code   RO         1454    i.create_name       ff.o
    0x080028d0   0x00000024   Code   RO          386    i.delay_init        vs1003.o
    0x080028f4   0x000000ea   Code   RO         1455    i.dir_next          ff.o
    0x080029de   0x00000042   Code   RO         1456    i.dir_read          ff.o
    0x08002a20   0x00000066   Code   RO         1457    i.dir_register      ff.o
    0x08002a86   0x0000007e   Code   RO         1459    i.dir_seek          ff.o
    0x08002b04   0x00000004   Code   RO         1684    i.disk_initialize   diskio.o
    0x08002b08   0x00000004   Code   RO         1685    i.disk_ioctl        diskio.o
    0x08002b0c   0x0000001c   Code   RO         1686    i.disk_read         diskio.o
    0x08002b28   0x00000004   Code   RO         1687    i.disk_status       diskio.o
    0x08002b2c   0x0000001c   Code   RO         1688    i.disk_write        diskio.o
    0x08002b48   0x00000012   Code   RO         1461    i.f_close           ff.o
    0x08002b5a   0x00000002   PAD
    0x08002b5c   0x00000020   Code   RO         1465    i.f_mount           ff.o
    0x08002b7c   0x00000148   Code   RO         1466    i.f_open            ff.o
    0x08002cc4   0x0000004e   Code   RO         1467    i.f_opendir         ff.o
    0x08002d12   0x00000156   Code   RO         1468    i.f_read            ff.o
    0x08002e68   0x00000050   Code   RO         1469    i.f_readdir         ff.o
    0x08002eb8   0x000000a4   Code   RO         1472    i.f_sync            ff.o
    0x08002f5c   0x000000a4   Code   RO         1477    i.follow_path       ff.o
    0x08003000   0x00000024   Code   RO          293    i.fputc             main.o
    0x08003024   0x000000b2   Code   RO         1478    i.get_fat           ff.o
    0x080030d6   0x00000004   Code   RO         1689    i.get_fattime       diskio.o
    0x080030da   0x00000082   Code   RO         1479    i.get_fileinfo      ff.o
    0x0800315c   0x0000002c   Code   RO          294    i.main              main.o
    0x08003188   0x00000018   Code   RO         1480    i.mem_cmp           ff.o
    0x080031a0   0x00000014   Code   RO         1481    i.mem_cpy           ff.o
    0x080031b4   0x0000000e   Code   RO         1482    i.mem_set           ff.o
    0x080031c2   0x0000006a   Code   RO         1483    i.move_window       ff.o
    0x0800322c   0x00000090   Code   RO          388    i.mp3start          vs1003.o
    0x080032bc   0x000000e8   Code   RO         1484    i.put_fat           ff.o
    0x080033a4   0x00000060   Code   RO         1485    i.remove_chain      ff.o
    0x08003404   0x000000b8   Code   RO         1486    i.sync              ff.o
    0x080034bc   0x00000020   Code   RO         1487    i.validate          ff.o
    0x080034dc   0x00000004   Data   RO         1488    .constdata          ff.o
    0x080034e0   0x00000020   Data   RO         2024    Region$$Table       anon$$obj.o


    Execution Region RW_IRAM1 (Base: 0x20000000, Size: 0x00000d60, Max: 0x00010000, ABSOLUTE)

    Base Addr    Size         Type   Attr      Idx    E Section Name        Object

    0x20000000   0x00000028   Data   RW          150    .data               sdcard.o
    0x20000028   0x00000008   Data   RW          299    .data               main.o
    0x20000030   0x00000006   Data   RW          389    .data               vs1003.o
    0x20000036   0x00000014   Data   RW          646    .data               stm32f10x_rcc.o
    0x2000004a   0x00000002   PAD
    0x2000004c   0x00000008   Data   RW         1489    .data               ff.o
    0x20000054   0x00000004   Data   RW         2000    .data               stdout.o(mc_w.l)
    0x20000058   0x00000064   Zero   RW          149    .bss                sdcard.o
    0x200000bc   0x000008a4   Zero   RW          296    .bss                main.o
    0x20000960   0x00000400   Zero   RW         1390    STACK               startup_stm32f10x_hd.o


==============================================================================

Image component sizes


      Code (inc. data)   RO Data    RW Data    ZI Data      Debug   Object Name

        72          0          0          0          0       3580   diskio.o
      3744         36          4          8          0      27371   ff.o
       818        176          0          8       2212      10849   main.o
       112         10          0          0          0       1487   misc.o
      5998        244          0         40        100      25126   sdcard.o
        36          8        304          0       1024        528   startup_stm32f10x_hd.o
       130         10          0          0          0       3321   stm32f10x_dma.o
       172          0          0          0          0       2560   stm32f10x_gpio.o
        22          0          0          0          0     267084   stm32f10x_it.o
       244         40          0         20          0       5563   stm32f10x_rcc.o
       364        100          0          0          0      10503   stm32f10x_sdio.o
        98          0          0          0          0       3738   stm32f10x_spi.o
       270          6          0          0          0       4833   stm32f10x_usart.o
       208         20          0          0          0       1449   system_stm32f10x.o
       552         56          0          6          0       4145   vs1003.o

    ----------------------------------------------------------------------
     12868        706        340         84       3336     372137   Object Totals
         0          0         32          0          0          0   (incl. Generated)
        28          0          0          2          0          3   (incl. Padding)

    ----------------------------------------------------------------------

      Code (inc. data)   RO Data    RW Data    ZI Data      Debug   Library Member Name

         0          0          0          0          0          0   entry.o
         8          4          0          0          0          0   entry2.o
         4          0          0          0          0          0   entry5.o
         8          4          0          0          0          0   entry7.o
        30          0          0          0          0          0   handlers.o
        36          8          0          0          0         68   init.o
        38          0          0          0          0        108   memseta.o
       234         10          0          0          0        168   printf2.o
         0          0          0          4          0          0   stdout.o

    ----------------------------------------------------------------------
       360         26          0          4          0        344   Library Totals
         2          0          0          0          0          0   (incl. Padding)

    ----------------------------------------------------------------------

      Code (inc. data)   RO Data    RW Data    ZI Data      Debug   Library Name

       358         26          0          4          0        344   mc_w.l

    ----------------------------------------------------------------------
       360         26          0          4          0        344   Library Totals

    ----------------------------------------------------------------------

==============================================================================


      Code (inc. data)   RO Data    RW Data    ZI Data      Debug   

     13228        732        340         88       3336     366584   Grand Totals
     13228        732        340         88       3336     366584   ELF Image Totals
     13228        732        340         88          0          0   ROM Totals

==============================================================================

    Total RO  Size (Code + RO Data)                13568 (  13.25kB)
    Total RW  Size (RW Data + ZI Data)              3424 (   3.34kB)
    Total ROM Size (Code + RO Data + RW Data)      13656 (  13.34kB)

==============================================================================

